queued 0 / 600
START START0 START  1sample_mean2START 
  sample_mean3sample_mean
 
sample_mean
FINISHED 1 FINISHED sample_meanFINISHEDFINISHED 0 3  completed2 sample_mean   sample_mean 2.1e-05completed
completed  2.2e-05
sample_mean2.2e-05
 completed 2.2e-05
STARTSTART 4  5 sample_mean
sample_mean
START 6START 7  sample_mean
sample_mean
PROGRESS 4 / 600
PROGRESS 4 / 600
PROGRESS 4 / 600
PROGRESS 4 / 600
FINISHED 5 sample_mean completed 2.1e-05
FINISHED 4 sample_mean completed 2.2e-05
FINISHED 7 sample_mean completed 2.1e-05
FINISHED 6 sample_mean completed 2.4e-05
START 8 sample_mean
START 9 sample_mean
PROGRESS 8 / 600
START 10 sample_mean
START 11 sample_mean
PROGRESS 8 / 600
PROGRESS 8 / 600
PROGRESS 8 / 600
FINISHED 8 sample_mean completed 2.5e-05
FINISHED 9 sample_mean completed 2.8e-05
FINISHED 11 sample_mean completed 2.5e-05
FINISHED 10 sample_mean completed 2.9e-05
START 12 sample_mean
START 13 sample_mean
START 14 sample_mean
PROGRESS 12 / 600
PROGRESS 12 / 600
PROGRESS 12 / 600
START 15 sample_mean
PROGRESS 12 / 600
FINISHED 12 sample_mean completedFINISHED  13 sample_mean completed 2.8e-052.9e-05

FINISHED 14 sample_mean completed 2.8e-05
FINISHED 15 sample_mean completed 3.7e-05
START 16 sample_mean
START 17 sample_mean
PROGRESS 16 / 600
START 18 sample_mean
PROGRESS 16 / 600
PROGRESS 16 / 600
START 19 sample_mean
PROGRESS 16 / 600
FINISHED 16 sample_mean completed 2.3e-05
FINISHED 18 sample_mean completed 3.1e-05
FINISHED 17 sample_mean completed 2.7e-05
FINISHED 19 sample_mean completed 2.7e-05
START 20 sample_mean
PROGRESS 20 / 600
START 21 sample_mean
START 22 sample_mean
PROGRESS 20 / 600
START 23 sample_mean
PROGRESS 20 / 600
PROGRESS 20 / 600
FINISHED 20 sample_mean completed 2.3e-05
FINISHED 22 sample_mean completed 2.1e-05
FINISHED 21 sample_mean completed 2.9e-05
FINISHED 23 sample_mean completed 3.7e-05
START 24 sample_mean
PROGRESS 24 / 600
START 25 sample_mean
START 26 sample_mean
PROGRESS 24 / 600
PROGRESS 24 / 600
START 27 sample_mean
PROGRESS 24 / 600
FINISHED 24 sample_mean completed 2.2e-05
FINISHED 25 sample_mean completed 2.1e-05
FINISHED 26 sample_mean completed 2.9e-05
FINISHED 27 sample_mean completed 2.6e-05
START 28 sample_mean
START 29 sample_mean
PROGRESS 28 / 600
PROGRESS 28 / 600
START 30 sample_mean
PROGRESS 28 / 600
START 31 sample_mean
PROGRESS 28 / 600
FINISHED 28 sample_mean completed 2.3e-05
FINISHED 29 sample_mean completed 2.6e-05
FINISHED 30 sample_mean completed 2.6e-05
FINISHED 31 sample_mean completed 3.2e-05
START 32 sample_mean
START 33 sample_mean
PROGRESS 32 / 600
PROGRESS 32 / 600
START 34 sample_mean
START 35 sample_mean
PROGRESS 32 / 600
PROGRESS 32 / 600
FINISHED 33 sample_mean completed 2.1e-05
FINISHED 32 sample_mean completed 2.2e-05
FINISHED 34 sample_mean completed 2.8e-05
FINISHED 35 sample_mean completed 3.1e-05
START 36 sample_mean
START 37 sample_mean
PROGRESS 36 / 600
PROGRESS 36 / 600
STARTSTART 38 39 sample_mean
 sample_mean
PROGRESS 36 / 600
PROGRESS 36 / 600
FINISHED 36 sample_mean completed 2.6e-05
FINISHED 37 sample_mean completed 3e-05
FINISHEDFINISHED  3938 sample_mean completed  3e-05sample_mean completed 
3.4e-05
START 40 sample_mean
PROGRESS 40 / 600
START 41 sample_mean
PROGRESS 40 / 600
START 42 sample_mean
START 43 sample_mean
PROGRESS 40 / 600
PROGRESS 40 / 600
FINISHED 40 sample_mean completed 2.4e-05
FINISHED 41 sample_mean completed 2.8e-05
FINISHED 43 sample_mean completed 2.3e-05
FINISHED 42 sample_mean completed 2.8e-05
START 44 sample_mean
PROGRESS 44 / 600
START 45 sample_mean
PROGRESS 44 / 600
START 46 sample_mean
START 47 sample_mean
PROGRESS 44 / 600
PROGRESS 44 / 600
FINISHED 44 sample_mean completed 2.1e-05
FINISHED 45 sample_mean completed 3.6e-05
FINISHED 46 sample_mean completed 3e-05
FINISHED 47 sample_mean completed 3.1e-05
START 48 sample_mean
PROGRESS 48 / 600
START 49 sample_mean
PROGRESS 48 / 600
START 50 sample_mean
PROGRESS 48 / 600
START 51 sample_mean
PROGRESS 48 / 600
FINISHED 48 sample_mean completed 2.4e-05
FINISHED 49 sample_mean completed 2.8e-05
FINISHED 50 sample_mean completed 2.9e-05
FINISHED 51 sample_mean completed 3e-05
START 52 sample_mean
PROGRESS 52 / 600
START 53 sample_mean
START 54 sample_mean
START 55 sample_mean
FINISHED 52 sample_mean completed 2.3e-05
FINISHED 53 sample_mean completed 2.3e-05
FINISHED 54 sample_mean completed 2.8e-05
FINISHED 55 sample_mean completed 2.3e-05
START 56 sample_mean
START 57 sample_mean
START 58 sample_mean
START 59 sample_mean
running 56 / 600
PROGRESS 56 / 600
PROGRESS 56 / 600
PROGRESS 56 / 600
PROGRESS 56 / 600
PROGRESS 56 / 600
PROGRESS 56 / 600
PROGRESS 56 / 600
FINISHED 56 sample_mean completed 2.2e-05
START 60 sample_mean
PROGRESS 57 / 600
FINISHED 57 sample_mean completed 2.2e-05
FINISHED 59 sample_mean completed 2.6e-05
FINISHED 58 sample_mean completed 2.9e-05
START 61 sample_mean
PROGRESS 60 / 600
START 62 sample_mean
PROGRESS 60 / 600
START 63 sample_mean
PROGRESS 60 / 600
FINISHED 60 sample_mean completed 2.7e-05
START 64 sample_mean
PROGRESS 61 / 600
FINISHED 61 sample_mean completed 2.1e-05
FINISHED 62 sample_mean completed 2.9e-05
FINISHED 63 sample_mean completed 3e-05
START 65 sample_mean
PROGRESS 64 / 600
START 66 sample_mean
PROGRESS 64 / 600
START 67 sample_mean
PROGRESS 64 / 600
FINISHED 64 sample_mean completed 2.7e-05
START 68 sample_mean
PROGRESS 65 / 600
FINISHED 65 sample_mean completed 2.4e-05
FINISHED 66 sample_mean completed 3e-05
FINISHED 67 sample_mean completed 3e-05
START 69 sample_mean
PROGRESS 68 / 600
START 70 sample_mean
PROGRESS 68 / 600
START 71 sample_mean
PROGRESS 68 / 600
FINISHED 68 sample_mean completed 2.2e-05
START 72 sample_mean
PROGRESS 69 / 600
FINISHED 69 sample_mean completed 2.5e-05
FINISHED 70 sample_mean completed 2.6e-05
FINISHED 71 sample_mean completed 2.4e-05
START 73 sample_mean
PROGRESS 72 / 600
START 74 sample_mean
PROGRESS 72 / 600
START 75 sample_mean
PROGRESS 72 / 600
FINISHED 72 sample_mean completed 2.4e-05
START 76 sample_mean
PROGRESS 73 / 600
FINISHED 73 sample_mean completed 2.6e-05
START 77 sample_mean
PROGRESS 74 / 600
FINISHED 74 sample_mean completed 2.3e-05
FINISHED 75 sample_mean completed 3.2e-05
STARTSTART  7879  sample_mean
sample_mean
PROGRESS 76 / 600
PROGRESS 76 / 600
FINISHED 76 sample_mean completed 2.3e-05
START 80 sample_mean
PROGRESS 77 / 600
FINISHED 77 sample_mean completed 2.3e-05
START 81 sample_mean
PROGRESS 78 / 600
FINISHED 78 sample_mean completed 2.4e-05
FINISHED 79 sample_mean completed 2.4e-05
START 82 sample_mean
START 83 sample_mean
PROGRESS 80 / 600
PROGRESS 80 / 600
FINISHED 80 sample_mean completed 2.7e-05
START 84 sample_mean
PROGRESS 81 / 600
FINISHED 81 sample_mean completed 2.3e-05
START 85 sample_mean
PROGRESS 82 / 600
FINISHED 83 sample_mean completed 2.5e-05
FINISHED 82 sample_mean completed 2.6e-05
START 86 sample_mean
START 87 sample_mean
PROGRESS 84 / 600
PROGRESS 84 / 600
FINISHED 84 sample_mean completed 2.6e-05
START 88 sample_mean
PROGRESS 85 / 600
FINISHED 85 sample_mean completed 2.6e-05
START 89 sample_mean
PROGRESS 86 / 600
FINISHED 86 sample_mean completed 2.6e-05
FINISHED 87 sample_mean completed 2.5e-05
START 90 sample_mean
PROGRESS 88 / 600
START 91 sample_mean
PROGRESS 88 / 600
FINISHED 88 sample_mean completed 2.3e-05
START 92 sample_mean
PROGRESS 89 / 600
FINISHED 89 sample_mean completed 2.3e-05
START 93 sample_mean
PROGRESS 90 / 600
FINISHED 90 sample_mean completed 3e-05
FINISHED 91 sample_mean completed 2.5e-05
START 94 sample_mean
PROGRESS 92 / 600
START 95 sample_mean
PROGRESS 92 / 600
FINISHED 92 sample_mean completed 2.2e-05
START 96 sample_mean
PROGRESS 93 / 600
FINISHED 93 sample_mean completed 2.4e-05
START 97 sample_mean
PROGRESS 94 / 600
FINISHED 94 sample_mean completed 5.6e-05
FINISHED 95 sample_mean completed 2.7e-05
START 98 sample_mean
PROGRESS 96 / 600
START 99 sample_mean
PROGRESS 96 / 600
FINISHED 96 sample_mean completed 2.5e-05
START 0 coordinate_mom
PROGRESS 97 / 600
FINISHED 97 sample_mean completed 3.2e-05
START 1 coordinate_mom
PROGRESS 98 / 600
FINISHED 98 sample_mean completed 2.4e-05
FINISHED 99 sample_mean completed 2.7e-05
START 2 coordinate_mom
PROGRESS 100 / 600
START 3 coordinate_mom
FINISHED 0 coordinate_mom completed 0.000195
START 4 coordinate_mom
FINISHED 1 coordinate_mom completed 0.000332
START 5 coordinate_mom
FINISHED 3 coordinate_mom completed 0.000236
FINISHED 2 coordinate_mom completed 0.000289
START 6 coordinate_mom
START 7 coordinate_mom
running 104 / 600
FINISHED 4 coordinate_mom completed 0.000467
START 8 coordinate_mom
PROGRESS 105 / 600
PROGRESS 105 / 600
PROGRESS 105 / 600
FINISHED 5 coordinate_mom completed 0.000243
PROGRESS 105 / 600
PROGRESS 106 / 600
PROGRESS 106 / 600
START 9 coordinate_mom
PROGRESS 106 / 600
FINISHED 6 coordinate_mom completed 0.000194
FINISHED 7 coordinate_mom completed 0.000188
STARTSTART 10  coordinate_mom11
 coordinate_mom
PROGRESS 108 / 600
PROGRESS 108 / 600
FINISHED 8 coordinate_mom completed 0.000199
START 12 coordinate_mom
PROGRESS 109 / 600
FINISHED 9 coordinate_mom completed 0.000194
START 13 coordinate_mom
PROGRESS 110 / 600
FINISHED 11 coordinate_mom completed 0.000184
FINISHED 10 coordinate_mom completed 0.000191
START 14 coordinate_mom
START 15 coordinate_mom
PROGRESS 112 / 600
PROGRESS 112 / 600
FINISHED 12 coordinate_mom completed 0.000233
START 16 coordinate_mom
PROGRESS 113 / 600
FINISHED 13 coordinate_mom completed 0.00021
START 17 coordinate_mom
PROGRESS 114 / 600
FINISHED 14 coordinate_mom completed 0.000202
FINISHED 15 coordinate_mom completed 0.000208
START 18 coordinate_mom
PROGRESS 116 / 600
START 19 coordinate_mom
PROGRESS 116 / 600
FINISHED 16 coordinate_mom completed 0.000214
START 20 coordinate_mom
PROGRESS 117 / 600
FINISHED 17 coordinate_mom completed 0.000196
START 21 coordinate_mom
PROGRESS 118 / 600
FINISHED 18 coordinate_mom completed 0.000184
FINISHED 19 coordinate_mom completed 0.000193
STARTSTART  23 coordinate_mom
22 coordinate_mom
PROGRESS 120 / 600
PROGRESS 120 / 600
FINISHED 20 coordinate_mom completed 0.000195
START 24 coordinate_mom
PROGRESS 121 / 600
FINISHED 21 coordinate_mom completed 0.000191
START 25 coordinate_mom
PROGRESS 122 / 600
FINISHED 22 coordinate_mom completed 0.000186
FINISHED 23 coordinate_mom completed 0.000178
STARTSTART  27 coordinate_mom
26 coordinate_mom
PROGRESS 124 / 600
PROGRESS 124 / 600
FINISHED 24 coordinate_mom completed 0.000188
START 28 coordinate_mom
PROGRESS 125 / 600
FINISHED 25 coordinate_mom completed 0.000208
START 29 coordinate_mom
PROGRESS 126 / 600
FINISHED 27 coordinate_mom completed 0.000201
FINISHED 26 coordinate_mom completed 0.000193
START 30 coordinate_mom
START 31 coordinate_mom
PROGRESS 128 / 600
PROGRESS 128 / 600
FINISHED 28 coordinate_mom completed 0.000184
START 32 coordinate_mom
PROGRESS 129 / 600
FINISHED 29 coordinate_mom completed 0.000208
START 33 coordinate_mom
PROGRESS 130 / 600
FINISHED 30 coordinate_mom completed 0.000202
FINISHED 31 coordinate_mom completed 0.000221
START 34 coordinate_mom
START 35 coordinate_mom
PROGRESS 132 / 600
PROGRESS 132 / 600
FINISHED 32 coordinate_mom completed 0.000192
START 36 coordinate_mom
PROGRESS 133 / 600
FINISHED 33 coordinate_mom completed 0.000196
START 37 coordinate_mom
PROGRESS 134 / 600
FINISHED 34 coordinate_mom completed 0.000219
FINISHED 35 coordinate_mom completed 0.000245
START 38 coordinate_mom
START 39 coordinate_mom
PROGRESS 136 / 600
PROGRESS 136 / 600
FINISHED 36 coordinate_mom completed 0.000195
START 40 coordinate_mom
PROGRESS 137 / 600
FINISHED 37 coordinate_mom completed 0.000203
START 41 coordinate_mom
PROGRESS 138 / 600
FINISHED 38 coordinate_mom completed 0.000211
FINISHED 39 coordinate_mom completed 0.000205
START 42START  coordinate_mom
43 coordinate_mom
PROGRESS 140 / 600
PROGRESS 140 / 600
FINISHED 40 coordinate_mom completed 0.000184
START 44 coordinate_mom
PROGRESS 141 / 600
FINISHED 41 coordinate_mom completed 0.000199
START 45 coordinate_mom
PROGRESS 142 / 600
FINISHED 42 coordinate_mom completed 0.000213
FINISHED 43 coordinate_mom completed 0.000215
START 46 coordinate_mom
PROGRESS 144 / 600
START 47 coordinate_mom
PROGRESS 144 / 600
FINISHED 44 coordinate_mom completed 0.000183
START 48 coordinate_mom
PROGRESS 145 / 600
FINISHED 45 coordinate_mom completed 0.000192
START 49 coordinate_mom
PROGRESS 146 / 600
FINISHED 46 coordinate_mom completed 0.000199
FINISHED 47 coordinate_mom completed 0.000263
START 50 coordinate_mom
PROGRESS 148 / 600
START 51 coordinate_mom
PROGRESS 148 / 600
FINISHED 48 coordinate_mom completed 0.000199
START 52 coordinate_mom
PROGRESS 149 / 600
FINISHED 49 coordinate_mom completed 0.000206
START 53 coordinate_mom
PROGRESS 150 / 600
FINISHED 50 coordinate_mom completed 0.000204
FINISHED 51 coordinate_mom completed 0.000191
START 54 coordinate_mom
START 55 coordinate_mom
FINISHED 52 coordinate_mom completed 0.000245
START 56 coordinate_mom
FINISHED 53 coordinate_mom completed 0.000206
START 57 coordinate_mom
FINISHED 54 coordinate_mom completed 0.000181
running 154 / 600
FINISHED 55 coordinate_mom completed 0.000216
START 58 coordinate_mom
FINISHED 56 coordinate_mom completed 0.000256
START 59 coordinate_mom
PROGRESS 157 / 600
PROGRESS 157 / 600
PROGRESS 157 / 600
PROGRESS 157 / 600
PROGRESS 157 / 600
PROGRESS 157 / 600
START 60 coordinate_mom
PROGRESS 157 / 600
FINISHED 57 coordinate_mom completed 0.000202
START 61 coordinate_mom
PROGRESS 158 / 600
FINISHED 58 coordinate_mom completed 0.000191
FINISHED 59 coordinate_mom completed 0.000199
START 62 coordinate_mom
PROGRESS 160 / 600
FINISHED 60 coordinate_mom completed 0.000207
START 63 coordinate_mom
PROGRESS 161 / 600
START 64 coordinate_mom
PROGRESS 161 / 600
FINISHED 61 coordinate_mom completed 0.0002
START 65 coordinate_mom
PROGRESS 162 / 600
FINISHED 62 coordinate_mom completed 0.00021
FINISHED 63 coordinate_mom completed 0.000226
START 66 coordinate_mom
PROGRESS 164 / 600
FINISHED 64 coordinate_mom completed 0.000231
START 67 coordinate_mom
PROGRESS 165 / 600
START 68 coordinate_mom
PROGRESS 165 / 600
FINISHED 65 coordinate_mom completed 0.000204
START 69 coordinate_mom
PROGRESS 166 / 600
FINISHED 66 coordinate_mom completed 0.000193
FINISHED 67 coordinate_mom completed 0.000203
START 70 coordinate_mom
PROGRESS 168 / 600
FINISHED 68 coordinate_mom completed 0.000239
START 71 coordinate_mom
PROGRESS 169 / 600
START 72 coordinate_mom
PROGRESS 169 / 600
FINISHED 69 coordinate_mom completed 0.000222
START 73 coordinate_mom
PROGRESS 170 / 600
FINISHED 70 coordinate_mom completed 0.000209
FINISHED 71 coordinate_mom completed 0.000239
START 74 coordinate_mom
PROGRESS 172 / 600
FINISHED 72 coordinate_mom completed 0.000226
START 75 coordinate_mom
PROGRESS 173 / 600
START 76 coordinate_mom
PROGRESS 173 / 600
FINISHED 73 coordinate_mom completed 0.000195
START 77 coordinate_mom
PROGRESS 174 / 600
FINISHED 74 coordinate_mom completed 0.000199
FINISHED 75 coordinate_mom completed 0.000207
START 78 coordinate_mom
PROGRESS 176 / 600
FINISHED 76 coordinate_mom completed 0.0002
START 79 coordinate_mom
PROGRESS 177 / 600
START 80 coordinate_mom
PROGRESS 177 / 600
FINISHED 77 coordinate_mom completed 0.000218
START 81 coordinate_mom
PROGRESS 178 / 600
FINISHED 78 coordinate_mom completed 0.000192
START 82 coordinate_mom
FINISHED 79 coordinate_mom completed 0.000225
PROGRESS 180 / 600
FINISHED 80 coordinate_mom completed 0.000201
START 83 coordinate_mom
PROGRESS 181 / 600
START 84 coordinate_mom
PROGRESS 181 / 600
FINISHED 81 coordinate_mom completed 0.000259
START 85 coordinate_mom
PROGRESS 182 / 600
FINISHED 82 coordinate_mom completed 0.000195
START 86 coordinate_mom
PROGRESS 183 / 600
FINISHED 83 coordinate_mom completed 0.000198
FINISHED 84 coordinate_mom completed 0.000199
START 87 coordinate_mom
PROGRESS 185 / 600
START 88 coordinate_mom
PROGRESS 185 / 600
FINISHED 85 coordinate_mom completed 0.000219
START 89 coordinate_mom
PROGRESS 186 / 600
FINISHED 86 coordinate_mom completed 0.000241
START 90 coordinate_mom
PROGRESS 187 / 600
FINISHED 87 coordinate_mom completed 0.000199
START 91 coordinate_mom
PROGRESS 188 / 600
FINISHED 88 coordinate_mom completed 0.000188
START 92 coordinate_mom
PROGRESS 189 / 600
FINISHED 89 coordinate_mom completed 0.000197
START 93 coordinate_mom
PROGRESS 190 / 600
FINISHED 90 coordinate_mom completed 0.000198
START 94 coordinate_mom
PROGRESS 191 / 600
FINISHED 91 coordinate_mom completed 0.000188
START 95 coordinate_mom
FINISHED 92 coordinate_mom completed 0.000193
PROGRESS 193 / 600
START 96 coordinate_mom
PROGRESS 193 / 600
FINISHED 93 coordinate_mom completed 0.0002
START 97 coordinate_mom
PROGRESS 194 / 600
FINISHED 94 coordinate_mom completed 0.000182
START 98 coordinate_mom
PROGRESS 195 / 600
FINISHED 95 coordinate_mom completed 0.000193
START 99 coordinate_mom
PROGRESS 196 / 600
FINISHED 96 coordinate_mom completed 0.000192
START 0 geometric_mom
PROGRESS 197 / 600
FINISHED 97 coordinate_mom completed 0.000198
START 1 geometric_mom
PROGRESS 198 / 600
FINISHED 98 coordinate_mom completed 0.000193
START 2 geometric_mom
PROGRESS 199 / 600
FINISHED 99 coordinate_mom completed 0.000219
START 3 geometric_mom
PROGRESS 200 / 600
FINISHED 0 geometric_mom completed 0.000887
FINISHED 1 geometric_mom completed 0.000946
START 4 geometric_mom
START 5 geometric_mom
FINISHED 2 geometric_mom completed 0.000913
FINISHED 3 geometric_mom completed 0.001195
START 6 geometric_mom
START 7 geometric_mom
FINISHED 4 geometric_mom completed 0.001527
FINISHED 5 geometric_mom completed 0.003538
START 8 geometric_mom
START 9 geometric_mom
running 206 / 600
PROGRESS 206 / 600
PROGRESS 206 / 600
PROGRESS 206 / 600
PROGRESS 206 / 600
PROGRESS 206 / 600
PROGRESS 206 / 600
FINISHED 6 geometric_mom completed 0.00141
START 10 geometric_mom
FINISHED 7 geometric_mom completed 0.002443
PROGRESS 207 / 600
START 11 geometric_mom
PROGRESS 208 / 600
FINISHED 8 geometric_mom completed 0.001052
FINISHED 9 geometric_mom completed 0.000997
START 12 geometric_mom
PROGRESS 210 / 600
START 13 geometric_mom
PROGRESS 210 / 600
FINISHED 10 geometric_mom completed 0.001035
STARTFINISHED 11 geometric_mom completed 0.000816
 14 geometric_mom
PROGRESS 212 / 600
START 15 geometric_mom
PROGRESS 212 / 600
FINISHED 12 geometric_mom completed 0.001003
FINISHED 13 geometric_mom completed 0.000813
START 16 geometric_mom
PROGRESS 214 / 600
START 17 geometric_mom
PROGRESS 214 / 600
FINISHED 14 geometric_mom completed 0.001142
START 18 geometric_mom
FINISHED 15 geometric_mom completed 0.001026
PROGRESS 215 / 600
START 19 geometric_mom
PROGRESS 216 / 600
FINISHED 16 geometric_mom completed 0.000857
FINISHED 17 geometric_mom completed 0.000954
START 20 geometric_mom
PROGRESS 218 / 600
START 21 geometric_mom
PROGRESS 218 / 600
FINISHED 18 geometric_mom completed 0.001001
START 22 geometric_mom
PROGRESS 219 / 600
FINISHED 19 geometric_mom completed 0.001289
START 23 geometric_mom
PROGRESS 220 / 600
FINISHED 20 geometric_mom completed 0.000787
FINISHED 21 geometric_mom completed 0.001239
START 24 geometric_mom
PROGRESS 222 / 600
START 25 geometric_mom
PROGRESS 222 / 600
FINISHED 22 geometric_mom completed 0.001512
START 26 geometric_mom
FINISHED 23 geometric_mom completed 0.001075
PROGRESS 224 / 600
START 27 geometric_mom
PROGRESS 224 / 600
FINISHED 24 geometric_mom completed 0.001378
START 28 geometric_mom
FINISHED 25 geometric_mom completed 0.000971
PROGRESS 226 / 600
START 29 geometric_mom
PROGRESS 226 / 600
FINISHED 26 geometric_mom completed 0.000856
START 30 geometric_mom
FINISHED 27 geometric_mom completed 0.000975
PROGRESS 228 / 600
START 31 geometric_mom
PROGRESS 228 / 600
FINISHED 28 geometric_mom completed 0.001054
FINISHED 29 geometric_mom completed 0.00101
START 32 geometric_mom
PROGRESS 230 / 600
START 33 geometric_mom
PROGRESS 230 / 600
FINISHED 30 geometric_mom completed 0.001344
START 34 geometric_mom
FINISHED 31 geometric_mom completed 0.000972
PROGRESS 232 / 600
START 35 geometric_mom
PROGRESS 232 / 600
FINISHED 32 geometric_mom completed 0.001154
FINISHED 33 geometric_mom completed 0.000767
START 36 geometric_mom
PROGRESS 234 / 600
START 37 geometric_mom
PROGRESS 234 / 600
FINISHED 34 geometric_mom completed 0.001569
FINISHED 35 geometric_mom completed 0.001099
START 38 geometric_mom
PROGRESS 236 / 600
START 39 geometric_mom
PROGRESS 236 / 600
FINISHED 36 geometric_mom completed 0.000809
FINISHED 37 geometric_mom completed 0.000957
START 40 geometric_mom
PROGRESS 238 / 600
START 41 geometric_mom
PROGRESS 238 / 600
FINISHED 38 geometric_mom completed 0.001518
FINISHED 39 geometric_mom completed 0.001048
START 42 geometric_mom
PROGRESS 240 / 600
START 43 geometric_mom
PROGRESS 240 / 600
FINISHED 40 geometric_mom completed 0.000758
START 44 geometric_mom
FINISHED 41 geometric_mom completed 0.000941
PROGRESS 242 / 600
START 45 geometric_mom
PROGRESS 242 / 600
FINISHED 42 geometric_mom completed 0.001141
FINISHED 43 geometric_mom completed 0.001024
START 46 geometric_mom
PROGRESS 244 / 600
START 47 geometric_mom
PROGRESS 244 / 600
FINISHED 44 geometric_mom completed 0.001345
START 48 geometric_mom
FINISHED 45 geometric_mom completed 0.000862
PROGRESS 245 / 600
START 49 geometric_mom
PROGRESS 246 / 600
FINISHED 46 geometric_mom completed 0.00078
START 50 geometric_mom
FINISHED 47 geometric_mom completed 0.001062
PROGRESS 248 / 600
START 51 geometric_mom
PROGRESS 248 / 600
FINISHED 48 geometric_mom completed 0.001318
START 52 geometric_mom
FINISHED 49 geometric_mom completed 0.001354
PROGRESS 250 / 600
START 53 geometric_mom
FINISHED 50 geometric_mom completed 0.000732
FINISHED 51 geometric_mom completed 0.000819
START 54 geometric_mom
START 55 geometric_mom
FINISHED 52 geometric_mom completed 0.000935
START 56 geometric_mom
FINISHED 53 geometric_mom completed 0.001135
START 57 geometric_mom
running 254 / 600
FINISHED 54 geometric_mom completed 0.001348
FINISHED 55 geometric_mom completed 0.001179
PROGRESS 256 / 600
PROGRESS 256 / 600
PROGRESS 256 / 600
PROGRESS 256 / 600
START 58 geometric_mom
PROGRESS 256 / 600
START 59 geometric_mom
PROGRESS 256 / 600
PROGRESS 256 / 600
FINISHED 56 geometric_mom completed 0.000781
START 60 geometric_mom
PROGRESS 257 / 600
FINISHED 57 geometric_mom completed 0.001024
START 61 geometric_mom
PROGRESS 258 / 600
FINISHED 58 geometric_mom completed 0.000839
FINISHED 59 geometric_mom completed 0.000945
START 62 geometric_mom
PROGRESS 260 / 600
START 63 geometric_mom
PROGRESS 260 / 600
FINISHED 60 geometric_mom completed 0.00098
START 64 geometric_mom
PROGRESS 261 / 600
FINISHED 61 geometric_mom completed 0.00093
START 65 geometric_mom
PROGRESS 262 / 600
FINISHED 62 geometric_mom completed 0.001127
FINISHED 63 geometric_mom completed 0.001217
START 66 geometric_mom
PROGRESS 264 / 600
START 67 geometric_mom
PROGRESS 264 / 600
FINISHED 64 geometric_mom completed 0.000878
START 68 geometric_mom
PROGRESS 265 / 600
FINISHED 65 geometric_mom completed 0.001883
START 69 geometric_mom
PROGRESS 266 / 600
FINISHED 66 geometric_mom completed 0.001269
FINISHED 67 geometric_mom completed 0.001131
START 70 geometric_mom
PROGRESS 268 / 600
START 71 geometric_mom
PROGRESS 268 / 600
FINISHED 68 geometric_mom completed 0.001255
START 72 geometric_mom
PROGRESS 269 / 600
FINISHED 69 geometric_mom completed 0.000978
START 73 geometric_mom
PROGRESS 270 / 600
FINISHED 70 geometric_mom completed 0.000832
START 74 geometric_mom
FINISHED 71 geometric_mom completed 0.00118
PROGRESS 272 / 600
START 75 geometric_mom
PROGRESS 272 / 600
FINISHED 72 geometric_mom completed 0.000818
START 76 geometric_mom
PROGRESS 273 / 600
FINISHED 73 geometric_mom completed 0.000964
START 77 geometric_mom
PROGRESS 274 / 600
FINISHED 74 geometric_mom completed 0.000746
START 78 geometric_mom
FINISHED 75 geometric_mom completed 0.001066
PROGRESS 276 / 600
START 79 geometric_mom
PROGRESS 276 / 600
FINISHED 76 geometric_mom completed 0.001219
START 80 geometric_mom
PROGRESS 277 / 600
FINISHED 77 geometric_mom completed 0.001099
START 81 geometric_mom
PROGRESS 278 / 600
FINISHED 78 geometric_mom completed 0.000822
START 82 geometric_mom
FINISHED 79 geometric_mom completed 0.000953
PROGRESS 280 / 600
START 83 geometric_mom
PROGRESS 280 / 600
FINISHED 80 geometric_mom completed 0.001013
START 84 geometric_mom
PROGRESS 281 / 600
FINISHED 81 geometric_mom completed 0.00096
START 85 geometric_mom
PROGRESS 282 / 600
FINISHED 82 geometric_mom completed 0.00115
START 86 geometric_mom
FINISHED 83 geometric_mom completed 0.001051
PROGRESS 283 / 600
START 87 geometric_mom
PROGRESS 284 / 600
FINISHED 84 geometric_mom completed 0.001141
START 88 geometric_mom
FINISHED 85 geometric_mom completed 0.000919
PROGRESS 285 / 600
START 89 geometric_mom
PROGRESS 286 / 600
FINISHED 86 geometric_mom completed 0.001764
FINISHED 87 geometric_mom completed 0.00137
START 90 geometric_mom
PROGRESS 288 / 600
START 91 geometric_mom
PROGRESS 288 / 600
FINISHED 88 geometric_mom completed 0.001547
START 92 geometric_mom
FINISHED 89 geometric_mom completed 0.001379
PROGRESS 289 / 600
START 93 geometric_mom
PROGRESS 290 / 600
FINISHED 90 geometric_mom completed 0.000986
FINISHED 91 geometric_mom completed 0.001122
START 94 geometric_mom
PROGRESS 292 / 600
START 95 geometric_mom
PROGRESS 292 / 600
FINISHED 92 geometric_mom completed 0.001216
FINISHED 93 geometric_mom completed 0.001002
START 96 geometric_mom
PROGRESS 294 / 600
START 97 geometric_mom
PROGRESS 294 / 600
FINISHED 94 geometric_mom completed 0.00092
FINISHED 95 geometric_mom completed 0.000843
START 98 geometric_mom
PROGRESS 296 / 600
START 99 geometric_mom
PROGRESS 296 / 600
FINISHED 96 geometric_mom completed 0.001592
START 0 algorithm_1
FINISHED 97 geometric_mom completed 0.000954
PROGRESS 298 / 600
START 1 algorithm_1
PROGRESS 298 / 600
FINISHED 98 geometric_mom completed 0.000891
FINISHED 99 geometric_mom completed 0.00102
START 2 algorithm_1
PROGRESS 300 / 600
START 3 algorithm_1
FINISHED 2 algorithm_1 completed 0.090453
START 4 algorithm_1
FINISHED 1 algorithm_1 completed 0.48175
START 5 algorithm_1
FINISHED 0 algorithm_1 completed 0.717654
running 302 / 600
START 6 algorithm_1
PROGRESS 303 / 600
PROGRESS 303 / 600
PROGRESS 303 / 600
PROGRESS 303 / 600
FINISHED 3 algorithm_1 completed 0.578725
START 7 algorithm_1
PROGRESS 304 / 600
FINISHED 4 algorithm_1 completed 0.270885
START 8 algorithm_1
PROGRESS 305 / 600
FINISHED 5 algorithm_1 completed 0.319151
START 9 algorithm_1
PROGRESS 306 / 600
FINISHED 6 algorithm_1 completed 0.261866
START 10 algorithm_1
PROGRESS 307 / 600
FINISHED 7 algorithm_1 completed 0.257289
START 11 algorithm_1
PROGRESS 308 / 600
FINISHED 8 algorithm_1 completed 0.304703
FINISHED 10 algorithm_1 completed 0.126633
START 12 algorithm_1
PROGRESS 310 / 600
START 13 algorithm_1
FINISHED 9 algorithm_1 completed 0.329694
PROGRESS 310 / 600
START 14 algorithm_1
PROGRESS 311 / 600
FINISHED 11 algorithm_1 completed 0.130267
START 15 algorithm_1
PROGRESS 312 / 600
FINISHED 12 algorithm_1 completed 0.36013
START 16 algorithm_1
PROGRESS 313 / 600
FINISHED 13 algorithm_1 completed 0.462763
START 17 algorithm_1
PROGRESS 314 / 600
FINISHED 15 algorithm_1 completed 0.278539
START 18 algorithm_1
PROGRESS 315 / 600
FINISHED 14 algorithm_1 completed 0.709755
START 19 algorithm_1
PROGRESS 316 / 600
FINISHED 16 algorithm_1 completed 0.244697
START 20 algorithm_1
PROGRESS 317 / 600
FINISHED 19 algorithm_1 completed 0.152383
FINISHED 17 algorithm_1 completed 0.501406
START 21 algorithm_1
PROGRESS 319 / 600
START 22 algorithm_1
PROGRESS 319 / 600
FINISHED 18 algorithm_1 completed 0.502334
START 23 algorithm_1
PROGRESS 320 / 600
FINISHED 21 algorithm_1 completed 0.102035
FINISHED 20 algorithm_1 completed 0.549569
START 24 algorithm_1
PROGRESS 322 / 600
START 25 algorithm_1
PROGRESS 322 / 600
FINISHED 22 algorithm_1 completed 0.256785
START 26 algorithm_1
PROGRESS 323 / 600
FINISHED 23 algorithm_1 completed 0.307415
START 27 algorithm_1
PROGRESS 324 / 600
FINISHED 24 algorithm_1 completed 0.163841
START 28 algorithm_1
PROGRESS 325 / 600
FINISHED 25 algorithm_1 completed 0.223425
START 29 algorithm_1
PROGRESS 326 / 600
FINISHED 26 algorithm_1 completed 0.300865
FINISHED 27 algorithm_1 completed 0.18503
START 30 algorithm_1
PROGRESS 328 / 600
START 31 algorithm_1
PROGRESS 328 / 600
FINISHED 29 algorithm_1 completed 0.355485
START 32 algorithm_1
PROGRESS 329 / 600
FINISHED 30 algorithm_1 completed 0.302281
START 33 algorithm_1
FINISHED 28 algorithm_1 completed 0.684611
PROGRESS 331 / 600
START 34 algorithm_1
PROGRESS 331 / 600
FINISHED 31 algorithm_1 completed 0.456759
START 35 algorithm_1
PROGRESS 332 / 600
FINISHED 32 algorithm_1 completed 0.286803
START 36 algorithm_1
PROGRESS 333 / 600
FINISHED 35 algorithm_1 completed 0.101697
START 37 algorithm_1
PROGRESS 334 / 600
FINISHED 34 algorithm_1 completed 0.443582
START 38 algorithm_1
PROGRESS 335 / 600
FINISHED 33 algorithm_1 completed 0.725294
START 39 algorithm_1
PROGRESS 336 / 600
FINISHED 36 algorithm_1 completed 0.248838
START 40 algorithm_1
PROGRESS 337 / 600
FINISHED 38 algorithm_1 completed 0.135406
START 41 algorithm_1
PROGRESS 338 / 600
FINISHED 37 algorithm_1 completed 0.534857
START 42 algorithm_1
PROGRESS 339 / 600
FINISHED 39 algorithm_1 completed 0.235239
START 43 algorithm_1
PROGRESS 340 / 600
FINISHED 40 algorithm_1 completed 0.191234
START 44 algorithm_1
PROGRESS 341 / 600
FINISHED 42 algorithm_1 completed 0.194438
FINISHED 41 algorithm_1 completed 0.408213
START 45 algorithm_1
PROGRESS 343 / 600
START 46 algorithm_1
PROGRESS 343 / 600
FINISHED 43 algorithm_1 completed 0.258533
START 47 algorithm_1
PROGRESS 344 / 600
FINISHED 44 algorithm_1 completed 0.310101
START 48 algorithm_1
PROGRESS 345 / 600
FINISHED 45 algorithm_1 completed 0.397457
FINISHED 46 algorithm_1 completed 0.360482
START 49 algorithm_1
START 50 algorithm_1
PROGRESS 347 / 600
PROGRESS 347 / 600
FINISHED 48 algorithm_1 completed 0.176168
START 51 algorithm_1
PROGRESS 348 / 600
FINISHED 47 algorithm_1 completed 0.703478
START 52 algorithm_1
PROGRESS 349 / 600
FINISHED 49 algorithm_1 completed 0.28059
START 53 algorithm_1
PROGRESS 350 / 600
FINISHED 51 algorithm_1 completed 0.415736
START 54 algorithm_1
FINISHED 50 algorithm_1 completed 1.106807
FINISHED 52 algorithm_1 completed 0.601218
START 55 algorithm_1
START 56 algorithm_1
running 353 / 600
PROGRESS 353 / 600
PROGRESS 353 / 600
PROGRESS 353 / 600
FINISHED 53 algorithm_1 completed 0.651356
START 57 algorithm_1
PROGRESS 354 / 600
FINISHED 54 algorithm_1 completed 0.419533
START 58 algorithm_1
PROGRESS 355 / 600
FINISHED 55 algorithm_1 completed 0.319585
FINISHED 56 algorithm_1 completed 0.373225
START 59 algorithm_1
PROGRESS 357 / 600
START 60 algorithm_1
PROGRESS 357 / 600
FINISHED 57 algorithm_1 completed 0.263724
START 61 algorithm_1
PROGRESS 358 / 600
FINISHED 58 algorithm_1 completed 0.459944
START 62 algorithm_1
PROGRESS 359 / 600
FINISHED 60 algorithm_1 completed 0.248196
FINISHED 59 algorithm_1 completed 0.309126
START 63 algorithm_1
START 64 algorithm_1
PROGRESS 361 / 600
PROGRESS 361 / 600
FINISHED 62 algorithm_1 completed 0.138497
START 65 algorithm_1
PROGRESS 362 / 600
FINISHED 61 algorithm_1 completed 0.762827
START 66 algorithm_1
PROGRESS 363 / 600
FINISHED 63 algorithm_1 completed 0.344171
START 67 algorithm_1
PROGRESS 364 / 600
FINISHED 64 algorithm_1 completed 0.501509
START 68 algorithm_1
PROGRESS 365 / 600
FINISHED 65 algorithm_1 completed 0.204899
START 69 algorithm_1
PROGRESS 366 / 600
FINISHED 66 algorithm_1 completed 0.271815
START 70 algorithm_1
PROGRESS 367 / 600
FINISHED 67 algorithm_1 completed 0.292241
START 71 algorithm_1
PROGRESS 368 / 600
FINISHED 68 algorithm_1 completed 0.296423
START 72 algorithm_1
PROGRESS 369 / 600
FINISHED 69 algorithm_1 completed 0.307527
START 73 algorithm_1
PROGRESS 370 / 600
FINISHED 71 algorithm_1 completed 0.124182
START 74 algorithm_1
PROGRESS 371 / 600
FINISHED 70 algorithm_1 completed 0.427508
START 75 algorithm_1
PROGRESS 372 / 600
FINISHED 72 algorithm_1 completed 0.603267
START 76 algorithm_1
PROGRESS 373 / 600
FINISHED 75 algorithm_1 completed 0.228592
START 77 algorithm_1
FINISHED 73 algorithm_1 completed 0.703266
PROGRESS 374 / 600
START 78 algorithm_1
PROGRESS 375 / 600
FINISHED 76 algorithm_1 completed 0.32097
START 79 algorithm_1
PROGRESS 376 / 600
FINISHED 74 algorithm_1 completed 1.101355
START 80 algorithm_1
PROGRESS 377 / 600
FINISHED 77 algorithm_1 completed 0.329633
FINISHED 78 algorithm_1 completed 0.248718
START 81 algorithm_1
PROGRESS 379 / 600
START 82 algorithm_1
PROGRESS 379 / 600
FINISHED 79 algorithm_1 completed 0.421255
FINISHED 81 algorithm_1 completed 0.14991
START 83 algorithm_1
START 84 algorithm_1
PROGRESS 381 / 600
PROGRESS 381 / 600
FINISHED 80 algorithm_1 completed 0.64393
START 85 algorithm_1
PROGRESS 382 / 600
FINISHED 82 algorithm_1 completed 0.514279
START 86 algorithm_1
PROGRESS 383 / 600
FINISHED 84 algorithm_1 completed 0.168884
FINISHED 83 algorithm_1 completed 0.201118
START 87 algorithm_1
PROGRESS 385 / 600
START 88 algorithm_1
PROGRESS 385 / 600
FINISHED 86 algorithm_1 completed 0.12569
START 89 algorithm_1
PROGRESS 386 / 600
FINISHED 85 algorithm_1 completed 0.366198
START 90 algorithm_1
PROGRESS 387 / 600
FINISHED 88 algorithm_1 completed 0.163954
START 91 algorithm_1
FINISHED 87 algorithm_1 completed 0.285073
PROGRESS 388 / 600
START 92 algorithm_1
PROGRESS 389 / 600
FINISHED 89 algorithm_1 completed 0.202507
START 93 algorithm_1
PROGRESS 390 / 600
FINISHED 90 algorithm_1 completed 0.32039
START 94 algorithm_1
PROGRESS 391 / 600
FINISHED 91 algorithm_1 completed 0.305475
START 95 algorithm_1
PROGRESS 392 / 600
FINISHED 92 algorithm_1 completed 0.436266
START 96 algorithm_1
PROGRESS 393 / 600
FINISHED 93 algorithm_1 completed 0.472769
START 97 algorithm_1
PROGRESS 394 / 600
FINISHED 94 algorithm_1 completed 0.44851
START 98 algorithm_1
PROGRESS 395 / 600
FINISHED 96 algorithm_1 completed 0.304879
START 99 algorithm_1
PROGRESS 396 / 600
FINISHED 97 algorithm_1 completed 0.315131
START 0 random_block_selection
PROGRESS 397 / 600
FINISHED 95 algorithm_1 completed 0.921395
START 1 random_block_selection
PROGRESS 398 / 600
FINISHED 98 algorithm_1 completed 0.443118
START 2 random_block_selection
PROGRESS 399 / 600
FINISHED 99 algorithm_1 completed 0.198652
START 3 random_block_selection
PROGRESS 400 / 600
FINISHED 0 random_block_selection completed 0.233589
START 4 random_block_selection
FINISHED 1 random_block_selection completed 0.37506
FINISHED 2 random_block_selection completed 0.126487
START 5 random_block_selection
START 6 random_block_selection
FINISHED 3 random_block_selection completed 0.127474
START 7 random_block_selection
running 404 / 600
PROGRESS 404 / 600
PROGRESS 404 / 600
PROGRESS 404 / 600
PROGRESS 404 / 600
FINISHED 6 random_block_selection completed 0.110644
FINISHED 4 random_block_selection completed 0.434203
START 8 random_block_selection
PROGRESS 406 / 600
START 9 random_block_selection
PROGRESS 406 / 600
FINISHED 5 random_block_selection completed 0.335425
FINISHED 7 random_block_selection completed 0.199418
START 10 random_block_selection
START 11 random_block_selection
PROGRESS 408 / 600
PROGRESS 408 / 600
FINISHED 8 random_block_selection completed 0.416703
FINISHED 11 random_block_selection completed 0.273289
START 12 random_block_selection
PROGRESS 410 / 600
START 13 random_block_selection
FINISHED 10 random_block_selection completed 0.368656
PROGRESS 410 / 600
FINISHED 9 random_block_selection completed 0.554443
START 14 random_block_selection
PROGRESS 412 / 600
START 15 random_block_selection
PROGRESS 412 / 600
FINISHED 13 random_block_selection completed 0.253677
START 16 random_block_selection
PROGRESS 413 / 600
FINISHED 15 random_block_selection completed 0.219592
START 17 random_block_selection
PROGRESS 414 / 600
FINISHED 12 random_block_selection completed 0.517351
START 18 random_block_selection
PROGRESS 415 / 600
FINISHED 14 random_block_selection completed 0.834222
START 19 random_block_selection
PROGRESS 416 / 600
FINISHED 17 random_block_selection completed 0.308591
FINISHED 16 random_block_selection completed 0.404505
FINISHED 18 random_block_selection completed 0.210252
START 20 random_block_selection
START 21 PROGRESSrandom_block_selection
 419 / 600
START 22 random_block_selection
PROGRESS 419 / 600
PROGRESS 419 / 600
FINISHED 19 random_block_selection completed 0.251475
START 23 random_block_selection
PROGRESS 420 / 600
FINISHED 22 random_block_selection completed 0.177694
START 24 random_block_selection
PROGRESS 421 / 600
FINISHED 21 random_block_selection completed 0.427149
START 25 random_block_selection
PROGRESS 422 / 600
FINISHED 20 random_block_selection completed 0.703175
FINISHED 23 random_block_selection completed 0.215686
START 26 random_block_selection
START 27 random_block_selection
PROGRESS 424 / 600
PROGRESS 424 / 600
FINISHED 24 random_block_selection completed 0.263797
START 28 random_block_selection
PROGRESS 425 / 600
FINISHED 25 random_block_selection completed 0.358961
START 29 random_block_selection
PROGRESS 426 / 600
FINISHED 27 random_block_selection completed 0.213174
FINISHED 26 random_block_selection completed 0.276466
START 30 random_block_selection
PROGRESS 428 / 600
START 31 random_block_selection
PROGRESS 428 / 600
FINISHED 29 random_block_selection completed 0.371939
START 32 random_block_selection
PROGRESS 429 / 600
FINISHED 28 random_block_selection completed 0.934328
FINISHED 31 random_block_selection completed 0.407771
FINISHED 30 random_block_selection completed 0.527887
START 33 random_block_selection
START 34 random_block_selection
PROGRESS 432 / 600
PROGRESS 432 / 600
START 35 random_block_selection
PROGRESS 432 / 600
FINISHED 32 random_block_selection completed 0.359072
FINISHED 35 random_block_selection completed 0.085214
START 36 random_block_selection
PROGRESS 434 / 600
FINISHED 34 random_block_selection completed 0.181199
START 37 random_block_selection
PROGRESS 435 / 600
START 38 random_block_selection
PROGRESS 435 / 600
FINISHED 33 random_block_selection completed 0.468669
START 39 random_block_selection
PROGRESS 436 / 600
FINISHED 38 random_block_selection completed 0.101547
START 40 random_block_selection
PROGRESS 437 / 600
FINISHED 37 random_block_selection completed 0.408841
FINISHED 36 random_block_selection completed 0.480323
START 41 random_block_selection
PROGRESS 439 / 600
START 42 random_block_selection
PROGRESS 439 / 600
FINISHED 39 random_block_selection completed 0.233726
START 43 random_block_selection
PROGRESS 440 / 600
FINISHED 40 random_block_selection completed 0.176138
START 44 random_block_selection
PROGRESS 441 / 600
FINISHED 42 random_block_selection completed 0.137461
START 45 random_block_selection
PROGRESS 442 / 600
FINISHED 41 random_block_selection completed 0.303842
FINISHED 43 random_block_selection completed 0.163851
START 46 random_block_selection
START 47 random_block_selection
PROGRESS 444 / 600
PROGRESS 444 / 600
FINISHED 45 random_block_selection completed 0.229255
FINISHED 44 random_block_selection completed 0.479427
START 48 random_block_selection
START 49 random_block_selection
PROGRESS 446 / 600
PROGRESS 446 / 600
FINISHED 47 random_block_selection completed 0.24255
FINISHED 46 random_block_selection completed 0.289125
START 50 random_block_selection
PROGRESS 448 / 600
START 51 random_block_selection
PROGRESS 448 / 600
FINISHED 48 random_block_selection completed 0.418018
FINISHED 49 random_block_selection completed 0.466964
START 52 random_block_selection
PROGRESS 450 / 600
START 53 random_block_selection
FINISHED 50 random_block_selection completed 0.47178
START 54 random_block_selection
FINISHED 51 random_block_selection completed 0.51221
START 55 random_block_selection
FINISHED 52 random_block_selection completed 0.370991
running 452 / 600
START 56 random_block_selection
FINISHED 54 random_block_selection completed 0.289612
START 57 random_block_selection
PROGRESS 454 / 600
PROGRESS 454 / 600
PROGRESS 454 / 600
PROGRESS 454 / 600
FINISHED 55 random_block_selection completed 0.465966
PROGRESS 454 / 600
START 58 random_block_selection
PROGRESS 455 / 600
FINISHED 53 random_block_selection completed 0.922353
START 59 random_block_selection
PROGRESS 456 / 600
FINISHED 56 random_block_selection completed 0.2384
FINISHED 57 random_block_selection completed 0.190304
START 60 random_block_selection
PROGRESS 458 / 600
START 61 random_block_selection
PROGRESS 458 / 600
FINISHED 58 random_block_selection completed 0.209088
START 62 random_block_selection
PROGRESS 459 / 600
FINISHED 59 random_block_selection completed 0.305739
START 63 random_block_selection
PROGRESS 460 / 600
FINISHED 60 random_block_selection completed 0.136573
START 64 random_block_selection
PROGRESS 461 / 600
FINISHED 62 random_block_selection completed 0.126759
FINISHED 61 random_block_selection completed 0.361709
START 65 random_block_selection
START 66 random_block_selection
PROGRESS 463 / 600
PROGRESS 463 / 600
FINISHED 63 random_block_selection completed 0.460885
START 67 random_block_selection
PROGRESS 464 / 600
FINISHED 65 random_block_selection completed 0.14496
START 68 random_block_selection
PROGRESS 465 / 600
FINISHED 66 random_block_selection completed 0.318872
FINISHED 64 random_block_selection completed 0.675438
START 69 random_block_selection
PROGRESS 467 / 600
START 70 random_block_selection
PROGRESS 467 / 600
FINISHED 67 random_block_selection completed 0.090133
START 71 random_block_selection
PROGRESS 468 / 600
FINISHED 68 random_block_selection completed 0.299199
START 72 random_block_selection
FINISHED 69 random_block_selection completed 0.186301
PROGRESS 469 / 600
START 73 random_block_selection
PROGRESS 470 / 600
FINISHED 71 random_block_selection completed 0.178492
START 74 random_block_selection
PROGRESS 471 / 600
FINISHED 70 random_block_selection completed 0.774473
START 75 random_block_selection
PROGRESS 472 / 600
FINISHED 72 random_block_selection completed 0.295276
START 76 random_block_selection
PROGRESS 473 / 600
FINISHED 73 random_block_selection completed 0.382988
START 77 random_block_selection
PROGRESS 474 / 600
FINISHED 76 random_block_selection completed 0.128989
FINISHED 75 random_block_selection completed 0.307277
FINISHED 74 random_block_selection completed 0.583902
START 78 random_block_selection
PROGRESS 477 / 600
STARTSTART 79 random_block_selection 
80 random_block_selection
PROGRESS 477 / 600
PROGRESS 477 / 600
FINISHED 77 random_block_selection completed 0.187601
START 81 random_block_selection
PROGRESS 478 / 600
FINISHED 78 random_block_selection completed 0.088787
START 82 random_block_selection
PROGRESS 479 / 600
FINISHED 80 random_block_selection completed 0.492355
FINISHED 81 random_block_selection completed 0.315491
FINISHED 79 random_block_selection completed 0.539776
START 83 random_block_selection
PROGRESSSTART 84 482 / random_block_selection
 600
START 85 random_block_selection
PROGRESS 482 / 600
PROGRESS 482 / 600
FINISHED 82 random_block_selection completed 0.178468
START 86 random_block_selection
PROGRESS 483 / 600
FINISHED 83 random_block_selection completed 0.134497
START 87 random_block_selection
PROGRESS 484 / 600
FINISHED 84 random_block_selection completed 0.20528
START 88 random_block_selection
PROGRESS 485 / 600
FINISHED 85 random_block_selection completed 0.358154
START 89 random_block_selection
PROGRESS 486 / 600
FINISHED 86 random_block_selection completed 0.271373
START 90 random_block_selection
PROGRESS 487 / 600
FINISHED 87 random_block_selection completed 0.165164
START 91 random_block_selection
PROGRESS 488 / 600
FINISHED 88 random_block_selection completed 0.499572
START 92 random_block_selection
FINISHED 90 random_block_selection completed 0.173988
PROGRESS 490 / 600
START 93 random_block_selection
FINISHED 89 random_block_selection completed 0.461864
PROGRESS 491 / 600
START 94 random_block_selection
PROGRESS 491 / 600
FINISHED 91 random_block_selection completed 0.198719
START 95 random_block_selection
PROGRESS 492 / 600
FINISHED 92 random_block_selection completed 0.209507
START 96 random_block_selection
PROGRESS 493 / 600
FINISHED 94 random_block_selection completed 0.247206
START 97 random_block_selection
FINISHED 93 random_block_selection completed 0.38879
FINISHED 95 random_block_selection completed 0.123273
PROGRESS 495 / 600
START 98 random_block_selection
START 99 random_block_selection
PROGRESS 496 / 600
PROGRESS 496 / 600
FINISHED 96 random_block_selection completed 0.328475
START 0 dl_clarabel
FINISHED 99 random_block_selection completed 0.099264
PROGRESS 498 / 600
START 1 dl_clarabel
PROGRESS 498 / 600
FINISHED 97 random_block_selection completed 0.391567
START 2 dl_clarabel
PROGRESS 499 / 600
FINISHED 98 random_block_selection completed 0.582043
START 3 dl_clarabel
PROGRESS 500 / 600
FINISHED 0 dl_clarabel completed 0.618676
FINISHED 1 dl_clarabel completed 0.574477
START 4 dl_clarabel
START 5 dl_clarabel
FINISHED 2 dl_clarabel completed 0.51457
START 6 dl_clarabel
running 503 / 600
FINISHED 3 dl_clarabel completed 0.535764
PROGRESS 504 / 600
START 7 dl_clarabel
PROGRESS 504 / 600
PROGRESS 504 / 600
PROGRESS 504 / 600
FINISHED 4 dl_clarabel completed 0.487732
FINISHED 5 dl_clarabel completed 0.493808
START 8 dl_clarabel
START 9 dl_clarabel
FINISHED 6 dl_clarabel completed 0.488023
PROGRESS 506 / 600
PROGRESS 507 / 600
START 10 dl_clarabel
PROGRESS 507 / 600
FINISHED 7 dl_clarabel completed 0.489016
START 11 dl_clarabel
PROGRESS 508 / 600
FINISHED 9 dl_clarabel completed 0.474535
FINISHED 8 dl_clarabel completed 0.530854
START 12 dl_clarabel
FINISHED 10 dl_clarabel completed 0.422653
PROGRESS 511 / 600
START 13 dl_clarabel
START 14 dl_clarabel
PROGRESS 511 / 600
PROGRESS 511 / 600
FINISHED 11 dl_clarabel completed 0.48778
START 15 dl_clarabel
PROGRESS 512 / 600
FINISHED 12 dl_clarabel completed 0.462094
START 16 dl_clarabel
PROGRESS 513 / 600
FINISHED 13 dl_clarabel completed 0.542341
FINISHED 14 dl_clarabel completed 0.529253
START 17 dl_clarabel
START 18 dl_clarabel
PROGRESS 515 / 600
PROGRESS 515 / 600
FINISHED 15 dl_clarabel completed 0.556957
START 19 dl_clarabel
PROGRESS 516 / 600
FINISHED 16 dl_clarabel completed 0.432463
START 20 dl_clarabel
FINISHED 17 dl_clarabel completed 0.425508
PROGRESS 517 / 600
START 21 dl_clarabel
FINISHED 18 dl_clarabel completed 0.541461
PROGRESS 518 / 600
START 22 dl_clarabel
PROGRESS 519 / 600
FINISHED 19 dl_clarabel completed 0.537273
START 23 dl_clarabel
PROGRESS 520 / 600
FINISHED 20 dl_clarabel completed 0.40475
START 24 dl_clarabel
PROGRESS 521 / 600
FINISHED 21 dl_clarabel completed 0.520723
START 25 dl_clarabel
FINISHED 22 dl_clarabel completed 0.47875
PROGRESS 522 / 600
START 26 dl_clarabel
PROGRESS 523 / 600
FINISHED 23 dl_clarabel completed 0.470425
START 27 dl_clarabel
PROGRESS 524 / 600
FINISHED 24 dl_clarabel completed 0.490675
START 28 dl_clarabel
PROGRESS 525 / 600
FINISHED 25 dl_clarabel completed 0.535202
FINISHED 26 dl_clarabel completed 0.472506
START 29 dl_clarabel
START 30 dl_clarabel
PROGRESS 527 / 600
PROGRESS 527 / 600
FINISHED 27 dl_clarabel completed 0.466441
START 31 dl_clarabel
PROGRESS 528 / 600
FINISHED 28 dl_clarabel completed 0.549123
START 32 dl_clarabel
PROGRESS 529 / 600
FINISHED 29 dl_clarabel completed 0.506648
START 33 dl_clarabel
FINISHED 30 dl_clarabel completed 0.475003
START 34 dl_clarabel
PROGRESS 531 / 600
PROGRESS 531 / 600
FINISHED 31 dl_clarabel completed 0.501339
START 35 dl_clarabel
PROGRESS 532 / 600
FINISHED 32 dl_clarabel completed 0.57031
START 36 dl_clarabel
FINISHED 33 dl_clarabel completed 0.537186
PROGRESS 533 / 600
FINISHED 34 dl_clarabel completed 0.475439
START 37 dl_clarabel
START 38 dl_clarabel
PROGRESS 535 / 600
FINISHED 35 dl_clarabel completed 0.522678
PROGRESS 535 / 600
START 39 dl_clarabel
PROGRESS 536 / 600
FINISHED 36 dl_clarabel completed 0.509155
START 40 dl_clarabel
FINISHED 38 dl_clarabel completed 0.468147
PROGRESS 537 / 600
FINISHED 37 dl_clarabel completed 0.563374
START 41 dl_clarabel
START 42 dl_clarabel
PROGRESS 539 / 600
FINISHED 39 dl_clarabel completed 0.521703
PROGRESS 539 / 600
START 43 dl_clarabel
PROGRESS 540 / 600
FINISHED 40 dl_clarabel completed 0.52037
START 44 dl_clarabel
FINISHED 41 dl_clarabel completed 0.514267
PROGRESS 541 / 600
FINISHED 42 dl_clarabel completed 0.513041
START 45 dl_clarabel
START 46 dl_clarabel
PROGRESS 543 / 600
FINISHED 43 dl_clarabel completed 0.600092
PROGRESS 543 / 600
START 47 dl_clarabel
PROGRESS 544 / 600
FINISHED 44 dl_clarabel completed 0.51663
START 48 dl_clarabel
FINISHED 46 dl_clarabel completed 0.520343
PROGRESS 545 / 600
FINISHED 45 dl_clarabel completed 0.57089
START 49 dl_clarabel
START 50 dl_clarabel
PROGRESS 547 / 600
FINISHED 47 dl_clarabel completed 0.493726
START 51 dl_clarabel
PROGRESS 548 / 600
PROGRESS 548 / 600
FINISHED 48 dl_clarabel completed 0.515333
START 52 dl_clarabel
FINISHED 49 dl_clarabel completed 0.499152
PROGRESS 549 / 600
START 53 dl_clarabel
FINISHED 50 dl_clarabel completed 0.56228
START 54 dl_clarabel
PROGRESS 551 / 600
FINISHED 51 dl_clarabel completed 0.536551
START 55 dl_clarabel
FINISHED 52 dl_clarabel completed 0.648881
FINISHED 53 dl_clarabel completed 0.517381
START 56 dl_clarabel
START 57 dl_clarabel
FINISHED 54 dl_clarabel completed 0.681783
START 58 dl_clarabel
running 554 / 600
FINISHED 55 dl_clarabel completed 0.595553
START 59 dl_clarabel
PROGRESS 556 / 600
PROGRESS 556 / 600
PROGRESS 556 / 600
FINISHED 57 dl_clarabel completed 0.563588
FINISHED 56 dl_clarabel completed 0.654423
START 60 dl_clarabel
START 61 dl_clarabel
PROGRESS 557 / 600
PROGRESS 558 / 600
FINISHED 58 dl_clarabel completed 0.630288
START 62 dl_clarabel
PROGRESS 558 / 600
FINISHED 59 dl_clarabel completed 0.624437
START 63 dl_clarabel
PROGRESS 560 / 600
PROGRESS 560 / 600
PROGRESS 560 / 600
FINISHED 60 dl_clarabel completed 0.528851
START 64 dl_clarabel
FINISHED 61 dl_clarabel completed 0.605362
PROGRESS 561 / 600
START 65 dl_clarabel
PROGRESS 562 / 600
FINISHED 62 dl_clarabel completed 0.588988
START 66 dl_clarabel
PROGRESS 562 / 600
FINISHED 63 dl_clarabel completed 0.583537
START 67 dl_clarabel
PROGRESS 564 / 600
PROGRESS 564 / 600
FINISHED 64 dl_clarabel completed 0.424384
START 68 dl_clarabel
FINISHED 65 dl_clarabel completed 0.594558
PROGRESS 565 / 600
START 69 dl_clarabel
PROGRESS 566 / 600
FINISHED 66 dl_clarabel completed 0.499853
START 70 dl_clarabel
FINISHED 67 dl_clarabel completed 0.635544
PROGRESS 567 / 600
START 71 dl_clarabel
PROGRESS 568 / 600
FINISHED 68 dl_clarabel completed 0.61016
START 72 dl_clarabel
FINISHED 69 dl_clarabel completed 0.399712
START 73 dl_clarabel
PROGRESS 570 / 600
PROGRESS 570 / 600
FINISHED 70 dl_clarabel completed 0.595479
START 74 dl_clarabel
FINISHED 71 dl_clarabel completed 0.614054
PROGRESS 571 / 600
START 75 dl_clarabel
PROGRESS 572 / 600
FINISHED 72 dl_clarabel completed 0.560926
START 76 dl_clarabel
FINISHED 73 dl_clarabel completed 0.680681
PROGRESS 573 / 600
START 77 dl_clarabel
FINISHED 74 dl_clarabel completed 0.555526
PROGRESS 574 / 600
START 78 dl_clarabel
PROGRESS 575 / 600
FINISHED 75 dl_clarabel completed 0.59227
START 79 dl_clarabel
PROGRESS 576 / 600
FINISHED 76 dl_clarabel completed 0.554543
START 80 dl_clarabel
PROGRESS 577 / 600
FINISHED 77 dl_clarabel completed 0.683296
START 81 dl_clarabel
FINISHED 78 dl_clarabel completed 0.508523
START 82 dl_clarabel
PROGRESS 578 / 600
FINISHED 79 dl_clarabel completed 0.601635
START 83 dl_clarabel
PROGRESS 579 / 600
PROGRESS 580 / 600
FINISHED 80 dl_clarabel completed 0.663035
START 84 dl_clarabel
FINISHED 81 dl_clarabel completed 0.549914
PROGRESSSTART  581 /85  dl_clarabel
600
FINISHED 82 dl_clarabel completed 0.62203
START 86 dl_clarabel
PROGRESS 582 / 600
FINISHED 83 dl_clarabel completed 0.535933
START 87 dl_clarabel
PROGRESS 583 / 600
FINISHED 84 dl_clarabel completed 0.512121
START 88 dl_clarabel
PROGRESS 584 / 600
FINISHED 85 dl_clarabel completed 0.615672
PROGRESS 585 / 600
START 89 dl_clarabel
FINISHED 86 dl_clarabel completed 0.689979
PROGRESS 586 / 600
START 90 dl_clarabel
FINISHED 87 dl_clarabel completed 0.641628
START 91 dl_clarabel
PROGRESS 587 / 600
FINISHED 88 dl_clarabel completed 0.610121
START 92 dl_clarabel
PROGRESS 588 / 600
FINISHED 89 dl_clarabel completed 0.689646
PROGRESS 589 / 600
START 93 dl_clarabel
FINISHED 90 dl_clarabel completed 0.574746
START 94 dl_clarabel
PROGRESS 590 / 600
FINISHED 91 dl_clarabel completed 0.655632
PROGRESS 591 / 600
START 95 dl_clarabel
FINISHED 92 dl_clarabel completed 0.618444
START 96 dl_clarabel
PROGRESS 592 / 600
FINISHED 93 dl_clarabel completed 0.586396
START 97 dl_clarabel
PROGRESS 593 / 600
FINISHED 94 dl_clarabel completed 0.567527
START 98 dl_clarabel
PROGRESS 594 / 600
FINISHED 95 dl_clarabel completed 0.629068
PROGRESS 595 / 600
START 99 dl_clarabel
FINISHED 96 dl_clarabel completed 0.67685
PROGRESS 596 / 600
FINISHED 97 dl_clarabel completed 0.576311
PROGRESS 597 / 600
FINISHED 98 dl_clarabel completed 0.544527
PROGRESS 598 / 600
FINISHED 99 dl_clarabel completed 0.526534
PROGRESS 599 / 600
PROGRESS 600 / 600
finished 600 / 600
finished 600 / 600
