running [(0, 'running', 30.030662916135043, 242600, 33.19345195558608), (1, 'running', 30.018320124829188, 241400, 32.48442074037885), (2, 'running', 30.007176249986514, 242800, 31.258974634012766)]
running [(0, 'running', 60.04393779113889, 463500, 33.193420702577164), (1, 'running', 60.04453554190695, 461000, 32.48439293447524), (2, 'running', 60.024614500114694, 464000, 31.258946110495707)]
running [(0, 'running', 90.06457966612652, 694300, 33.19338804894702), (1, 'running', 90.0655402499251, 691000, 32.484363811720215), (2, 'running', 90.04937954200432, 695100, 31.258916310398227)]
running [(0, 'running', 120.08145958301611, 933600, 33.19335419278291), (1, 'running', 120.08885804191232, 929500, 32.48433361268926), (2, 'running', 120.06923779216595, 934500, 31.25888544007291)]
running [(0, 'running', 150.10416366602294, 1176900, 33.193319770720436), (1, 'running', 150.11546908388846, 1172100, 32.484302894563754), (2, 'running', 150.09341358416714, 1177900, 31.258854053917524)]
running [(0, 'running', 180.12717791600153, 1420200, 33.193285348614815), (1, 'running', 180.1356033340562, 1414200, 32.484272239771244), (2, 'running', 180.11191075015813, 1421500, 31.25882264191634)]
running [(0, 'running', 210.1484807911329, 1666300, 33.193250530423526), (1, 'running', 210.16025749989785, 1658800, 32.4842412684514), (2, 'running', 210.13000987516716, 1667500, 31.258790920430286)]
running [(0, 'running', 240.17502491618507, 1911100, 33.19321589612272), (1, 'running', 240.17815716704354, 1902400, 32.48421042374641), (2, 'running', 240.16099479212426, 1912200, 31.258759366619827)]
running [(0, 'running', 270.1970707080327, 2160800, 33.19318056864227), (1, 'running', 270.20029545901343, 2150700, 32.484178983877996), (2, 'running', 270.1842732501682, 2161900, 31.258727168137817)]
running [(0, 'running', 300.2184762910474, 2413400, 33.19314483094946), (1, 'running', 300.22343845898286, 2401800, 32.48414718953688), (2, 'running', 300.19837470911443, 2414600, 31.25869458281911)]
running [(0, 'running', 330.2298254161142, 2670100, 33.1931085132255), (1, 'running', 330.24101445893757, 2656600, 32.484114926722356), (2, 'running', 330.20389150013216, 2671200, 31.25866149464551)]
running [(0, 'running', 360.24908350012265, 2928300, 33.19307198334064), (1, 'running', 360.24723904184066, 2913100, 32.48408244862238), (2, 'running', 360.22140362509526, 2929400, 31.258628200230753)]
running [(0, 'running', 400.2764346250333, 3273700, 33.193023116541276), (1, 'running', 400.2690702918917, 3257100, 32.484038891280974), (2, 'running', 400.25615812512115, 3275700, 31.258583545557208)]
running [(0, 'running', 430.2858247081749, 3531500, 33.1929866433687), (1, 'running', 430.2935354998335, 3513900, 32.48400637525234), (2, 'running', 430.26493950001895, 3534200, 31.258550212598216)]
running [(0, 'running', 460.29708479112014, 3788000, 33.192950354176475), (1, 'running', 460.3182019998785, 3769600, 32.48397399859314), (2, 'running', 460.2795120421797, 3791400, 31.25851704735239)]
running [(0, 'running', 490.3139520001132, 4045700, 33.19291389530546), (1, 'running', 490.33316095895134, 4026000, 32.483941533280074), (2, 'running', 490.3002713751048, 4049200, 31.258483804750213)]
running [(0, 'running', 520.3370402080473, 4303900, 33.19287736571823), (1, 'running', 520.3460044169333, 4283200, 32.48390896673974), (2, 'running', 520.3169026670512, 4307700, 31.25845047192042)]
running [(0, 'running', 550.3486667911056, 4561400, 33.19284093518938), (1, 'running', 550.3619319999125, 4539800, 32.483876476175446), (2, 'running', 550.3367850841023, 4565800, 31.258417190705394)]
running [(0, 'running', 580.372653291095, 4819500, 33.19280441979621), (1, 'running', 580.3780089998618, 4796600, 32.4838439603432), (2, 'running', 580.3419607500546, 4824500, 31.258383832161293)]
running [(0, 'running', 610.3959280410782, 5066000, 33.19276954559433), (1, 'running', 610.391518374905, 5041700, 32.48381292597029), (2, 'running', 610.356718959054, 5071300, 31.258352008067348)]
running [(0, 'running', 640.4108812911436, 5316100, 33.19273416200595), (1, 'running', 640.4036806670483, 5291100, 32.4837813471535), (2, 'running', 640.3696324590128, 5321800, 31.258319706914094)]
running [(0, 'running', 670.4262389580254, 5568400, 33.192698467227835), (1, 'running', 670.4273765420076, 5542200, 32.48374955313591), (2, 'running', 670.3868673751131, 5574300, 31.258287147946774)]
running [(0, 'running', 700.4507527081296, 5808500, 33.192664498541596), (1, 'running', 700.4480967088602, 5781100, 32.48371930393498), (2, 'running', 700.4126535421237, 5814400, 31.25825618796867)]
running [(0, 'running', 730.478070500074, 6060500, 33.1926288463142), (1, 'running', 730.4624208749738, 6032300, 32.48368749738924), (2, 'running', 730.4302231250331, 6066600, 31.258223667821618)]
running [(0, 'running', 760.4967371250968, 6313100, 33.19259310924023), (1, 'running', 760.4964927500114, 6283900, 32.483655640264075), (2, 'running', 760.4500208341051, 6319400, 31.258191070386808)]
running [(0, 'running', 800.5172050830442, 6653400, 33.19254496472589), (1, 'running', 800.5246502088849, 6623400, 32.483612653476776), (2, 'running', 800.4684387920424, 6660300, 31.258147112904666)]
running [(0, 'running', 830.5391369161662, 6910800, 33.19250854861134), (1, 'running', 830.5462217088789, 6878800, 32.48358031526461), (2, 'running', 830.4841728340834, 6917500, 31.25811394818856)]
running [(0, 'running', 860.5630122500006, 7167800, 33.192472189176556), (1, 'running', 860.5698714999016, 7134300, 32.48354796441572), (2, 'running', 860.4974453749601, 7174200, 31.25808084801468)]
running [(0, 'running', 890.5762806660496, 7423600, 33.192435999586486), (1, 'running', 890.5967014168855, 7389100, 32.48351570219147), (2, 'running', 890.5183796251658, 7430200, 31.258047838048853)]
running [(0, 'running', 920.5904850831721, 7679800, 33.1923997534883), (1, 'running', 920.617661499884, 7643100, 32.48348354122929), (2, 'running', 920.550075125182, 7685700, 31.258014892590964)]
running [(0, 'running', 950.5979548331816, 7934200, 33.19236376214928), (1, 'running', 950.6264850420412, 7896000, 32.48345151961755), (2, 'running', 950.5667182500474, 7940700, 31.25798201163024)]
running [(0, 'running', 980.6250510411337, 8189200, 33.19232768594918), (1, 'running', 980.6516878749244, 8149800, 32.483419384108146), (2, 'running', 980.5764886250254, 8196000, 31.257949091979178)]
running [(0, 'running', 1010.6510896661784, 8430900, 33.19229349133505), (1, 'running', 1010.7017864589579, 8390300, 32.48338893262671), (2, 'running', 1010.604302959051, 8437500, 31.257917951799953)]
running [(0, 'running', 1040.676868375158, 8661500, 33.19226086708934), (1, 'running', 1040.7206315000076, 8620200, 32.48335982330711), (2, 'running', 1040.6354364170693, 8668700, 31.25788813973554)]
running [(0, 'running', 1070.704907500185, 8894500, 33.19222790329537), (1, 'running', 1070.7431957919616, 8852600, 32.483330397456236), (2, 'running', 1070.6541102919728, 8902200, 31.25785803111888)]
running [(0, 'running', 1100.7324535830412, 9135200, 33.19219385018402), (1, 'running', 1100.7545652089175, 9092400, 32.48330003463226), (2, 'running', 1100.6893769169692, 9143800, 31.257826878073125)]
running [(0, 'running', 1130.7559070000425, 9379600, 33.19215927362211), (1, 'running', 1130.7699010418728, 9335900, 32.48326920335098), (2, 'running', 1130.700680125039, 9389400, 31.2577952092812)]
running [(0, 'running', 1170.7761895000003, 9707700, 33.19211285571002), (1, 'running', 1170.7937709589023, 9663300, 32.48322774887464), (2, 'running', 1170.7314409590326, 9718600, 31.25775276085414)]
running [(0, 'running', 1200.8000593751203, 9957700, 33.19207748705793), (1, 'running', 1200.8141977919731, 9912500, 32.48319619587259), (2, 'running', 1200.7477255840786, 9969300, 31.257720434608906)]
running [(0, 'running', 1230.8183417911641, 10206400, 33.19204230238322), (1, 'running', 1230.841928874841, 10161000, 32.4831647314982), (2, 'running', 1230.7683955000248, 10219600, 31.257688159967827)]
running [(0, 'running', 1260.838176041143, 10456500, 33.19200691969098), (1, 'running', 1260.8617745419033, 10409700, 32.483133241863484), (2, 'running', 1260.782270542113, 10470200, 31.257655846725264)]
running [(0, 'running', 1290.8552442081273, 10706200, 33.191971593663396), (1, 'running', 1290.8725332089234, 10658400, 32.48310175225594), (2, 'running', 1290.80348958401, 10720400, 31.257623585102195)]
running [(0, 'running', 1320.8802187500987, 10956000, 33.191936253558), (1, 'running', 1320.8889720418956, 10907600, 32.483070199328765), (2, 'running', 1320.8216248750687, 10971100, 31.25759125905786)]
running [(0, 'running', 1350.8967385001015, 11205600, 33.1919009417233), (1, 'running', 1350.9100533749443, 11156400, 32.48303869711201), (2, 'running', 1350.834128209157, 11221600, 31.257558958800054)]
running [(0, 'running', 1380.9152995829936, 11444500, 33.19186714374534), (1, 'running', 1380.933132583974, 11394200, 32.48300858774493), (2, 'running', 1380.8528205421753, 11460600, 31.257528141408883)]
running [(0, 'running', 1410.937400707975, 11691100, 33.19183225645869), (1, 'running', 1410.9502866668627, 11639600, 32.48297751604103), (2, 'running', 1410.8780754171312, 11707400, 31.257496318259825)]
running [(0, 'running', 1440.9500305831898, 11942500, 33.19179669011821), (1, 'running', 1440.9584840838797, 11889500, 32.48294587460625), (2, 'running', 1440.8985611251555, 11958800, 31.257463901996545)]
running [(0, 'running', 1470.9747782081831, 12191300, 33.19176149163068), (1, 'running', 1470.9744415839668, 12136800, 32.48291456243062), (2, 'running', 1470.9235985840205, 12207700, 31.25743180814935)]
running [(0, 'running', 1500.9980862911325, 12439900, 33.19172632141148), (1, 'running', 1501.0008570419159, 12383800, 32.48288328824021), (2, 'running', 1500.9474740000442, 12456000, 31.257399791730627)]
running [(0, 'running', 1531.0263193750288, 12675900, 33.191692933790826), (1, 'running', 1531.0207082920242, 12618600, 32.48285355882576), (2, 'running', 1540.9779347090516, 12773300, 31.257358878386817)]
running [(0, 'running', 1571.0509865409695, 12998800, 33.1916472521906), (1, 'running', 1571.057363791857, 12940300, 32.48281282658019), (2, 'running', 1570.994505250128, 13015400, 31.25732766157619)]
running [(0, 'running', 1601.0680084160995, 13249500, 33.1916117849723), (1, 'running', 1601.0748181249946, 13189600, 32.4827812613691), (2, 'running', 1601.0072205001488, 13265900, 31.2572953616568)]
running [(0, 'running', 1631.082123250002, 13500900, 33.19157621881511), (1, 'running', 1631.0956776249222, 13440100, 32.48274954425696), (2, 'running', 1631.0314133339562, 13518200, 31.257262829729832)]
running [(0, 'running', 1661.1033983330708, 13754100, 33.19154039804677), (1, 'running', 1661.1160855419002, 13692300, 32.48271761193881), (2, 'running', 1661.0438893751707, 13772200, 31.25723007867858)]
running [(0, 'running', 1691.119358416181, 14009800, 33.19150422361784), (1, 'running', 1691.1285099999513, 13947300, 32.482685325138206), (2, 'running', 1691.0744457920082, 14028400, 31.25719704398368)]
running [(0, 'running', 1721.1375142501201, 14266500, 33.191467907744176), (1, 'running', 1721.1484177499078, 14202000, 32.48265307635044), (2, 'running', 1721.103925250005, 14284600, 31.257164009278384)]
running [(0, 'running', 1751.1502960000653, 14522700, 33.191431662729286), (1, 'running', 1751.166328708874, 14457400, 32.48262073882131), (2, 'running', 1751.1241299591493, 14541900, 31.25713083275476)]
running [(0, 'running', 1781.1704347080085, 14780300, 33.191395219723226), (1, 'running', 1781.1778499588836, 14713500, 32.48258831274008), (2, 'running', 1781.1392930420116, 14799800, 31.257097578911647)]
running [(0, 'running', 1811.1823866660707, 15036800, 33.191358932381355), (1, 'running', 1811.199233124964, 14968900, 32.48255597536364), (2, 'running', 1811.159158334136, 15056600, 31.257064466885218)]
running [(0, 'running', 1841.2068292910699, 15290900, 33.191322984626936), (1, 'running', 1841.2183287919033, 15221700, 32.48252396725781), (2, 'running', 1841.1733387091663, 15311000, 31.257031664371148)]
running [(0, 'running', 1871.2398952911608, 15544000, 33.19128717833227), (1, 'running', 1871.2346751668956, 15473600, 32.48249207315505), (2, 'running', 1871.1957605001517, 15564500, 31.256998977891605)]
running [(0, 'running', 1901.258819000097, 15796700, 33.191251428653274), (1, 'running', 1901.2587169168983, 15725300, 32.48246020436298), (2, 'running', 1901.2141759591177, 15817700, 31.256966330093377)]
running [(0, 'running', 1941.2882322079968, 16135900, 33.19120344170743), (1, 'running', 1941.2886458749417, 16062900, 32.48241745943978), (2, 'running', 1941.2336516249925, 16157500, 31.25692251606735)]
running [(0, 'running', 1971.29559220816, 16391800, 33.191167239314716), (1, 'running', 1971.310157999862, 16317000, 32.48238528677338), (2, 'running', 1971.2590689170174, 16413000, 31.2568895717964)]
running [(0, 'running', 2001.3091151660774, 16646700, 33.19113117848201), (1, 'running', 2001.3305544168688, 16570900, 32.48235313939146), (2, 'running', 2001.2867074590176, 16669000, 31.256856563108734)]
running [(0, 'running', 2031.3244529580697, 16902900, 33.1910949338499), (1, 'running', 2031.3589934590273, 16825600, 32.48232089076311), (2, 'running', 2031.304164542118, 16925200, 31.256823528686056)]
running [(0, 'running', 2061.3468421660364, 17159600, 33.19105861850377), (1, 'running', 2061.3920642088633, 17081400, 32.48228850289397), (2, 'running', 2061.3132055001333, 17182400, 31.256790365409238)]
running [(0, 'running', 2091.3542889161035, 17416900, 33.19102221837013), (1, 'running', 2091.408530583838, 17337700, 32.48225605170938), (2, 'running', 2091.329926292179, 17440000, 31.256757150625475)]
running [(0, 'running', 2121.376304916106, 17673700, 33.19098588896478), (1, 'running', 2121.4272669169586, 17593800, 32.482223625844895), (2, 'running', 2121.351532250177, 17697300, 31.256723974544734)]
running [(0, 'running', 2151.384409958031, 17929500, 33.190949701100934), (1, 'running', 2151.4500407089945, 17848700, 32.482191351984255), (2, 'running', 2151.363558833953, 17954100, 31.256690862983987)]
running [(0, 'running', 2181.3999230409972, 18179900, 33.1909142772345), (1, 'running', 2181.4677750000264, 18098000, 32.48215978721985), (2, 'running', 2181.3833380839787, 18204900, 31.256658525028236)]
running [(0, 'running', 2211.4176971660927, 18445000, 33.19087677384296), (1, 'running', 2211.475921166828, 18361500, 32.482126424557386), (2, 'running', 2211.38925783406, 18469800, 31.256624369023264)]
running [(0, 'running', 2241.434590625111, 18716000, 33.190838435763844), (1, 'running', 2241.499581791926, 18632200, 32.48209215026828), (2, 'running', 2241.411353709176, 18741500, 31.256589336287398)]
running [(0, 'running', 2271.4521259160247, 18990500, 33.190799602581166), (1, 'running', 2271.521749416832, 18906000, 32.48205748354279), (2, 'running', 2271.4246864169836, 19016900, 31.256553826553493)]
running [(0, 'running', 2301.4744762910996, 19267000, 33.19076048650463), (1, 'running', 2301.5342472088523, 19181000, 32.482022664906054), (2, 'running', 2301.446559375152, 19294300, 31.25651805900256)]
running [(0, 'running', 2331.495413708035, 19543900, 33.19072131391928), (1, 'running', 2331.5601889169775, 19455800, 32.48198787166695), (2, 'running', 2331.4735356671736, 19571100, 31.25648236891263)]
running [(0, 'running', 2371.5095757080708, 19912100, 33.19066922515548), (1, 'running', 2371.584034499945, 19821700, 32.48194154408601), (2, 'running', 2371.505063125165, 19940000, 31.256434803714654)]
running [(0, 'running', 2401.525361541193, 20187600, 33.19063025058031), (1, 'running', 2401.5988566670567, 20095900, 32.481906826936616), (2, 'running', 2401.51763170911, 20214700, 31.25639938450901)]
running [(0, 'running', 2431.5429406659678, 20462300, 33.19059138928169), (1, 'running', 2431.609257333912, 20369300, 32.48187221115303), (2, 'running', 2431.5295002921484, 20490000, 31.256363888019187)]
running [(0, 'running', 2461.5569225000218, 20737200, 33.19055249981316), (1, 'running', 2461.630119333975, 20642600, 32.481837608035455), (2, 'running', 2461.5478921250906, 20765000, 31.256328430300826)]
running [(0, 'running', 2491.577389416052, 21012300, 33.19051358207894), (1, 'running', 2491.6441537090577, 20915800, 32.481803017679724), (2, 'running', 2491.568926417036, 21040300, 31.256292933914573)]
running [(0, 'running', 2521.6044101251755, 21288300, 33.19047453704173), (1, 'running', 2521.6644823749084, 21189600, 32.48176835124238), (2, 'running', 2521.582728208974, 21315900, 31.256257398820836)]
running [(0, 'running', 2551.6212860411033, 21564000, 33.19043553453374), (1, 'running', 2551.6871396249626, 21464100, 32.4817335961908), (2, 'running', 2551.597456583986, 21591900, 31.2562218121775)]
running [(0, 'running', 2581.6416149581783, 21840100, 33.19039647546968), (1, 'running', 2581.707236666931, 21739500, 32.48169872726455), (2, 'running', 2581.6095222921576, 21868800, 31.256186109547095)]
running [(0, 'running', 2611.651170582976, 22116600, 33.19035735991863), (1, 'running', 2611.71839533397, 22014700, 32.481663883708364), (2, 'running', 2611.6184774590656, 22145400, 31.25615044567226)]
running [(0, 'running', 2641.6702900410164, 22393400, 33.190318201976154), (1, 'running', 2641.7244107089937, 22290300, 32.4816289896179), (2, 'running', 2641.6411590420175, 22422400, 31.256114730224084)]
running [(0, 'running', 2671.6926231251564, 22669900, 33.19027908650727), (1, 'running', 2671.7364470839966, 22566300, 32.48159404495204), (2, 'running', 2671.6537821250968, 22699900, 31.256078950317622)]
running [(0, 'running', 2701.7082092501223, 22946200, 33.1902399993944), (1, 'running', 2701.749413916841, 22841200, 32.48155923956128), (2, 'running', 2701.6718524170574, 22977000, 31.25604322196675)]
running [(0, 'running', 2731.7191297500394, 23222800, 33.190200869761576), (1, 'running', 2731.7669851249084, 23116400, 32.48152439619158), (2, 'running', 2731.68957854202, 23253800, 31.25600753241494)]
running [(0, 'running', 2761.724101040978, 23499200, 33.19016176849451), (1, 'running', 2761.7823434169404, 23391400, 32.48148957801726), (2, 'running', 2761.712558834115, 23530900, 31.255971804245092)]
running [(0, 'running', 2801.7438855001237, 23865400, 33.190109963715024), (1, 'running', 2801.8035796668846, 23756700, 32.48144332692768), (2, 'running', 2801.733293125173, 23898800, 31.255924368830065)]
running [(0, 'running', 2831.759380833013, 24140700, 33.19007101824519), (1, 'running', 2831.81833966705, 24030200, 32.48140869885647), (2, 'running', 2831.749490125105, 24174000, 31.255888885783072)]
running [(0, 'running', 2861.7899144161493, 24416700, 33.19003197384517), (1, 'running', 2861.832482167054, 24303900, 32.48137404546322), (2, 'running', 2861.7754337501246, 24449400, 31.255853376964822)]
running [(0, 'running', 2891.798438583035, 24691500, 33.189993099198254), (1, 'running', 2891.8496848340146, 24577600, 32.48133939208457), (2, 'running', 2891.7886842500884, 24724400, 31.255817919783574)]
running [(0, 'running', 2921.812764541013, 24962600, 33.18995474802914), (1, 'running', 2921.8667870839126, 24847500, 32.48130521983741), (2, 'running', 2921.8090815001633, 24996000, 31.255782900965364)]
running [(0, 'running', 2951.8384624160826, 25238100, 33.18991577449897), (1, 'running', 2951.8870968339033, 25121100, 32.48127057914037), (2, 'running', 2951.831276708981, 25271600, 31.255747366399447)]
running [(0, 'running', 2981.840814500116, 25513900, 33.189876758576965), (1, 'running', 2981.8986074589193, 25395900, 32.48123578654793), (2, 'running', 2981.847865542164, 25548000, 31.255711728726638)]
running [(0, 'running', 3011.850841250038, 25789900, 33.18983771446101), (1, 'running', 3011.9148799169343, 25670700, 32.4812009940209), (2, 'running', 3011.8586912921164, 25824800, 31.255676039521447)]
running [(0, 'running', 3041.879292583093, 26065900, 33.1897986703435), (1, 'running', 3041.9364890418947, 25945400, 32.481166214191674), (2, 'running', 3041.8715235840064, 26101200, 31.255640401977963)]
running [(0, 'running', 3071.901227416005, 26342700, 33.189759513074904), (1, 'running', 3071.9566972090397, 26220100, 32.4811314343251), (2, 'running', 3071.8850880840328, 26377900, 31.255604725879287)]
running [(0, 'running', 3101.915920166066, 26621100, 33.18972012936268), (1, 'running', 3101.975118999835, 26496000, 32.48109650262658), (2, 'running', 3101.9051560841035, 26656000, 31.255568869278626)]
running [(0, 'running', 3131.9329965000506, 26898700, 33.18968085899396), (1, 'running', 3131.992694791872, 26771800, 32.48106158363524), (2, 'running', 3131.9123071250506, 26933600, 31.25553307716074)]
running [(0, 'running', 3161.946624833159, 27176100, 33.189641616933905), (1, 'running', 3162.0161915838253, 27048300, 32.481026576157106), (2, 'running', 3161.9253048750106, 27211800, 31.25549720778924)]
running [(0, 'running', 3191.9632397911046, 27452600, 33.189602502273466), (1, 'running', 3192.0254238748457, 27323600, 32.48099172053108), (2, 'running', 3191.9360069171526, 27488900, 31.255461480391155)]
running [(0, 'running', 3231.9890477911104, 27822200, 33.189550217418834), (1, 'running', 3232.0440274998546, 27691400, 32.48094515370353), (2, 'running', 3231.9681990421377, 27858900, 31.255413775176784)]
running [(0, 'running', 3262.008696125122, 28098700, 33.189511102819374), (1, 'running', 3262.0536933748517, 27967700, 32.48091017165409), (2, 'running', 3261.9872910419945, 28136300, 31.255378009102273)]
running [(0, 'running', 3292.0286522910465, 28376300, 33.18947183262582), (1, 'running', 3292.0705591668375, 28243700, 32.48087522751202), (2, 'running', 3292.0020755841397, 28413400, 31.255342281702177)]
running [(0, 'running', 3322.0471138330176, 28653000, 33.189432689818766), (1, 'running', 3322.091740624979, 28519300, 32.48084033405382), (2, 'running', 3322.0086913341656, 28690700, 31.25530652860879)]
running [(0, 'running', 3352.061104624998, 28930700, 33.1893934056407), (1, 'running', 3352.1063185420353, 28794900, 32.480805440680754), (2, 'running', 3352.023326750146, 28968100, 31.25527076267381)]
running [(0, 'running', 3382.086338541005, 29208400, 33.189354121537065), (1, 'running', 3382.1245631668717, 29070900, 32.48077049668081), (2, 'running', 3382.0455247501377, 29245900, 31.25523494515577)]
running [(0, 'running', 3412.1069284579717, 29486100, 33.18931483742668), (1, 'running', 3412.13647987484, 29347900, 32.480735426129485), (2, 'running', 3412.0717798750848, 29524000, 31.255199088907183)]
running [(0, 'running', 3442.1201133329887, 29763000, 33.189275666599094), (1, 'running', 3442.147979833884, 29623600, 32.480700520316276), (2, 'running', 3442.0818552919663, 29800900, 31.255163387476593)]
running [(0, 'running', 3472.1341742500663, 30040800, 33.18923636853304), (1, 'running', 3472.167291791877, 29899900, 32.48066553847519), (2, 'running', 3472.104540667031, 30079000, 31.25512753141907)]
running [(0, 'running', 3502.143393666018, 30318200, 33.189197127087475), (1, 'running', 3502.188154499978, 30176100, 32.48063056916223), (2, 'running', 3502.1159366250504, 30356900, 31.255091701301225)]
running [(0, 'running', 3532.1554593329784, 30594900, 33.189157984686275), (1, 'running', 3532.202104249969, 30452100, 32.480595625212395), (2, 'running', 3532.1290753341746, 30634700, 31.25505588407583)]
running [(0, 'running', 3562.1737770000473, 30872600, 33.18911870090328), (1, 'running', 3562.222672584001, 30728600, 32.48056061802468), (2, 'running', 3562.1464430000633, 30912900, 31.255020015323318)]
running [(0, 'running', 3592.1944738330785, 31150600, 33.18907937474404), (1, 'running', 3592.241526791826, 31005700, 32.48052553489292), (2, 'running', 3592.174633458955, 31191800, 31.25498405634945)]
running [(0, 'running', 3622.2115758331493, 31429400, 33.18903993550714), (1, 'running', 3622.266962375026, 31283000, 32.48049042650718), (2, 'running', 3622.193427709164, 31471500, 31.254947994317995)]
running [(0, 'running', 3662.239731000038, 31800800, 33.188987397005214), (1, 'running', 3662.284820583882, 31653000, 32.480443581627185), (2, 'running', 3662.2122251251712, 31843800, 31.254899993249957)]
running [(0, 'running', 3692.2682838751934, 32077900, 33.18894819827218), (1, 'running', 3692.307202416938, 31927900, 32.48040877711647), (2, 'running', 3692.2278457500506, 32120700, 31.25486429216071)]
running [(0, 'running', 3722.2912872910965, 32352600, 33.18890933907901), (1, 'running', 3722.327802459011, 32200700, 32.48037423862674), (2, 'running', 3722.243178999983, 32395900, 31.25482881029925)]
running [(0, 'running', 3752.3101560829673, 32628600, 33.18887029608506), (1, 'running', 3752.343204875011, 32474200, 32.48033961158791), (2, 'running', 3752.2559774171095, 32671400, 31.254793289851428)]
running [(0, 'running', 3782.315878333058, 32904700, 33.18883123907832), (1, 'running', 3782.361479708925, 32748100, 32.48030493389323), (2, 'running', 3782.267286834074, 32948000, 31.25475762769223)]
running [(0, 'running', 3812.337989708176, 33162500, 33.18879477071975), (1, 'running', 3812.378128041979, 33004500, 32.48027247182407), (2, 'running', 3812.291252417024, 33206400, 31.254724311975203)]
running [(0, 'running', 3842.349699875107, 33417900, 33.18875864184006), (1, 'running', 3842.390039958991, 33258400, 32.480240326270106), (2, 'running', 3842.3079707091674, 33462300, 31.25469131867962)]
running [(0, 'running', 3872.3652771250345, 33668800, 33.18872314951674), (1, 'running', 3872.4171005839016, 33507600, 32.4802087758268), (2, 'running', 3872.3300607921556, 33713800, 31.254658892746207)]
running [(0, 'running', 3902.3843876661267, 33916900, 33.1886880533691), (1, 'running', 3902.4364341669716, 33754400, 32.48017752929956), (2, 'running', 3902.348533875076, 33961900, 31.254626905263216)]
running [(0, 'running', 3932.409185958095, 34167000, 33.188652674450935), (1, 'running', 3932.451987833949, 34003500, 32.480145991513076), (2, 'running', 3932.3668875419535, 34212300, 31.254594621308144)]
running [(0, 'running', 3962.432993916096, 34420500, 33.188616814524025), (1, 'running', 3962.467163333902, 34256000, 32.4801140233572), (2, 'running', 3962.383016125066, 34466400, 31.254561860370195)]
running [(0, 'running', 3992.454496124992, 34673300, 33.1885810537091), (1, 'running', 3992.499780583894, 34507700, 32.480082156516445), (2, 'running', 3992.397681834176, 34719300, 31.254529254117436)]
running [(0, 'running', 4022.473048166139, 34925100, 33.18854543449287), (1, 'running', 4022.5132425839547, 34757900, 32.480050479567986), (2, 'running', 4022.417323500151, 34970800, 31.254496828387204)]
running [(0, 'running', 4062.5055801251438, 35254200, 33.188498880383875), (1, 'running', 4062.537634166889, 35085200, 32.480009041338526), (2, 'running', 4062.4460334170144, 35300100, 31.2544543720607)]
running [(0, 'running', 4092.525082624983, 35503200, 33.18846365716953), (1, 'running', 4092.553080542013, 35333000, 32.479977668397645), (2, 'running', 4092.450641917065, 35549200, 31.25442225595441)]
running [(0, 'running', 4122.547239625128, 35749200, 33.18842885839876), (1, 'running', 4122.5669780839235, 35577800, 32.479946675261544), (2, 'running', 4122.464104209095, 35794900, 31.254390578157107)]
running [(0, 'running', 4152.560996875167, 35999500, 33.18839345139445), (1, 'running', 4152.586595499888, 35827300, 32.479915087114556), (2, 'running', 4152.489394084085, 36045600, 31.25435825572204)]
running [(0, 'running', 4182.5823221660685, 36246500, 33.1883585112581), (1, 'running', 4182.6077244589105, 36072900, 32.479883992777204), (2, 'running', 4182.511135084089, 36293000, 31.254326358697504)]
running [(0, 'running', 4212.596399083035, 36493000, 33.18832364182478), (1, 'running', 4212.640571166994, 36318500, 32.47985289853255), (2, 'running', 4212.537673667073, 36540100, 31.254294500502255)]
running [(0, 'running', 4242.609811333008, 36739200, 33.18828881494687), (1, 'running', 4242.658869708888, 36563900, 32.4798218296233), (2, 'running', 4242.558336541988, 36786500, 31.254262732520942)]
running [(0, 'running', 4272.624160791049, 36983400, 33.18825427107618), (1, 'running', 4272.6784882498905, 36807000, 32.4797910519447), (2, 'running', 4272.58061075001, 37031300, 31.254231170915936)]
running [(0, 'running', 4302.6383782080375, 37214900, 33.18822152371445), (1, 'running', 4302.701814875007, 37037700, 32.47976184408928), (2, 'running', 4302.601686875103, 37263000, 31.254201298263872)]
running [(0, 'running', 4332.648922541179, 37462700, 33.18818647069932), (1, 'running', 4332.711663458962, 37283600, 32.47973071179076), (2, 'running', 4332.617095916998, 37510700, 31.25416936286838)]
running [(0, 'running', 4362.666885000188, 37693700, 33.18815379410733), (1, 'running', 4362.722306958865, 37513400, 32.47970161783547), (2, 'running', 4362.635915291961, 37741900, 31.254139554841025)]
running [(0, 'running', 4392.679737875005, 37936400, 33.188119462618616), (1, 'running', 4392.75193733396, 37755200, 32.47967100466149), (2, 'running', 4392.653241834138, 37984900, 31.25410822547726)]
running [(0, 'running', 4432.704219666077, 38260200, 33.18807365893209), (1, 'running', 4432.77266300004, 38077200, 32.47963023775889), (2, 'running', 4432.690271000145, 38308900, 31.25406645311955)]
running [(0, 'running', 4462.732138208114, 38493100, 33.18804071376221), (1, 'running', 4462.802855083952, 38308600, 32.47960094133291), (2, 'running', 4462.706186583964, 38541900, 31.254036413113866)]
running [(0, 'running', 4492.756362375105, 38740300, 33.18800574580207), (1, 'running', 4492.822135875002, 38554800, 32.47956977116886), (2, 'running', 4492.7272754169535, 38789600, 31.254004477792)]
running [(0, 'running', 4522.768746291054, 38974000, 33.18797268755457), (1, 'running', 4522.844753916841, 38787200, 32.479540348183484), (2, 'running', 4522.743321125163, 39023300, 31.253974347560735)]
running [(0, 'running', 4552.7929259999655, 39206100, 33.18793985555279), (1, 'running', 4552.8645660839975, 39017700, 32.479511165791166), (2, 'running', 4552.771668000147, 39255200, 31.253944449340537)]
running [(0, 'running', 4582.806514166063, 39440900, 33.18790664175745), (1, 'running', 4582.872703542002, 39251100, 32.479481616293626), (2, 'running', 4582.785974208964, 39490000, 31.253914177297716)]
running [(0, 'running', 4612.824507875135, 39680700, 33.187872720681604), (1, 'running', 4612.890862291912, 39489700, 32.479451408523055), (2, 'running', 4612.812111125095, 39730000, 31.253883234943956)]
