START START0 START  sample_mean12
START   sample_meansample_mean

3 sample_mean
FINISHED 0 sample_mean completed 3e-05
FINISHEDFINISHED 1 sample_meanFINISHED completed  2.4e-05
3 sample_mean completed  3e-05
2 sample_mean completed 2.3e-05
START 4 sample_mean
PROGRESS 4 / 700
START 5 sample_mean
STARTSTART  6 sample_mean
7 sample_mean
PROGRESS 4 / 700
PROGRESS 4 / 700
PROGRESS 4 / 700
FINISHED 4 sample_mean completed 2.3e-05
FINISHED 5 sample_mean completed 2.3e-05
FINISHED 6 sample_mean completed 2.2e-05
FINISHED 7 sample_mean completed 8.5e-05
START 8 sample_mean
PROGRESS 8 / 700
START START9 10  sample_mean
sample_mean
PROGRESS 8 / 700
START 11 sample_mean
PROGRESS 8 / 700
PROGRESS 8 / 700
FINISHED 8 sample_mean completed 2.3e-05
FINISHED 9 sample_mean completed 2.5e-05
FINISHED 10 sample_mean completed 2.9e-05
FINISHED 11 sample_mean completed 3e-05
START 12 sample_mean
PROGRESS 12 / 700
START 13 sample_mean
START 14 sample_mean
PROGRESS 12 / 700
START 15 sample_mean
PROGRESS 12 / 700
PROGRESS 12 / 700
FINISHED 12 sample_mean completed 2.6e-05
FINISHED 14 sample_mean completed 2.8e-05
FINISHED 13 sample_mean completed 2.3e-05
FINISHED 15 sample_mean completed 3e-05
START 16 sample_mean
PROGRESS 16 / 700
START 17 sample_mean
START 18 sample_mean
START 19 sample_mean
PROGRESS 16 / 700
PROGRESS 16 / 700
PROGRESS 16 / 700
FINISHED 16 sample_mean completed 2.6e-05
FINISHED 17 sample_mean completed 2.9e-05
FINISHED 18 sample_mean completed 2.4e-05
FINISHED 19 sample_mean completed 3e-05
START 20 sample_mean
START 21 sample_mean
START 22 sample_mean
PROGRESS 20 / 700
START 23 sample_mean
PROGRESS 20 / 700
PROGRESS 20 / 700
PROGRESS 20 / 700
FINISHED 21 sample_mean completed 3.1e-05
FINISHED 22 sample_mean completed FINISHED2.2e-05 
23FINISHED sample_mean completed  2.4e-0520
 sample_mean completed 3.2e-05
START 24 sample_mean
START 25 sample_mean
STARTSTART  2627  sample_mean
sample_mean
PROGRESS 24 / 700
PROGRESS 24 / 700
PROGRESS 24 / 700
PROGRESS 24 / 700
FINISHED 24 sample_mean completed 2.4e-05
FINISHED 25 sample_mean completed 2.3e-05
FINISHED 27 sample_mean completed 2.3e-05
FINISHED 26 sample_mean completed 3.3e-05
START 28 sample_mean
STARTSTARTSTART 29   sample_mean30
 31sample_mean
 sample_mean
PROGRESS 28 / 700
PROGRESS 28 / 700
PROGRESS 28 / 700
PROGRESS 28 / 700
FINISHED FINISHED 29 sample_mean completed 2.3e-05
28 sample_mean completed 2.2e-05
FINISHED 30 sample_mean completed 2.6e-05
FINISHED 31 sample_mean completed 3.1e-05
START 32START sample_mean 33 sample_mean

START 34 sample_mean
PROGRESS 32 / 700
PROGRESS 32 / 700
START 35 sample_mean
PROGRESS 32 / 700
PROGRESS 32 / 700
FINISHED 34 sample_mean completed 3.1e-05
FINISHED 32 sample_mean completed 2.3e-05
FINISHED 33 sample_mean completed 0.000116
FINISHED 35 sample_mean completed 2.5e-05
START 36 sample_mean
START 37 sample_mean
PROGRESS 36 / 700
START 38 sample_mean
PROGRESS 36 / 700
PROGRESS START36  39/  700
sample_mean
PROGRESS 36 / 700
FINISHED 37 FINISHED 36 sample_mean completed sample_mean completed2.4e-05
 3.1e-05
FINISHED 38 sample_mean completed 2.8e-05
FINISHED 39 sample_mean completed 2.8e-05
START 40 sample_mean
START 41 sample_mean
START 42 sample_mean
START 43 sample_mean
PROGRESS 40 / 700
PROGRESS 40 / 700
PROGRESS 40 / 700
PROGRESS 40 / 700
FINISHED 41 sample_mean completed 2.2e-05
FINISHED 40 sample_mean FINISHEDcompleted  2.4e-05
42 sample_mean completed 2.1e-05
FINISHED 43 sample_mean completed 2.5e-05
START 44 sample_mean
STARTSTART  4645  sample_meansample_mean

START 47 sample_mean
PROGRESS 44 / 700
PROGRESS 44 / 700
PROGRESS 44 / 700
PROGRESS 44 / 700
FINISHED 44 sample_mean completed 2.7e-05
FINISHED 47 sample_mean completed 2.3e-05
FINISHED 45 sample_mean completed 2.4e-05
FINISHED 46 sample_mean completed 2.6e-05
START 48 sample_mean
START 49 sample_mean
START 50 sample_mean
START 51 sample_mean
PROGRESS 48 / 700
PROGRESS 48 / 700
PROGRESS 48 / 700
PROGRESS 48 / 700
FINISHED 48 sample_mean completed 2.3e-05
FINISHED 50 FINISHED 49 sample_mean completed sample_mean completed 2.3e-05
2.6e-05
FINISHED 51 sample_mean completed 2.9e-05
START 52 sample_mean
START 53 sample_mean
STARTPROGRESS 52 54  / 700sample_mean

START 55 sample_mean
PROGRESS 52 / 700
PROGRESS 52 / 700
PROGRESS 52 / 700
FINISHED 55FINISHED 52 sample_mean  sample_mean completed completed 2.2e-05FINISHED2.2e-05

 53 sample_mean completed 2.1e-05
FINISHED 54 sample_mean completed 2.1e-05
START 56 sample_mean
START 57 STARTsample_mean
 58 sample_mean
START 59 sample_mean
PROGRESS 56 / 700
PROGRESS 56 / 700
PROGRESS 56 / 700
PROGRESS 56 / 700
FINISHED 57 sample_mean completed FINISHED 56 sample_mean2.8e-05
 completed 2.4e-05
FINISHED 59 sample_mean completed 2.8e-05
FINISHED 58 sample_mean completed 2.5e-05
START 60 sample_mean
START 61 sample_mean
PROGRESS 60 / 700
START 62 sample_mean
START 63 sample_mean
PROGRESS 60 / 700
PROGRESS 60 / 700
PROGRESS 60 / 700
FINISHED 61 sample_mean completed FINISHED 60 sample_mean completed 2.3e-05
2.4e-05
FINISHED 62 sample_mean completed 2.8e-05
FINISHED 63 sample_mean completed 2.4e-05
START 64 sample_mean
START 65 sample_mean
PROGRESS 64 / 700
START 66 sample_mean
START 67 sample_mean
PROGRESS 64 / 700
PROGRESS 64 / 700
PROGRESS 64 / 700
FINISHED 65 sample_mean completed 2.3e-05
FINISHED 64 sample_mean completed 2.3e-05
FINISHED 66 sample_mean completed 3e-05
FINISHED 67 sample_mean completed 2.4e-05
START 68 sample_mean
START 69 sample_mean
START 70 sample_mean
PROGRESS 68 / 700
PROGRESS 68 / 700
START 71 sample_mean
PROGRESS 68 / 700
PROGRESS 68 / 700
FINISHED 68 sample_mean completed FINISHED 69 sample_mean3.6e-05 completed 
3.4e-05
FINISHED 70 sample_mean completed 2.4e-05
FINISHED 71 sample_mean completed 3e-05
START 72 sample_mean
STARTSTART 73 sample_mean
 74 sample_mean
PROGRESS 72 / 700
PROGRESS 72 / 700
START 75 sample_mean
PROGRESS 72 / 700
PROGRESS 72 / 700
FINISHED 73 sample_mean completed 2.6e-05
FINISHED 72 sample_mean completed 2.4e-05
FINISHED 74 sample_mean completed 2.5e-05
FINISHED 75 sample_mean completed 2.9e-05
START START 77 sample_mean
76START  78 sample_mean
sample_mean
PROGRESS 76 / 700
PROGRESS 76 / 700
START 79 sample_mean
PROGRESS 76 / 700
PROGRESS 76 / 700
FINISHED 76 sample_mean completed 2.3e-05
FINISHED 77 sample_mean completed 2.3e-05
FINISHED 78 sample_mean completed 2.3e-05
FINISHED 79 sample_mean completed 3.2e-05
START 80 sample_mean
START 81 sample_mean
PROGRESS 80 / 700
START 82 sample_mean
PROGRESS 80 / 700
PROGRESS 80 / 700
START 83 sample_mean
PROGRESS 80 / 700
FINISHED 80 sample_mean completed 2.6e-05
FINISHED 82 sample_mean completed 2.5e-05FINISHED 81 sample_mean 
completed 2.4e-05
FINISHED 83 sample_mean completed 3e-05
START 84 sample_mean
START 85 sample_mean
START 86 sample_mean
PROGRESS 84 / 700
PROGRESS 84 / 700
PROGRESS 84 / 700
START 87 sample_mean
PROGRESS 84 / 700
FINISHED 84 sample_mean completed 7.3e-05
FINISHED 85 sample_mean completed FINISHED2.4e-05
 86 sample_mean completed 2.5e-05
FINISHED 87 sample_mean completed 3.1e-05
START 88 sample_mean
STARTSTART 90 sample_mean
 89 sample_mean
PROGRESS 88 / 700
PROGRESS 88 / 700
START 91 sample_mean
PROGRESS 88 / 700
PROGRESS 88 / 700
FINISHED 90 sample_mean completed 2.4e-05
FINISHED 88 sample_mean completed 2.4e-05
FINISHED 89 sample_mean completed 2.5e-05
FINISHED 91 sample_mean completed 3.1e-05
STARTSTART 92 93 sample_mean sample_mean

START 94 sample_mean
PROGRESS 92 / 700
PROGRESS 92 / 700
START 95 sample_mean
PROGRESS 92 / 700
PROGRESS 92 / 700
FINISHED 92 sample_mean completed 2.8e-05
FINISHED 94 sample_mean completed 3.1e-05
FINISHED 93 sample_mean completed 2.6e-05
FINISHED 95 sample_mean completed 2.8e-05
START 96 sample_mean
PROGRESS 96 / 700
START 97 sample_mean
START 98 sample_mean
START 99 sample_mean
PROGRESS 96 / 700
PROGRESS 96 / 700
PROGRESS 96 / 700
FINISHED 97 sample_mean completed 2.2e-05
FINISHED 96 sample_mean completed 2.5e-05
FINISHED 98 sample_mean completed 2.5e-05
FINISHED 99 sample_mean completed 2.7e-05
STARTSTART  10  coordinate_mom
coordinate_mom
START 2 coordinate_mom
PROGRESS 100 / 700
START 3 coordinate_mom
FINISHED 0 coordinate_mom completed 0.000181
FINISHED 1 coordinate_mom completed 0.000182
FINISHED 3 coordinate_mom completed 0.000231
FINISHED 2 coordinate_mom completed 0.000211
START 4 coordinate_mom
START 5 coordinate_mom
START 6 coordinate_mom
START 7 coordinate_mom
running 104 / 700 ['All 100 datasets regenerate exactly; ten replaced rows per seed; shared truth/data hashes and metrics verified.', 'Exactly the seven requested methods; source manifests match; Algorithm 2 and PTZ excluded.', 'K=21 for all block methods; K_sub=29 capped to all 21 without replacement.', 'Completed DL SDP gaps and CFB residual/radius tolerances verified.']
PROGRESS 104 / 700
PROGRESS 104 / 700
PROGRESS 104 / 700
PROGRESS 104 / 700
PROGRESS 104 / 700
PROGRESS 104 / 700
PROGRESS 104 / 700
FINISHED 5 coordinate_mom completed 0.00019
FINISHED 4 coordinate_mom completed 0.000572
FINISHED 6 coordinate_mom completed 0.00022
FINISHED 7 coordinate_mom completed 0.000211
START 8 coordinate_mom
PROGRESS 108 / 700
START 9 coordinate_mom
PROGRESS 108 / 700
START 10 coordinate_mom
PROGRESS 108 / 700
START 11 coordinate_mom
PROGRESS 108 / 700
FINISHED 8 coordinate_mom completed 0.000197
FINISHED 9 coordinate_mom completed 0.000184
FINISHED 10 coordinate_mom completed 0.000188
START 12 coordinate_mom
FINISHED 11 coordinate_mom completed 0.000193
PROGRESS 111 / 700
START 13 coordinate_mom
START 14 coordinate_mom
PROGRESS 112 / 700
PROGRESS 112 / 700
START 15 coordinate_mom
PROGRESS 112 / 700
FINISHED 12 coordinate_mom completed 0.000211
FINISHED 13 coordinate_mom completed 0.000209
START 16 coordinate_mom
FINISHED 14 coordinate_mom completed 0.000205
PROGRESS 115 / 700
FINISHED 15 coordinate_mom completed 0.000222
START 17 coordinate_mom
PROGRESS 116 / 700
START 18 coordinate_mom
PROGRESS 116 / 700
START 19 coordinate_mom
PROGRESS 116 / 700
FINISHED 16 coordinate_mom completed 0.000191
START 20 coordinate_mom
FINISHED 17 coordinate_mom completed 0.000207
PROGRESS 117 / 700
FINISHED 18 coordinate_mom completed 0.00023
FINISHED 19 coordinate_mom completed 0.000209
START 21 coordinate_mom
PROGRESS 120 / 700
START 22 coordinate_mom
PROGRESS 120 / 700
START 23 coordinate_mom
PROGRESS 120 / 700
FINISHED 20 coordinate_mom completed 0.000177
START 24 coordinate_mom
PROGRESS 121 / 700
FINISHED 21 coordinate_mom completed 0.000189
FINISHED 22 coordinate_mom completed 0.000219
FINISHED 23 coordinate_mom completed 0.000225
START 25 coordinate_mom
START 26 coordinate_mom
PROGRESS 124 / 700
PROGRESS 124 / 700
START 27 coordinate_mom
PROGRESS 124 / 700
FINISHED 24 coordinate_mom completed 0.000208
START 28 coordinate_mom
PROGRESS 125 / 700
FINISHED 25 coordinate_mom completed 0.000369
FINISHED 26 coordinate_mom completed 0.000222
FINISHED 27 coordinate_mom completed 0.0003
START 29 coordinate_mom
START 30 coordinate_mom
PROGRESS 128 / 700
PROGRESS 128 / 700
START 31 coordinate_mom
PROGRESS 128 / 700
FINISHED 28 coordinate_mom completed 0.000215
START 32 coordinate_mom
PROGRESS 129 / 700
FINISHED 30 coordinate_mom completed 0.000206
FINISHED 29 coordinate_mom completed 0.000182
FINISHED 31 coordinate_mom completed 0.000221
START 33 coordinate_mom
START 34 coordinate_mom
PROGRESS 132 / 700
PROGRESS 132 / 700
START 35 coordinate_mom
PROGRESS 132 / 700
FINISHED 32 coordinate_mom completed 0.000179
START 36 coordinate_mom
PROGRESS 133 / 700
FINISHED 34 coordinate_mom completed 0.000179
FINISHED 33 coordinate_mom completed 0.00017
FINISHED 35 coordinate_mom completed 0.000211
START 37 coordinate_mom
START 38 coordinate_mom
PROGRESS 136 / 700
PROGRESS 136 / 700
START 39 coordinate_mom
PROGRESS 136 / 700
FINISHED 36 coordinate_mom completed 0.000198
START 40 coordinate_mom
PROGRESS 137 / 700
FINISHED 37 coordinate_mom completed 0.0002
FINISHED 38 coordinate_mom completed 0.00022
FINISHED 39 coordinate_mom completed 0.000225
START START41  42 coordinate_momcoordinate_mom

PROGRESS 140 / 700
START 43 coordinate_mom
PROGRESS 140 / 700
PROGRESS 140 / 700
FINISHED 40 coordinate_mom completed 0.000199
START 44 coordinate_mom
PROGRESS 141 / 700
FINISHED 42 coordinate_mom completed 0.000192
FINISHED 41 coordinate_mom completed 0.000195
FINISHED 43 coordinate_mom completed 0.000251
START 45 coordinate_mom
START 46 coordinate_mom
PROGRESS 144 / 700
START 47 coordinate_mom
PROGRESS 144 / 700
PROGRESS 144 / 700
FINISHED 44 coordinate_mom completed 0.000191
START 48 coordinate_mom
PROGRESS 145 / 700
FINISHED 46FINISHED 45 coordinate_mom completed  coordinate_mom 0.000182
completed 0.000171
FINISHED 47 coordinate_mom completed 0.000228
START 49 coordinate_mom
START 50 coordinate_mom
PROGRESS 148 / 700
START 51 coordinate_mom
PROGRESS 148 / 700
PROGRESS 148 / 700
FINISHED 48 coordinate_mom completed 0.000178
START 52 coordinate_mom
PROGRESS 149 / 700
FINISHED 50 coordinate_mom completed 0.000193
FINISHED 49 coordinate_mom completed 0.000244
FINISHED 51 coordinate_mom completed 0.000225
START 53 coordinate_mom
PROGRESS 152 / 700
START 54 coordinate_mom
START 55 coordinate_mom
PROGRESS 152 / 700
PROGRESS 152 / 700
FINISHED 52 coordinate_mom completed 0.000199
START 56 coordinate_mom
PROGRESS 153 / 700
FINISHED 53 coordinate_mom completed 0.000197
FINISHED 54 coordinate_mom completed 0.000317
FINISHED 55 coordinate_mom completed 0.000229
START 57 coordinate_mom
PROGRESS 156 / 700
START 58 coordinate_mom
PROGRESS 156 / 700
START 59 coordinate_mom
PROGRESS 156 / 700
FINISHED 56 coordinate_mom completed 0.000195
START 60 coordinate_mom
PROGRESS 157 / 700
FINISHED 57 coordinate_mom completed 0.000188
FINISHED 58 coordinate_mom completed 0.000204
FINISHED 59 coordinate_mom completed 0.000216
START 61 coordinate_mom
PROGRESS 160 / 700
START 62 coordinate_mom
PROGRESS 160 / 700
START 63 coordinate_mom
PROGRESS 160 / 700
FINISHED 60 coordinate_mom completed 0.000197
START 64 coordinate_mom
PROGRESS 161 / 700
FINISHED 61 coordinate_mom completed 0.000217
FINISHED 62 coordinate_mom completed 0.000225
FINISHED 63 coordinate_mom completed 0.000215
START 65 coordinate_mom
PROGRESS 164 / 700
START 66 coordinate_mom
PROGRESSSTART 164 / 67  700
coordinate_mom
PROGRESS 164 / 700
FINISHED 64 coordinate_mom completed 0.000195
START 68 coordinate_mom
PROGRESS 165 / 700
FINISHED 65 coordinate_mom completed 0.000214
FINISHED 66 coordinate_mom completed 0.0002
START 69 coordinate_mom
FINISHED 67 coordinate_mom completed 0.0002
PROGRESS 168 / 700
START 70 coordinate_mom
PROGRESS 168 / 700
START 71 coordinate_mom
PROGRESS 168 / 700
FINISHED 68 coordinate_mom completed 0.000191
START 72 coordinate_mom
PROGRESS 169 / 700
FINISHED 69 coordinate_mom completed 0.000269
FINISHED 70 coordinate_mom completed 0.000201
START 73 coordinate_mom
FINISHED 71 coordinate_mom completed 0.000535
PROGRESS 172 / 700
START 74 coordinate_mom
PROGRESS 172 / 700
START 75 coordinate_mom
PROGRESS 172 / 700
FINISHED 72 coordinate_mom completed 0.000213
START 76 coordinate_mom
PROGRESS 173 / 700
FINISHED 73 coordinate_mom completed 0.000195
START 77 coordinate_mom
FINISHED 74 coordinate_mom completed 0.000187
PROGRESS 175 / 700
FINISHED 75 coordinate_mom completed 0.000189
START 78 coordinate_mom
PROGRESS 176 / 700
START 79 coordinate_mom
PROGRESS 176 / 700
FINISHED 76 coordinate_mom completed 0.000196
START 80 coordinate_mom
PROGRESS 177 / 700
FINISHED 77 coordinate_mom completed 0.000184
START 81 coordinate_mom
PROGRESS 178 / 700
FINISHED 78 coordinate_mom completed 0.000228
FINISHED 79 coordinate_mom completed 0.000204
START 82 coordinate_mom
START 83 coordinate_mom
PROGRESS 180 / 700
PROGRESS 180 / 700
FINISHED 80 coordinate_mom completed 0.000234
START 84 coordinate_mom
PROGRESS 181 / 700
FINISHED 81 coordinate_mom completed 0.000198
START 85 coordinate_mom
PROGRESS 182 / 700
FINISHED 82 coordinate_mom completed 0.000185
FINISHED 83 coordinate_mom completed 0.00021
START 86 coordinate_mom
PROGRESS 184 / 700
START 87 coordinate_mom
FINISHED 84 coordinate_mom completed 0.000219
PROGRESS 185 / 700
START 88 coordinate_mom
PROGRESS 185 / 700
FINISHED 85 coordinate_mom completed 0.000197
START 89 coordinate_mom
PROGRESS 186 / 700
FINISHED 86 coordinate_mom completed 0.00018
FINISHED 87 coordinate_mom completed 0.000268
START 90 coordinate_mom
FINISHED 88 coordinate_mom completed 0.000243
PROGRESS 189 / 700
START 91 coordinate_mom
PROGRESS 189 / 700
START 92 coordinate_mom
PROGRESS 189 / 700
FINISHED 89 coordinate_mom completed 0.000209
START 93 coordinate_mom
PROGRESS 190 / 700
FINISHED 90 coordinate_mom completed 0.000196
FINISHED 91 coordinate_mom completed 0.000237
FINISHED 92 coordinate_mom completed 0.000228
START 94 coordinate_mom
PROGRESS 193 / 700
START 95 coordinate_mom
PROGRESS 193 / 700
START 96 coordinate_mom
PROGRESS 193 / 700
FINISHED 93 coordinate_mom completed 0.000193
START 97 coordinate_mom
PROGRESS 194 / 700
FINISHED 94 coordinate_mom completed 0.000206
FINISHED 95 coordinate_mom completed 0.000231
FINISHED 96 coordinate_mom completed 0.000215
START 98 coordinate_mom
PROGRESS 197 / 700
START 99 coordinate_mom
PROGRESS 197 / 700
START 0 geometric_mom
PROGRESS 197 / 700
FINISHED 97 coordinate_mom completed 0.000186
START 1 geometric_mom
PROGRESS 198 / 700
FINISHED 98 coordinate_mom completed 0.000188
FINISHED 99 coordinate_mom completed 0.000202
FINISHED 0 geometric_mom completed 0.000977
START 2 geometric_mom
PROGRESS 201 / 700
START 3 geometric_mom
START 4 geometric_mom
FINISHED 1 geometric_mom completed 0.000714
START 5 geometric_mom
FINISHED 2 geometric_mom completed 0.001126
FINISHED 3 geometric_mom completed 0.000935
START 6 geometric_mom
FINISHED 4 geometric_mom completed 0.001135
START 7 geometric_mom
START 8 geometric_mom
running 205 / 700 ['All 100 datasets regenerate exactly; ten replaced rows per seed; shared truth/data hashes and metrics verified.', 'Exactly the seven requested methods; source manifests match; Algorithm 2 and PTZ excluded.', 'K=21 for all block methods; K_sub=29 capped to all 21 without replacement.', 'Completed DL SDP gaps and CFB residual/radius tolerances verified.']
FINISHED 5 geometric_mom completed 0.000819
PROGRESS 206 / 700
PROGRESS 206 / 700
START 9 geometric_mom
PROGRESS 206 / 700
PROGRESS 206 / 700
PROGRESS 206 / 700
PROGRESS 206 / 700
PROGRESS 206 / 700
FINISHED 6 geometric_mom completed 0.000923
FINISHED 7 geometric_mom completed 0.000737
FINISHED 8 geometric_mom completed 0.000863
START 10 geometric_mom
PROGRESS 209 / 700
START 11 geometric_mom
PROGRESS 209 / 700
START 12 geometric_mom
PROGRESS 209 / 700
FINISHED 9 geometric_mom completed 0.001189
START 13 geometric_mom
PROGRESS 210 / 700
FINISHED 10 geometric_mom completed 0.001163
FINISHED 11 geometric_mom completed 0.000773
FINISHED 12 geometric_mom completed 0.001131
START 14 geometric_mom
PROGRESS 213 / 700
START 15 geometric_mom
PROGRESS 213 / 700
START 16 geometric_mom
PROGRESS 213 / 700
FINISHED 13 geometric_mom completed 0.001115
START 17 geometric_mom
PROGRESS 214 / 700
FINISHED 14 geometric_mom completed 0.000704
FINISHED 15 geometric_mom completed 0.000806
START 18 geometric_mom
PROGRESS 216 / 700
FINISHED 16 geometric_mom completed 0.001228
START 19 geometric_mom
PROGRESS 217 / 700
START 20 geometric_mom
PROGRESS 217 / 700
FINISHED 17 geometric_mom completed 0.00083
START 21 geometric_mom
PROGRESS 218 / 700
FINISHED 18 geometric_mom completed 0.001835
START 22 geometric_mom
PROGRESS 219 / 700
FINISHED 19 geometric_mom completed 0.001181
FINISHED 20 geometric_mom completed 0.000798
START 23 geometric_mom
START 24 geometric_mom
PROGRESS 221 / 700
PROGRESS 221 / 700
FINISHED 21 geometric_mom completed 0.000799
START 25 geometric_mom
PROGRESS 222 / 700
FINISHED 22 geometric_mom completed 0.000875
START 26 geometric_mom
PROGRESS 223 / 700
FINISHED 23 geometric_mom completed 0.001365
FINISHED 24 geometric_mom completed 0.0015
STARTSTART 27  geometric_mom
28 geometric_mom
PROGRESS 225 / 700
PROGRESS 225 / 700
FINISHED 25 geometric_mom completed 0.000789
START 29 geometric_mom
PROGRESS 226 / 700
FINISHED 26 geometric_mom completed 0.001306
START 30 geometric_mom
PROGRESS 227 / 700
FINISHED 27 geometric_mom completed 0.000853
FINISHED 28 geometric_mom completed 0.00123
START 31 geometric_mom
START 32 geometric_mom
PROGRESS 229 / 700
PROGRESS 229 / 700
FINISHED 29 geometric_mom completed 0.000835
START 33 geometric_mom
PROGRESS 230 / 700
FINISHED 30 geometric_mom completed 0.000872
START 34 geometric_mom
PROGRESS 231 / 700
FINISHED 32 geometric_mom completed 0.00107
FINISHED 31 geometric_mom completed 0.00129
START 35 geometric_mom
START 36 geometric_mom
PROGRESS 233 / 700
PROGRESS 233 / 700
FINISHED 33 geometric_mom completed 0.000882
START 37 geometric_mom
PROGRESS 234 / 700
FINISHED 34 geometric_mom completed 0.001547
START 38 geometric_mom
PROGRESS 235 / 700
FINISHED 36 geometric_mom completed 0.000749
FINISHED 35 geometric_mom completed 0.000738
START 39 geometric_mom
START 40 geometric_mom
PROGRESS 237 / 700
PROGRESS 237 / 700
FINISHED 37 geometric_mom completed 0.001175
START 41 geometric_mom
PROGRESS 238 / 700
FINISHED 38 geometric_mom completed 0.001396
START 42 geometric_mom
PROGRESS 239 / 700
FINISHED 40 geometric_mom completed 0.000689
FINISHED 39 geometric_mom completed 0.000835
START 43 geometric_mom
START 44 geometric_mom
PROGRESS 241 / 700
PROGRESS 241 / 700
FINISHED 41 geometric_mom completed 0.000867
START 45 geometric_mom
PROGRESS 242 / 700
FINISHED 42 geometric_mom completed 0.001692
START 46 geometric_mom
PROGRESS 243 / 700
FINISHED 43 geometric_mom completed 0.00067
FINISHED 44 geometric_mom completed 0.000789
START 47 geometric_mom
START 48 geometric_mom
PROGRESS 245 / 700
PROGRESS 245 / 700
FINISHED 45 geometric_mom completed 0.000967
START 49 geometric_mom
PROGRESS 246 / 700
FINISHED 46 geometric_mom completed 0.001029
START 50 geometric_mom
PROGRESS 247 / 700
FINISHED 47 geometric_mom completed 0.000849
FINISHED 48 geometric_mom completed 0.001658
START 51 geometric_mom
START 52 geometric_mom
PROGRESS 249 / 700
PROGRESS 249 / 700
FINISHED 49 geometric_mom completed 0.000901
START 53 geometric_mom
PROGRESS 250 / 700
FINISHED 50 geometric_mom completed 0.001098
START 54 geometric_mom
PROGRESS 251 / 700
FINISHED 51 geometric_mom completed 0.000812
FINISHED 52 geometric_mom completed 0.000728
START 55 geometric_mom
START 56 geometric_mom
PROGRESS 253 / 700
PROGRESS 253 / 700
FINISHED 53 geometric_mom completed 0.000932
START 57 geometric_mom
PROGRESS 254 / 700
FINISHED 54 geometric_mom completed 0.000945
START 58 geometric_mom
PROGRESS 255 / 700
FINISHED 55 geometric_mom completed 0.001128
FINISHED 56 geometric_mom completed 0.00094
START 59 geometric_mom
START 60 geometric_mom
PROGRESS 257 / 700
PROGRESS 257 / 700
FINISHED 57 geometric_mom completed 0.001489
START 61 geometric_mom
PROGRESS 258 / 700
FINISHED 58 geometric_mom completed 0.000938
START 62 geometric_mom
PROGRESS 259 / 700
FINISHED 59 geometric_mom completed 0.000903
FINISHED 60 geometric_mom completed 0.000721
START 63 geometric_mom
START 64 geometric_mom
PROGRESS 261 / 700
PROGRESS 261 / 700
FINISHED 61 geometric_mom completed 0.00111
START 65 geometric_mom
PROGRESS 262 / 700
FINISHED 62 geometric_mom completed 0.000823
START 66 geometric_mom
PROGRESS 263 / 700
FINISHED 63 geometric_mom completed 0.000974
FINISHED 64 geometric_mom completed 0.001176
START 67 geometric_mom
START 68 geometric_mom
PROGRESS 265 / 700
PROGRESS 265 / 700
FINISHED 65 geometric_mom completed 0.001118
START 69 geometric_mom
PROGRESS 266 / 700
FINISHED 66 geometric_mom completed 0.001226
START 70 geometric_mom
PROGRESS 267 / 700
FINISHED 67 geometric_mom completed 0.001202
FINISHED 68 geometric_mom completed 0.00073
START 71 geometric_mom
START 72 geometric_mom
PROGRESS 269 / 700
PROGRESS 269 / 700
FINISHED 69 geometric_mom completed 0.00078
START 73 geometric_mom
PROGRESS 270 / 700
FINISHED 70 geometric_mom completed 0.000713
START 74 geometric_mom
PROGRESS 271 / 700
FINISHED 71 geometric_mom completed 0.00086
FINISHED 72 geometric_mom completed 0.001328
START 75 geometric_mom
START 76 geometric_mom
PROGRESS 273 / 700
PROGRESS 273 / 700
FINISHED 73 geometric_mom completed 0.001006
START 77 geometric_mom
PROGRESS 274 / 700
FINISHED 74 geometric_mom completed 0.001034
START 78 geometric_mom
PROGRESS 275 / 700
FINISHED 75 geometric_mom completed 0.000851
FINISHED 76 geometric_mom completed 0.001251
START 79 geometric_mom
START 80 geometric_mom
PROGRESS 277 / 700
FINISHED 77 geometric_mom completed 0.001259
PROGRESS 277 / 700
START 81 geometric_mom
PROGRESS 278 / 700
FINISHED 78 geometric_mom completed 0.001103
START 82 geometric_mom
PROGRESS 279 / 700
FINISHED 79 geometric_mom completed 0.000616
FINISHED 80 geometric_mom completed 0.000935
START 83 geometric_mom
START 84 geometric_mom
PROGRESS 281 / 700
FINISHED 81 geometric_mom completed 0.000834
PROGRESS 282 / 700
START 85 geometric_mom
PROGRESS 282 / 700
FINISHED 82 geometric_mom completed 0.001208
START 86 geometric_mom
PROGRESS 283 / 700
FINISHED 83 geometric_mom completed 0.000854
FINISHED 84 geometric_mom completed 0.001365
START 87 geometric_mom
FINISHED 85 geometric_mom completed 0.001229
PROGRESS 286 / 700
START 88 geometric_mom
PROGRESS 286 / 700
START 89 geometric_mom
PROGRESS 286 / 700
FINISHED 86 geometric_mom completed 0.001226
START 90 geometric_mom
PROGRESS 287 / 700
FINISHED 87 geometric_mom completed 0.001113
FINISHED 88 geometric_mom completed 0.000795
FINISHED 89 geometric_mom completed 0.000847
START 91 geometric_mom
START 92 geometric_mom
PROGRESS 290 / 700
PROGRESS 290 / 700
START 93 geometric_mom
PROGRESS 290 / 700
FINISHED 90 geometric_mom completed 0.000682
START 94 geometric_mom
PROGRESS 291 / 700
FINISHED 91 geometric_mom completed 0.001063
FINISHED 92 geometric_mom completed 0.000793
FINISHED 93 geometric_mom completed 0.000807
START 95 geometric_mom
START 96 geometric_mom
PROGRESS 294 / 700
PROGRESS 294 / 700
START 97 geometric_mom
PROGRESS 294 / 700
FINISHED 94 geometric_mom completed 0.000699
START 98 geometric_mom
PROGRESS 295 / 700
FINISHED 95 geometric_mom completed 0.001265
FINISHED 96 geometric_mom completed 0.001178
FINISHED 97 geometric_mom completed 0.000937
START 99 geometric_mom
PROGRESS 298 / 700
START 0 algorithm_1
PROGRESS 298 / 700
START 1 algorithm_1
PROGRESS 298 / 700
FINISHED 98 geometric_mom completed 0.00109
START 2 algorithm_1
PROGRESS 299 / 700
FINISHED 99 geometric_mom completed 0.000871
START 3 algorithm_1
PROGRESS 300 / 700
running 300 / 700 ['All 100 datasets regenerate exactly; ten replaced rows per seed; shared truth/data hashes and metrics verified.', 'Exactly the seven requested methods; source manifests match; Algorithm 2 and PTZ excluded.', 'K=21 for all block methods; K_sub=29 capped to all 21 without replacement.', 'Completed DL SDP gaps and CFB residual/radius tolerances verified.']
FINISHED 3 algorithm_1 completed 0.498738
START 4 algorithm_1
PROGRESS 301 / 700
FINISHED 0 algorithm_1 completed 1.310964
START 5 algorithm_1
PROGRESS 302 / 700
FINISHED 2 algorithm_1 completed 1.25477
FINISHED 1 algorithm_1 completed 1.40356
START 6 algorithm_1
PROGRESS 304 / 700
START 7 algorithm_1
PROGRESS 304 / 700
FINISHED 4 algorithm_1 completed 0.820798
START 8 algorithm_1
FINISHED 6 algorithm_1 completed 0.506944
PROGRESS 305 / 700
START 9 algorithm_1
PROGRESS 306 / 700
FINISHED 7 algorithm_1 completed 0.907004
START 10 algorithm_1
PROGRESS 307 / 700
FINISHED 5 algorithm_1 completed 1.168859
START 11 algorithm_1
PROGRESS 308 / 700
FINISHED 10 algorithm_1 completed 0.209158
START 12 algorithm_1
PROGRESS 309 / 700
FINISHED 9 algorithm_1 completed 0.866501
START 13 algorithm_1
PROGRESS 310 / 700
FINISHED 11 algorithm_1 completed 0.413065
START 14 algorithm_1
PROGRESS 311 / 700
FINISHED 12 algorithm_1 completed 0.186895
START 15 algorithm_1
PROGRESS 312 / 700
FINISHED 13 algorithm_1 completed 0.40024
START 16 algorithm_1
PROGRESS 313 / 700
FINISHED 8 algorithm_1 completed 2.779356
START 17 algorithm_1
PROGRESS 314 / 700
FINISHED 15 algorithm_1 completed 0.985071
START 18 algorithm_1
PROGRESS 315 / 700
FINISHED 14 algorithm_1 completed 1.800301
START 19 algorithm_1
PROGRESS 316 / 700
FINISHED 16 algorithm_1 completed 1.0875
START 20 algorithm_1
PROGRESS 317 / 700
FINISHED 18 algorithm_1 completed 0.719881
START 21 algorithm_1
PROGRESS 318 / 700
FINISHED 17 algorithm_1 completed 1.132499
START 22 algorithm_1
PROGRESS 319 / 700
FINISHED 19 algorithm_1 completed 0.829839
FINISHED 20 algorithm_1 completed 0.690048
START 23 algorithm_1
PROGRESS 321 / 700
START 24 algorithm_1
PROGRESS 321 / 700
FINISHED 21 algorithm_1 completed 0.345154
START 25 algorithm_1
PROGRESS 322 / 700
FINISHED 23 algorithm_1 completed 0.401896
START 26 algorithm_1
FINISHED 24 algorithm_1 completed 0.460079
PROGRESS 323 / 700
START 27 algorithm_1
PROGRESS 324 / 700
FINISHED 26 algorithm_1 completed 0.829247
START 28 algorithm_1
PROGRESS 325 / 700
FINISHED 22 algorithm_1 completed 2.370134
START 29 algorithm_1
PROGRESS 326 / 700
FINISHED 27 algorithm_1 completed 1.002415
START 30 algorithm_1
PROGRESS 327 / 700
FINISHED 28 algorithm_1 completed 0.262097
START 31 algorithm_1
PROGRESS 328 / 700
FINISHED 30 algorithm_1 completed 0.589966
START 32 algorithm_1
PROGRESS 329 / 700
FINISHED 31 algorithm_1 completed 0.687606
START 33 algorithm_1
PROGRESS 330 / 700
FINISHED 25 algorithm_1 completed 3.768717
START 34 algorithm_1
PROGRESS 331 / 700
FINISHED 29 algorithm_1 completed 2.020988
FINISHED 32 algorithm_1 completed 0.788875
START 35 algorithm_1
PROGRESS 333 / 700
START 36 algorithm_1
PROGRESS 333 / 700
FINISHED 34 algorithm_1 completed 0.353356
START 37 algorithm_1
PROGRESS 334 / 700
FINISHED 36 algorithm_1 completed 0.57301
FINISHED 33 algorithm_1 completed 1.341191
START 38 algorithm_1
PROGRESS 336 / 700
START 39 algorithm_1
PROGRESS 336 / 700
FINISHED 35 algorithm_1 completed 0.809623
FINISHED 37 algorithm_1 completed 0.244923
START 40 algorithm_1
START 41 algorithm_1
PROGRESS 338 / 700
PROGRESS 338 / 700
FINISHED 38 algorithm_1 completed 0.792013
FINISHED 39 algorithm_1 completed 0.790615
START 42 algorithm_1
PROGRESS 340 / 700
START 43 algorithm_1
PROGRESS 340 / 700
FINISHED 40 algorithm_1 completed 0.869963
START 44 algorithm_1
PROGRESS 341 / 700
FINISHED 41 algorithm_1 completed 1.192561
START 45 algorithm_1
PROGRESS 342 / 700
FINISHED 42 algorithm_1 completed 0.358129
START 46 algorithm_1
PROGRESS 343 / 700
FINISHED 43 algorithm_1 completed 0.52891
START 47 algorithm_1
PROGRESS 344 / 700
FINISHED 44 algorithm_1 completed 0.766853
START 48 algorithm_1
PROGRESS 345 / 700
FINISHED 46 algorithm_1 completed 0.370365
START 49 algorithm_1
PROGRESS 346 / 700
FINISHED 45 algorithm_1 completed 1.001905
START 50 algorithm_1
PROGRESS 347 / 700
FINISHED 47 algorithm_1 completed 0.563989
START 51 algorithm_1
PROGRESS 348 / 700
FINISHED 48 algorithm_1 completed 0.313524
START 52 algorithm_1
PROGRESS 349 / 700
FINISHED 49 algorithm_1 completed 0.782302
START 53 algorithm_1
PROGRESS 350 / 700
FINISHED 50 algorithm_1 completed 0.857344
START 54 algorithm_1
PROGRESS 351 / 700
FINISHED 51 algorithm_1 completed 0.837736
START 55 algorithm_1
PROGRESS 352 / 700
FINISHED 53 algorithm_1 completed 0.381734
START 56 algorithm_1
PROGRESS 353 / 700
FINISHED 54 algorithm_1 completed 0.526899
START 57 algorithm_1
FINISHED 55 algorithm_1 completed 0.448474
PROGRESS 354 / 700
START 58 algorithm_1
PROGRESS 355 / 700
FINISHED 57 algorithm_1 completed 0.685941
FINISHED 58 algorithm_1 completed 0.648205
START 59 algorithm_1
PROGRESS 357 / 700
START 60 algorithm_1
PROGRESS 357 / 700
FINISHED 59 algorithm_1 completed 0.553386
FINISHED 52 algorithm_1 completed 4.08327
START 61 algorithm_1
PROGRESS 359 / 700
START 62 algorithm_1
PROGRESS 359 / 700
FINISHED 60 algorithm_1 completed 0.829187
START 63 algorithm_1
FINISHED 56 algorithm_1 completed 2.668872
PROGRESS 360 / 700
START 64 algorithm_1
PROGRESS 361 / 700
FINISHED 62 algorithm_1 completed 0.1432
START 65 algorithm_1
PROGRESS 362 / 700
FINISHED 63 algorithm_1 completed 0.862841
START 66 algorithm_1
PROGRESS 363 / 700
FINISHED 64 algorithm_1 completed 1.050187
START 67 algorithm_1
PROGRESS 364 / 700
FINISHED 61 algorithm_1 completed 1.80435
START 68 algorithm_1
PROGRESS 365 / 700
FINISHED 65 algorithm_1 completed 1.570957
START 69 algorithm_1
PROGRESS 366 / 700
FINISHED 66 algorithm_1 completed 0.744356
START 70 algorithm_1
PROGRESS 367 / 700
FINISHED 67 algorithm_1 completed 0.828954
START 71 algorithm_1
PROGRESS 368 / 700
FINISHED 69 algorithm_1 completed 1.009023
START 72 algorithm_1
FINISHED 68 algorithm_1 completed 1.673344
PROGRESS 369 / 700
START 73 algorithm_1
PROGRESS 370 / 700
FINISHED 71 algorithm_1 completed 0.720604
START 74 algorithm_1
PROGRESS 371 / 700
FINISHED 72 algorithm_1 completed 0.477789
FINISHED 73 algorithm_1 completed 0.436676
START 75 algorithm_1
PROGRESS 373 / 700
START 76 algorithm_1
PROGRESS 373 / 700
FINISHED 70 algorithm_1 completed 2.55106
START 77 algorithm_1
PROGRESS 374 / 700
FINISHED 75 algorithm_1 completed 0.629388
FINISHED 76 algorithm_1 completed 0.620421
START 78 algorithm_1
PROGRESS 376 / 700
START 79 algorithm_1
PROGRESS 376 / 700
FINISHED 77 algorithm_1 completed 0.579444
START 80 algorithm_1
PROGRESS 377 / 700
FINISHED 74 algorithm_1 completed 2.176764
START 81 algorithm_1
PROGRESS 378 / 700
FINISHED 78 algorithm_1 completed 0.529905
START 82 algorithm_1
PROGRESS 379 / 700
FINISHED 80 algorithm_1 completed 0.703463
START 83 algorithm_1
FINISHED 81 algorithm_1 completed 0.646851
PROGRESS 380 / 700
START 84 algorithm_1
PROGRESS 381 / 700
FINISHED 79 algorithm_1 completed 2.370191
FINISHED 84 algorithm_1 completed 0.482866
START 85 algorithm_1
START 86 algorithm_1
PROGRESS 383 / 700
PROGRESS 383 / 700
FINISHED 83 algorithm_1 completed 1.203299
START 87 algorithm_1
PROGRESS 384 / 700
FINISHED 85 algorithm_1 completed 0.495336
START 88 algorithm_1
PROGRESS 385 / 700
FINISHED 86 algorithm_1 completed 0.748503
START 89 algorithm_1
PROGRESS 386 / 700
FINISHED 87 algorithm_1 completed 0.265339
START 90 algorithm_1
PROGRESS 387 / 700
FINISHED 82 algorithm_1 completed 3.093854
START 91 algorithm_1
PROGRESS 388 / 700
FINISHED 89 algorithm_1 completed 0.844703
START 92 algorithm_1
PROGRESS 389 / 700
FINISHED 90 algorithm_1 completed 1.181567
START 93 algorithm_1
PROGRESS 390 / 700
FINISHED 91 algorithm_1 completed 1.661777
START 94 algorithm_1
PROGRESS 391 / 700
FINISHED 88 algorithm_1 completed 2.512294
START 95 algorithm_1
PROGRESS 392 / 700
FINISHED 92 algorithm_1 completed 1.13501
START 96 algorithm_1
PROGRESS 393 / 700
FINISHED 93 algorithm_1 completed 1.055215
START 97 algorithm_1
PROGRESS 394 / 700
FINISHED 95 algorithm_1 completed 0.351399
START 98 algorithm_1
PROGRESS 395 / 700
FINISHED 96 algorithm_1 completed 0.636076
FINISHED 94 algorithm_1 completed 1.227569
START 99 algorithm_1
PROGRESS 397 / 700
START 0 random_block_selection
PROGRESS 397 / 700
FINISHED 97 algorithm_1 completed 0.701074
START 1 random_block_selection
PROGRESS 398 / 700
FINISHED 98 algorithm_1 completed 0.893517
START 2 random_block_selection
PROGRESS 399 / 700
FINISHED 0 random_block_selection completed 1.025243
START 3 random_block_selection
PROGRESS 400 / 700
FINISHED 99 algorithm_1 completed 1.27517
START 4 random_block_selection
FINISHED 1 random_block_selection completed 1.225229
START 5 random_block_selection
FINISHED 2 random_block_selection completed 1.09722
START 6 random_block_selection
running 403 / 700 ['All 100 datasets regenerate exactly; ten replaced rows per seed; shared truth/data hashes and metrics verified.', 'Exactly the seven requested methods; source manifests match; Algorithm 2 and PTZ excluded.', 'K=21 for all block methods; K_sub=29 capped to all 21 without replacement.', 'Completed DL SDP gaps and CFB residual/radius tolerances verified.']
FINISHED 3 random_block_selection completed 0.513597
START 7 random_block_selection
PROGRESS 404 / 700
PROGRESS 404 / 700
PROGRESS 404 / 700
PROGRESS 404 / 700
FINISHED 4 random_block_selection completed 0.928304
START 8 random_block_selection
PROGRESS 405 / 700
FINISHED 6 random_block_selection completed 0.526458
START 9 random_block_selection
PROGRESS 406 / 700
FINISHED 5 random_block_selection completed 1.259607
START 10 random_block_selection
PROGRESS 407 / 700
FINISHED 7 random_block_selection completed 0.960343
START 11 random_block_selection
PROGRESS 408 / 700
FINISHED 10 random_block_selection completed 0.22581
START 12 random_block_selection
PROGRESS 409 / 700
FINISHED 9 random_block_selection completed 0.918049
START 13 random_block_selection
PROGRESS 410 / 700
FINISHED 11 random_block_selection completed 0.435061
START 14 random_block_selection
PROGRESS 411 / 700
FINISHED 12 random_block_selection completed 0.19266
START 15 random_block_selection
PROGRESS 412 / 700
FINISHED 13 random_block_selection completed 0.409967
START 16 random_block_selection
PROGRESS 413 / 700
FINISHED 8 random_block_selection completed 2.946508
START 17 random_block_selection
PROGRESS 414 / 700
FINISHED 15 random_block_selection completed 1.057158
START 18 random_block_selection
PROGRESS 415 / 700
FINISHED 16 random_block_selection completed 1.147092
FINISHED 14 random_block_selection completed 1.906113
START 19 random_block_selection
START 20 random_block_selection
PROGRESS 417 / 700
PROGRESS 417 / 700
FINISHED 17 random_block_selection completed 1.182181
START 21 random_block_selection
PROGRESS 418 / 700
FINISHED 18 random_block_selection completed 0.760711
START 22 random_block_selection
PROGRESS 419 / 700
FINISHED 20 random_block_selection completed 0.740705
START 23 random_block_selection
PROGRESS 420 / 700
FINISHED 19 random_block_selection completed 0.893791
START 24 random_block_selection
PROGRESS 421 / 700
FINISHED 21 random_block_selection completed 0.349098
START 25 random_block_selection
PROGRESS 422 / 700
FINISHED 23 random_block_selection completed 0.429401
START 26 random_block_selection
PROGRESS 423 / 700
FINISHED 24 random_block_selection completed 0.480953
START 27 random_block_selection
PROGRESS 424 / 700
FINISHED 26 random_block_selection completed 0.884969
START 28 random_block_selection
PROGRESS 425 / 700
FINISHED 22 random_block_selection completed 2.49631
START 29 random_block_selection
PROGRESS 426 / 700
FINISHED 27 random_block_selection completed 1.058317
START 30 random_block_selection
PROGRESS 427 / 700
FINISHED 28 random_block_selection completed 0.27173
START 31 random_block_selection
PROGRESS 428 / 700
FINISHED 30 random_block_selection completed 0.622116
START 32 random_block_selection
PROGRESS 429 / 700
FINISHED 31 random_block_selection completed 0.723642
START 33 random_block_selection
PROGRESS 430 / 700
FINISHED 25 random_block_selection completed 3.987778
START 34 random_block_selection
PROGRESS 431 / 700
FINISHED 29 random_block_selection completed 2.139573
START 35 random_block_selection
PROGRESS 432 / 700
FINISHED 32 random_block_selection completed 0.825528
START 36 random_block_selection
PROGRESS 433 / 700
FINISHED 34 random_block_selection completed 0.373883
START 37 random_block_selection
PROGRESS 434 / 700
FINISHED 36 random_block_selection completed 0.597754
FINISHED 33 random_block_selection completed 1.407586
FINISHED 37 random_block_selection completed 0.26435
START 38 random_block_selection
START 39 random_block_selection
FINISHED 35 random_block_selection completed 0.86729
START 40 random_block_selection
PROGRESS 438 / 700
PROGRESS 438 / 700
START 41 random_block_selection
PROGRESS 438 / 700
PROGRESS 438 / 700
FINISHED 39 random_block_selection completed 0.841618
FINISHED 38 random_block_selection completed 0.85509
START 42 random_block_selection
START 43 random_block_selection
FINISHED 40 random_block_selection completed 0.90891
PROGRESS 440 / 700
PROGRESS 441 / 700
START 44 random_block_selection
PROGRESS 441 / 700
FINISHED 41 random_block_selection completed 1.257874
START 45 random_block_selection
PROGRESS 442 / 700
FINISHED 42 random_block_selection completed 0.360617
START 46 random_block_selection
PROGRESS 443 / 700
FINISHED 43 random_block_selection completed 0.548338
START 47 random_block_selection
PROGRESS 444 / 700
FINISHED 44 random_block_selection completed 0.808355
START 48 random_block_selection
PROGRESS 445 / 700
FINISHED 46 random_block_selection completed 0.375438
START 49 random_block_selection
PROGRESS 446 / 700
FINISHED 45 random_block_selection completed 1.054198
START 50 random_block_selection
PROGRESS 447 / 700
FINISHED 47 random_block_selection completed 0.594727
START 51 random_block_selection
FINISHED 48 random_block_selection completed 0.319962
PROGRESS 448 / 700
START 52 random_block_selection
PROGRESS 449 / 700
FINISHED 49 random_block_selection completed 0.849609
START 53 random_block_selection
PROGRESS 450 / 700
FINISHED 50 random_block_selection completed 0.917972
START 54 random_block_selection
PROGRESS 451 / 700
FINISHED 51 random_block_selection completed 0.886367
START 55 random_block_selection
PROGRESS 452 / 700
FINISHED 53 random_block_selection completed 0.40494
START 56 random_block_selection
PROGRESS 453 / 700
FINISHED 54 random_block_selection completed 0.535661
START 57 random_block_selection
PROGRESS 454 / 700
FINISHED 55 random_block_selection completed 0.482194
START 58 random_block_selection
PROGRESS 455 / 700
FINISHED 57 random_block_selection completed 0.720582
START 59 random_block_selection
FINISHED 58 random_block_selection completed 0.68981
PROGRESS 456 / 700
START 60 random_block_selection
PROGRESS 457 / 700
FINISHED 52 random_block_selection completed 4.317117
FINISHED 59 random_block_selection completed 0.588719
START 61 random_block_selection
START 62 random_block_selection
PROGRESS 459 / 700
PROGRESS 459 / 700
FINISHED 60 random_block_selection completed 0.865924
START 63 random_block_selection
PROGRESS 460 / 700
FINISHED 56 random_block_selection completed 2.816416
START 64 random_block_selection
PROGRESS 461 / 700
FINISHED 62 random_block_selection completed 0.134469
START 65 random_block_selection
PROGRESS 462 / 700
FINISHED 63 random_block_selection completed 0.884637
START 66 random_block_selection
PROGRESS 463 / 700
FINISHED 64 random_block_selection completed 1.081513
START 67 random_block_selection
PROGRESS 464 / 700
FINISHED 61 random_block_selection completed 1.860157
START 68 random_block_selection
PROGRESS 465 / 700
FINISHED 65 random_block_selection completed 1.636588
START 69 random_block_selection
PROGRESS 466 / 700
FINISHED 66 random_block_selection completed 0.769841
START 70 random_block_selection
PROGRESS 467 / 700
FINISHED 67 random_block_selection completed 0.862425
START 71 random_block_selection
PROGRESS 468 / 700
FINISHED 69 random_block_selection completed 1.057786
START 72 random_block_selection
PROGRESS 469 / 700
FINISHED 68 random_block_selection completed 1.75675
START 73 random_block_selection
PROGRESS 470 / 700
FINISHED 71 random_block_selection completed 0.731787
START 74 random_block_selection
PROGRESS 471 / 700
FINISHED 72 random_block_selection completed 0.484206
START 75 random_block_selection
FINISHED 73 random_block_selection completed 0.441757
PROGRESS 472 / 700
START 76 random_block_selection
PROGRESS 473 / 700
FINISHED 70 random_block_selection completed 2.647978
START 77 random_block_selection
PROGRESS 474 / 700
FINISHED 75 random_block_selection completed 0.676565
FINISHED 76 random_block_selection completed 0.646769
START 78 random_block_selection
PROGRESS 476 / 700
START 79 random_block_selection
PROGRESS 476 / 700
FINISHED 77 random_block_selection completed 0.609143
START 80 random_block_selection
PROGRESS 477 / 700
FINISHED 74 random_block_selection completed 2.300395
START 81 random_block_selection
PROGRESS 478 / 700
FINISHED 78 random_block_selection completed 0.548923
START 82 random_block_selection
PROGRESS 479 / 700
FINISHED 80 random_block_selection completed 0.721055
START 83 random_block_selection
FINISHED 81 random_block_selection completed 0.65267
PROGRESS 480 / 700
START 84 random_block_selection
PROGRESS 481 / 700
FINISHED 79 random_block_selection completed 2.427076
START 85 random_block_selection
FINISHED 84 random_block_selection completed 0.491921
PROGRESS 482 / 700
START 86 random_block_selection
PROGRESS 483 / 700
FINISHED 83 random_block_selection completed 1.211495
START 87 random_block_selection
PROGRESS 484 / 700
FINISHED 85 random_block_selection completed 0.503119
START 88 random_block_selection
PROGRESS 485 / 700
FINISHED 86 random_block_selection completed 0.751219
START 89 random_block_selection
PROGRESS 486 / 700
FINISHED 87 random_block_selection completed 0.271417
START 90 random_block_selection
PROGRESS 487 / 700
FINISHED 82 random_block_selection completed 3.090192
START 91 random_block_selection
PROGRESS 488 / 700
FINISHED 89 random_block_selection completed 0.830278
START 92 random_block_selection
PROGRESS 489 / 700
FINISHED 90 random_block_selection completed 1.165799
START 93 random_block_selection
PROGRESS 490 / 700
FINISHED 91 random_block_selection completed 1.646937
START 94 random_block_selection
PROGRESS 491 / 700
FINISHED 88 random_block_selection completed 2.455086
START 95 random_block_selection
PROGRESS 492 / 700
FINISHED 92 random_block_selection completed 1.141192
START 96 random_block_selection
PROGRESS 493 / 700
FINISHED 93 random_block_selection completed 1.055737
START 97 random_block_selection
PROGRESS 494 / 700
FINISHED 95 random_block_selection completed 0.366658
START 98 random_block_selection
PROGRESS 495 / 700
FINISHED 94 random_block_selection completed 1.254989
FINISHED 96 random_block_selection completed 0.645736
START 99 random_block_selection
START 0 dl_clarabel
PROGRESS 497 / 700
PROGRESS 497 / 700
FINISHED 97 random_block_selection completed 0.724003
START 1 dl_clarabel
PROGRESS 498 / 700
FINISHED 98 random_block_selection completed 0.883746
START 2 dl_clarabel
PROGRESS 499 / 700
FINISHED 0 dl_clarabel completed 1.099901
START 3 dl_clarabel
PROGRESS 500 / 700
FINISHED 99 random_block_selection completed 1.352066
START 4 dl_clarabel
FINISHED 1 dl_clarabel completed 1.531169
START 5 dl_clarabel
FINISHED 2 dl_clarabel completed 1.390671
START 6 dl_clarabel
running 502 / 700 ['All 100 datasets regenerate exactly; ten replaced rows per seed; shared truth/data hashes and metrics verified.', 'Exactly the seven requested methods; source manifests match; Algorithm 2 and PTZ excluded.', 'K=21 for all block methods; K_sub=29 capped to all 21 without replacement.', 'Completed DL SDP gaps and CFB residual/radius tolerances verified.']
PROGRESS 503 / 700
PROGRESS 503 / 700
PROGRESS 503 / 700
FINISHED 3 dl_clarabel completed 1.337974
START 7 dl_clarabel
PROGRESS 504 / 700
FINISHED 4 dl_clarabel completed 1.532222
FINISHED 6 dl_clarabel completed 0.717136
START 8 dl_clarabel
PROGRESS 506 / 700
START 9 dl_clarabel
PROGRESS 506 / 700
FINISHED 5 dl_clarabel completed 1.366167
START 10 dl_clarabel
PROGRESS 507 / 700
FINISHED 7 dl_clarabel completed 0.792446
START 11 dl_clarabel
PROGRESS 508 / 700
FINISHED 9 dl_clarabel completed 1.320124
START 12 dl_clarabel
FINISHED 8 dl_clarabel completed 1.511313
PROGRESS 509 / 700
START 13 dl_clarabel
FINISHED 10 dl_clarabel completed 1.005088
PROGRESS 511 / 700
START 14 dl_clarabel
PROGRESS 511 / 700
FINISHED 11 dl_clarabel completed 1.001629
START 15 dl_clarabel
PROGRESS 512 / 700
FINISHED 12 dl_clarabel completed 1.191568
START 16 dl_clarabel
PROGRESS 513 / 700
FINISHED 13 dl_clarabel completed 1.304514
START 17 dl_clarabel
PROGRESS 514 / 700
FINISHED 14 dl_clarabel completed 1.459777
START 18 dl_clarabel
PROGRESS 515 / 700
FINISHED 15 dl_clarabel completed 1.460973
START 19 dl_clarabel
PROGRESS 516 / 700
FINISHED 16 dl_clarabel completed 1.261011
START 20 dl_clarabel
PROGRESS 517 / 700
FINISHED 17 dl_clarabel completed 1.347355
START 21 dl_clarabel
PROGRESS 518 / 700
FINISHED 18 dl_clarabel completed 1.413117
START 22 dl_clarabel
PROGRESS 519 / 700
FINISHED 19 dl_clarabel completed 1.262863
START 23 dl_clarabel
PROGRESS 520 / 700
FINISHED 20 dl_clarabel completed 1.416507
FINISHED 21 dl_clarabel completed 1.178712
START 24 dl_clarabel
START 25 dl_clarabel
PROGRESS 522 / 700
PROGRESS 522 / 700
FINISHED 22 dl_clarabel completed 1.468249
FINISHED 23 dl_clarabel completed 1.181952
START 26 dl_clarabel
START 27 dl_clarabel
PROGRESS 524 / 700
PROGRESS 524 / 700
FINISHED 24 dl_clarabel completed 1.196351
START 28 dl_clarabel
PROGRESS 525 / 700
FINISHED 25 dl_clarabel completed 1.556601
START 29 dl_clarabel
FINISHED 26 dl_clarabel completed 1.102148
START 30 dl_clarabel
PROGRESS 527 / 700
PROGRESS 527 / 700
FINISHED 27 dl_clarabel completed 1.51101
START 31 dl_clarabel
PROGRESS 528 / 700
FINISHED 28 dl_clarabel completed 1.37077
START 32 dl_clarabel
PROGRESS 529 / 700
FINISHED 30 dl_clarabel completed 1.435687
START 33 dl_clarabel
FINISHED 29 dl_clarabel completed 1.662108
START 34 dl_clarabel
PROGRESS 531 / 700
PROGRESS 531 / 700
FINISHED 31 dl_clarabel completed 1.58494
START 35 dl_clarabel
PROGRESS 532 / 700
FINISHED 32 dl_clarabel completed 1.407073
START 36 dl_clarabel
PROGRESS 533 / 700
FINISHED 34 dl_clarabel completed 1.266698
START 37 dl_clarabel
FINISHED 33 dl_clarabel completed 1.531186
START 38 dl_clarabel
PROGRESS 535 / 700
PROGRESS 535 / 700
FINISHED 35 dl_clarabel completed 1.581002
START 39 dl_clarabel
FINISHED 36 dl_clarabel completed 1.073074
PROGRESS 536 / 700
START 40 dl_clarabel
PROGRESS 537 / 700
FINISHED 37 dl_clarabel completed 1.38121
START 41 dl_clarabel
FINISHED 38 dl_clarabel completed 1.441239
PROGRESS 538 / 700
START 42 dl_clarabel
PROGRESS 539 / 700
FINISHED 39 dl_clarabel completed 1.258616
START 43 dl_clarabel
PROGRESS 540 / 700
FINISHED 40 dl_clarabel completed 1.306493
START 44 dl_clarabel
PROGRESS 541 / 700
FINISHED 41 dl_clarabel completed 1.439234
START 45 dl_clarabel
PROGRESS 542 / 700
FINISHED 42 dl_clarabel completed 1.538231
START 46 dl_clarabel
FINISHED 43 dl_clarabel completed 1.115114
START 47 dl_clarabel
PROGRESS 544 / 700
PROGRESS 544 / 700
FINISHED 44 dl_clarabel completed 1.501953
START 48 dl_clarabel
PROGRESS 545 / 700
FINISHED 45 dl_clarabel completed 1.466742
START 49 dl_clarabel
FINISHED 46 dl_clarabel completed 1.385145
FINISHED 47 dl_clarabel completed 1.229621
PROGRESS 546 / 700
START 50 dl_clarabel
START 51 dl_clarabel
PROGRESS 548 / 700
PROGRESS 548 / 700
FINISHED 48 dl_clarabel completed 1.24545
START 52 dl_clarabel
PROGRESS 549 / 700
FINISHED 49 dl_clarabel completed 1.562439
FINISHED 51 dl_clarabel completed 1.408837
START 53 dl_clarabel
START 54 dl_clarabel
FINISHED 50 dl_clarabel completed 1.518347
START 55 dl_clarabel
PROGRESS 551 / 700
PROGRESS 552 / 700
FINISHED 52 dl_clarabel completed 1.534845
PROGRESS 552 / 700
START 56 dl_clarabel
PROGRESS 553 / 700
FINISHED 53 dl_clarabel completed 1.04763
START 57 dl_clarabel
FINISHED 55 dl_clarabel completed 1.158756
PROGRESS 554 / 700
START 58 dl_clarabel
PROGRESS 555 / 700
FINISHED 54 dl_clarabel completed 1.62973
START 59 dl_clarabel
PROGRESS 556 / 700
FINISHED 56 dl_clarabel completed 1.421056
START 60 dl_clarabel
PROGRESS 557 / 700
FINISHED 57 dl_clarabel completed 1.142674
START 61 dl_clarabel
PROGRESS 558 / 700
FINISHED 58 dl_clarabel completed 1.626764
START 62 dl_clarabel
FINISHED 59 dl_clarabel completed 1.344315
START 63 dl_clarabel
PROGRESS 560 / 700
PROGRESS 560 / 700
FINISHED 60 dl_clarabel completed 1.522858
START 64 dl_clarabel
PROGRESS 561 / 700
FINISHED 61 dl_clarabel completed 1.251788
START 65 dl_clarabel
PROGRESS 562 / 700
FINISHED 62 dl_clarabel completed 1.031712
START 66 dl_clarabel
PROGRESS 563 / 700
FINISHED 63 dl_clarabel completed 1.57476
START 67 dl_clarabel
PROGRESS 564 / 700
FINISHED 64 dl_clarabel completed 1.88866
START 68 dl_clarabel
PROGRESS 565 / 700
FINISHED 65 dl_clarabel completed 1.937499
START 69 dl_clarabel
PROGRESS 566 / 700
FINISHED 66 dl_clarabel completed 1.706545
START 70 dl_clarabel
PROGRESS 567 / 700
FINISHED 67 dl_clarabel completed 1.723803
START 71 dl_clarabel
PROGRESS 568 / 700
FINISHED 69 dl_clarabel completed 1.046261
START 72 dl_clarabel
FINISHED 68 dl_clarabel completed 1.646413
START 73 dl_clarabel
PROGRESS 570 / 700
PROGRESS 570 / 700
FINISHED 70 dl_clarabel completed 1.344491
START 74 dl_clarabel
PROGRESS 571 / 700
FINISHED 71 dl_clarabel completed 1.498983
START 75 dl_clarabel
PROGRESS 572 / 700
FINISHED 72 dl_clarabel completed 1.291867
START 76 dl_clarabel
FINISHED 73 dl_clarabel completed 1.396793
START 77 dl_clarabel
PROGRESS 573 / 700
FINISHED 74 dl_clarabel completed 1.279893
PROGRESS 574 / 700
START 78 dl_clarabel
PROGRESS 575 / 700
FINISHED 75 dl_clarabel completed 1.541393
START 79 dl_clarabel
PROGRESS 576 / 700
FINISHED 76 dl_clarabel completed 1.435928
START 80 dl_clarabel
PROGRESS 577 / 700
FINISHED 77 dl_clarabel completed 1.724048
START 81 dl_clarabel
FINISHED 78 dl_clarabel completed 1.458233
START 82 dl_clarabel
PROGRESS 579 / 700
PROGRESS 579 / 700
FINISHED 79 dl_clarabel completed 1.419246
START 83 dl_clarabel
PROGRESS 580 / 700
FINISHED 80 dl_clarabel completed 1.681046
START 84 dl_clarabel
FINISHED 81 dl_clarabel completed 1.33449
START 85 dl_clarabel
PROGRESS 581 / 700
FINISHED 82 dl_clarabel completed 1.597257
PROGRESS 582 / 700
START 86 dl_clarabel
PROGRESS 583 / 700
FINISHED 83 dl_clarabel completed 1.355062
START 87 dl_clarabel
PROGRESS 584 / 700
FINISHED 84 dl_clarabel completed 1.232221
START 88 dl_clarabel
PROGRESS 585 / 700
FINISHED 85 dl_clarabel completed 1.400112
START 89 dl_clarabel
FINISHED 86 dl_clarabel completed 1.203517
START 90 dl_clarabel
PROGRESS 586 / 700
FINISHED 87 dl_clarabel completed 1.159521
START 91 dl_clarabel
PROGRESS 587 / 700
PROGRESS 588 / 700
FINISHED 88 dl_clarabel completed 1.194258
START 92 dl_clarabel
PROGRESS 589 / 700
FINISHED 90 dl_clarabel completed 1.28799
START 93 dl_clarabel
FINISHED 89 dl_clarabel completed 1.805328
START 94 dl_clarabel
PROGRESS 590 / 700
FINISHED 91 dl_clarabel completed 1.575898
PROGRESS 591 / 700
START 95 dl_clarabel
PROGRESS 592 / 700
FINISHED 92 dl_clarabel completed 1.892641
START 96 dl_clarabel
PROGRESS 593 / 700
FINISHED 94 dl_clarabel completed 1.345668
FINISHED 93 dl_clarabel completed 1.744145
START 97 dl_clarabel
START 98 dl_clarabel
PROGRESS 595 / 700
FINISHED 95 dl_clarabel completed 1.543092
START 99 dl_clarabel
PROGRESS 595 / 700
PROGRESS 596 / 700
FINISHED 96 dl_clarabel completed 1.798423
START 0 cfb
FINISHED 97 dl_clarabel completed 1.423468
START 1 cfb
PROGRESS 597 / 700
FINISHED 98 dl_clarabel completed 1.754856
START 2 cfb
PROGRESS 598 / 700
FINISHED 99 dl_clarabel completed 1.606981
START 3 cfb
PROGRESS 599 / 700
PROGRESS 600 / 700
running 600 / 700 ['All 100 datasets regenerate exactly; ten replaced rows per seed; shared truth/data hashes and metrics verified.', 'Exactly the seven requested methods; source manifests match; Algorithm 2 and PTZ excluded.', 'K=21 for all block methods; K_sub=29 capped to all 21 without replacement.', 'Completed DL SDP gaps and CFB residual/radius tolerances verified.']
FINISHED 3 cfb completed 235.167246
START 4 cfb
PROGRESS 601 / 700
FINISHED 2 cfb completed 244.261215
START 5 cfb
PROGRESS 602 / 700
FINISHED 0 cfb completed 252.592616
START 6 cfb
PROGRESS 603 / 700
FINISHED 1 cfb completed 256.566333
START 7 cfb
PROGRESS 604 / 700
FINISHED 7 cfb completed 219.56635
START 8 cfb
PROGRESS 605 / 700
FINISHED 6 cfb completed 245.47877
START 9 cfb
PROGRESS 606 / 700
FINISHED 4 cfb completed 264.962783
START 10 cfb
PROGRESS 607 / 700
FINISHED 5 cfb completed 259.638897
START 11 cfb
PROGRESS 608 / 700
FINISHED 10 cfb completed 238.185264
START 12 cfb
PROGRESS 609 / 700
FINISHED 8 cfb completed 268.272849
START 13 cfb
PROGRESS 610 / 700
FINISHED 9 cfb completed 250.37549
START 14 cfb
PROGRESS 611 / 700
FINISHED 11 cfb completed 259.628622
START 15 cfb
PROGRESS 612 / 700
FINISHED 12 cfb completed 203.130519
START 16 cfb
PROGRESS 613 / 700
FINISHED 13 cfb completed 218.323077
START 17 cfb
PROGRESS 614 / 700
FINISHED 14 cfb completed 224.47601
START 18 cfb
PROGRESS 615 / 700
FINISHED 15 cfb completed 211.922487
START 19 cfb
PROGRESS 616 / 700
FINISHED 16 cfb completed 215.461146
START 20 cfb
PROGRESS 617 / 700
FINISHED 17 cfb completed 220.062147
START 21 cfb
PROGRESS 618 / 700
FINISHED 19 cfb completed 235.681374
START 22 cfb
PROGRESS 619 / 700
FINISHED 18 cfb completed 241.527783
START 23 cfb
PROGRESS 620 / 700
FINISHED 20 cfb completed 214.822584
START 24 cfb
PROGRESS 621 / 700
FINISHED 21 cfb completed 207.298421
START 25 cfb
PROGRESS 622 / 700
FINISHED 23 cfb completed 216.257762
START 26 cfb
PROGRESS 623 / 700
FINISHED 22 cfb completed 230.926394
START 27 cfb
PROGRESS 624 / 700
FINISHED 24 cfb completed 238.246955
START 28 cfb
PROGRESS 625 / 700
FINISHED 25 cfb completed 279.627479
FINISHED 26 cfb completed 256.819085
FINISHED 27 cfb completed 258.125939
FINISHED 28 cfb completed 176.761521

METHOD ADDITION: user requested DL/PTZ on all 100 seeds; existing CFB fits saved; PTZ runs before remaining CFB.
START START0START  1START dl_ptz2  
 dl_ptz
3dl_ptz
 dl_ptz
FINISHED 1 dl_ptz unconverged 8.54489
START 4 dl_ptz
FINISHED 2 dl_ptz unconverged 8.60048
FINISHED 3 dl_ptz unconverged 8.599773
FINISHED 0 dl_ptz unconverged 8.607283
STARTSTART  56 dl_ptz
 dl_ptz
START 7 dl_ptz
PROGRESS 631 / 800
PROGRESS 633 / 800
PROGRESS 633 / 800
PROGRESS 633 / 800
FINISHED 4 dl_ptz unconverged 9.120424
FINISHED 6 dl_ptz unconverged 9.058186
START 8 dl_ptz
START 9 dl_ptz
FINISHED 5 dl_ptz unconverged 9.156832
FINISHED 7 dl_ptz unconverged 9.187536
STARTSTART 10 11  dl_ptz
dl_ptz
PROGRESS 635 / 800
PROGRESS 637 / 800
PROGRESS 637 / 800
PROGRESS 637 / 800
FINISHED 8 dl_ptz unconverged 9.36227
START 12 dl_ptz
FINISHED 9 dl_ptz unconverged 9.427828
START 13 dl_ptz
FINISHED 11 dl_ptz unconverged 9.386041
FINISHED 10 dl_ptz unconverged 9.406892
STARTSTART  1514 dl_ptz
 dl_ptz
PROGRESS 638 / 800
PROGRESS 641 / 800
PROGRESS 641 / 800
PROGRESS 641 / 800
FINISHED 12 dl_ptz unconverged 9.488043
START 16 dl_ptz
FINISHED 13 dl_ptz unconverged 9.513916
START 17 dl_ptz
FINISHED 14 dl_ptz unconverged 9.504412
FINISHED 15 dl_ptz unconverged 9.497762
STARTSTART 18 19 dl_ptz
 dl_ptz
PROGRESS 642 / 800
PROGRESS 645 / 800
PROGRESS 645 / 800
PROGRESS 645 / 800
FINISHED 16 dl_ptz unconverged 9.666943
FINISHED 17 dl_ptz unconverged 9.608741
START 20 dl_ptz
START 21 dl_ptz
FINISHED 19 dl_ptz unconverged 9.555888
START 22 dl_ptz
FINISHED 18 dl_ptz unconverged 9.722745
START 23 dl_ptz
PROGRESS 647 / 800
PROGRESS 649 / 800
PROGRESS 649 / 800
PROGRESS 649 / 800
FINISHED 20 dl_ptz unconverged 9.926603
FINISHED 21 dl_ptz unconverged 9.901921
START 24 dl_ptz
START 25 dl_ptz
FINISHED 22 dl_ptz unconverged 9.791938
START 26 dl_ptz
FINISHED 23 dl_ptz unconverged 9.865706
START 27 dl_ptz
PROGRESS 651 / 800
running 653 / 800 ['All 100 datasets regenerate exactly; ten replaced rows per seed; shared truth/data hashes and metrics verified.', 'Eight requested method/backend variants; source manifests match; Algorithm 2 excluded.', 'K=21 for all block methods; K_sub=29 capped to all 21 without replacement.', 'Completed DL SDP gaps and CFB residual/radius tolerances verified; PTZ initial-call bounds checked against Clarabel.']
PROGRESS 653 / 800
PROGRESS 653 / 800
PROGRESS 653 / 800
FINISHED 24 dl_ptz unconverged 10.439057
START 28 dl_ptz
FINISHED 26 dl_ptz unconverged 10.279068
FINISHED 25 dl_ptz unconverged 10.502811
START 29 dl_ptz
START 30 dl_ptz
FINISHED 27 dl_ptz unconverged 10.480878
START 31 dl_ptz
PROGRESS 655 / 800
PROGRESS 657 / 800
PROGRESS 657 / 800
PROGRESS 657 / 800
FINISHED 28 dl_ptz unconverged 10.453195
START 32 dl_ptz
FINISHED 29 dl_ptz unconverged 10.429691
START 33 dl_ptz
FINISHED 30 dl_ptz unconverged 10.509946
START 34 dl_ptz
FINISHED 31 dl_ptz unconverged 10.460521
PROGRESS 659 / 800
START 35 dl_ptz
PROGRESS 661 / 800
PROGRESS 661 / 800
PROGRESS 661 / 800
FINISHED 32 dl_ptz unconverged 11.059233
FINISHED 33 dl_ptz unconverged 11.004732
START 36 dl_ptz
START 37 dl_ptz
FINISHED 34 dl_ptz unconverged 10.945287
START 38 dl_ptz
FINISHED 35 dl_ptz unconverged 11.10062
PROGRESS 663 / 800
START 39 dl_ptz
PROGRESS 665 / 800
PROGRESS 665 / 800
PROGRESS 665 / 800
FINISHED 36 dl_ptz unconverged 11.788804
FINISHED 38 dl_ptz unconverged 11.623291
START 40 dl_ptz
FINISHED 37 dl_ptz unconverged 11.789848
START 41 dl_ptz
START 42 dl_ptz
PROGRESS 668 / 800
FINISHED 39 dl_ptz unconverged 11.808677
START 43 dl_ptz
PROGRESS 669 / 800
PROGRESS 669 / 800
PROGRESS 669 / 800
FINISHED 40 dl_ptz unconverged 13.015409
FINISHED 41 dl_ptz unconverged 12.973973
FINISHED 42 dl_ptz unconverged 12.929571
START 44 dl_ptz
START 45 dl_ptz
START 46 dl_ptz
FINISHED 43 dl_ptz unconverged 12.958326
PROGRESS 672 / 800
START 47 dl_ptz
PROGRESS 673 / 800
PROGRESS 673 / 800
PROGRESS 673 / 800
FINISHED 44 dl_ptz unconverged 15.758403
START 48 dl_ptz
FINISHED 45 dl_ptz unconverged 15.877832
FINISHED 46 dl_ptz unconverged 15.902724
START 49 dl_ptz
START 50 dl_ptz
PROGRESS 676 / 800
FINISHED 47 dl_ptz unconverged 16.064942
START 51 dl_ptz
PROGRESS 677 / 800
PROGRESS 677 / 800
PROGRESS 677 / 800
FINISHED 50 dl_ptz unconverged 15.066348
START 52 dl_ptz
FINISHED 49 dl_ptz unconverged 15.200331
FINISHED 48 dl_ptz unconverged 15.210134
START 53 dl_ptz
START 54 dl_ptz
FINISHED 51 dl_ptz unconverged 15.117197
PROGRESS 680 / 800
START 55 dl_ptz
PROGRESS 681 / 800
PROGRESS 681 / 800
PROGRESS 681 / 800
FINISHED 52 dl_ptz unconverged 13.940207
START 56 dl_ptz
FINISHED 54 dl_ptz unconverged 14.085788
START 57FINISHED 53 dl_ptz unconverged 14.202672
 dl_ptz
START 58 dl_ptz
FINISHED 55 dl_ptz unconverged 13.958752
PROGRESS 682 / 800
START 59 dl_ptz
PROGRESS 685 / 800
PROGRESS 685 / 800
PROGRESS 685 / 800
FINISHED 56 dl_ptz unconverged 13.949722
START 60 dl_ptz
FINISHED 57 dl_ptz unconverged 13.880204
START 61 dl_ptz
FINISHED 58 dl_ptz unconverged 14.082775
FINISHED 59 dl_ptz unconverged 13.959843
START 62 dl_ptz
PROGRESS 686 / 800
START 63 dl_ptz
PROGRESS 689 / 800
PROGRESS 689 / 800
PROGRESS 689 / 800
FINISHED 60 dl_ptz unconverged 13.805211
START 64 dl_ptz
FINISHED 61 dl_ptz unconverged 13.94503
START 65 dl_ptz
PROGRESS 690 / 800
FINISHED 62 dl_ptz unconverged 13.851017
START 66 dl_ptz
FINISHED 63 dl_ptz unconverged 13.937601
START 67 dl_ptz
PROGRESS 692 / 800
PROGRESS 693 / 800
PROGRESS 693 / 800
FINISHED 64 dl_ptz unconverged 13.670448
START 68 dl_ptz
FINISHED 65 dl_ptz unconverged 13.622106
START 69 dl_ptz
PROGRESS 694 / 800
FINISHED 66 dl_ptz unconverged 13.627713
START 70 dl_ptz
FINISHED 67 dl_ptz unconverged 13.869917
START 71 dl_ptz
PROGRESS 696 / 800
PROGRESS 697 / 800
PROGRESS 697 / 800
FINISHED 68 dl_ptz unconverged 13.503409
START 72 dl_ptz
FINISHED 69 dl_ptz unconverged 13.487643
START 73 dl_ptz
PROGRESS 698 / 800
FINISHED 70 dl_ptz unconverged 13.483568
START 74 dl_ptz
FINISHED 71 dl_ptz unconverged 13.360038
START 75 dl_ptz
PROGRESS 700 / 800
PROGRESS 701 / 800
PROGRESS 701 / 800
FINISHED 72 dl_ptz unconverged 13.914419
START 76 dl_ptz
FINISHED 73 dl_ptz unconverged 13.789939
FINISHED 74 dl_ptz unconverged 13.772373
START 77 dl_ptz
START 78 dl_ptz
PROGRESS 702 / 800
FINISHED 75 dl_ptz unconverged 14.024865
PROGRESS 704 / 800
START 79 dl_ptz
PROGRESS 705 / 800
PROGRESS 705 / 800
FINISHED 76 dl_ptz unconverged 13.898703
START 80 dl_ptz
FINISHED 78 dl_ptz unconverged 13.864233
FINISHED 77 dl_ptz unconverged 13.956759
STARTSTART  81 dl_ptz
82 dl_ptz
PROGRESS 706 / 800
FINISHED 79 dl_ptz unconverged 13.697264
START 83 dl_ptz
PROGRESS 708 / 800
PROGRESS 709 / 800
PROGRESS 709 / 800
FINISHED 80 dl_ptz unconverged 13.590411
START 84 dl_ptz
FINISHED 81 dl_ptz unconverged 13.403852
START 85 dl_ptz
FINISHED 82 dl_ptz unconverged 13.532339
START 86 dl_ptz
PROGRESS 710 / 800
FINISHED 83 dl_ptz unconverged 13.638605
START 87 dl_ptz
PROGRESS 712 / 800
PROGRESS 713 / 800
PROGRESS 713 / 800
FINISHED 84 dl_ptz unconverged 13.55125
START 88 dl_ptz
FINISHED 85 dl_ptz unconverged 13.610821
START 89 dl_ptz
FINISHED 86 dl_ptz unconverged 13.499809
START 90 dl_ptz
PROGRESS 714 / 800
FINISHED 87 dl_ptz unconverged 13.460623
START 91 dl_ptz
PROGRESS 716 / 800
PROGRESS 717 / 800
PROGRESS 717 / 800
FINISHED 88 dl_ptz unconverged 13.302856
START 92 dl_ptz
FINISHED 89 dl_ptz unconverged 13.246048
STARTFINISHED 90 dl_ptz unconverged 13.281275
 93 dl_ptz
PROGRESS 718 / 800
START 94 dl_ptz
PROGRESS 720 / 800
FINISHED 91 dl_ptz unconverged 13.341612
START 95 dl_ptz
PROGRESS 721 / 800
PROGRESS 721 / 800
FINISHED 92 dl_ptz unconverged 13.570748
START 96 dl_ptz
FINISHED 94 dl_ptz unconverged 13.572671
PROGRESS 722 / 800
FINISHED 93 dl_ptz unconverged 13.721628
START 97 dl_ptz
START 98 dl_ptz
PROGRESS 724 / 800
FINISHED 95 dl_ptz unconverged 13.740163
START 99 dl_ptz
PROGRESS 724 / 800
PROGRESS 725 / 800
FINISHED 96 dl_ptz unconverged 13.476521
START 29 cfb
PROGRESS 726 / 800
FINISHED 97 dl_ptz unconverged 13.524233
START 30 cfb
FINISHED 98 dl_ptz unconverged 13.615919
START 31 cfb
PROGRESS 728 / 800
FINISHED 99 dl_ptz unconverged 13.42625
START 32 cfb
PROGRESS 728 / 800
PROGRESS 729 / 800
FINISHED 30 cfb completed 270.257978
START 33 cfb
PROGRESS 730 / 800
FINISHED 32 cfb completed 270.279225
START 34 cfb
PROGRESS 731 / 800
FINISHED 31 cfb completed 276.493795
START 35 cfb
PROGRESS 732 / 800
FINISHED 29 cfb completed 304.683199
START 36 cfb
PROGRESS 733 / 800
FINISHED 35 cfb completed 265.840583
START 37 cfb
PROGRESS 734 / 800
FINISHED 33 cfb completed 275.666574
START 38 cfb
PROGRESS 735 / 800
FINISHED 34 cfb completed 284.328939
START 39 cfb
PROGRESS 736 / 800
FINISHED 36 cfb completed 265.631645
START 40 cfb
PROGRESS 737 / 800
FINISHED 37 cfb completed 264.844529
FINISHED 38 cfb completed 261.533165
FINISHED 39 cfb completed 258.285947
FINISHED 40 cfb completed 268.81869
