running 772 / 900 ['All 100 datasets regenerate exactly; twenty replaced rows per seed; shared truth/data hashes and metrics verified. Clean data/truth/amplitude match Experiment 9 per seed.', 'Original eight variants plus Haar-projection LS r=5,J=10; frozen source manifest unchanged; Algorithm 2 excluded.', 'K=41 for all block methods, including the Haar projected fits and original-data box; K_sub=29 distinct blocks sampled without replacement.', 'Completed DL SDP gaps and CFB residual/radius tolerances verified; PTZ initial-call bounds checked against Clarabel.']
START START0 STARTSTART1  haar_r5_j10_ls
2  haar_r5_j10_ls
3 haar_r5_j10_ls
 haar_r5_j10_ls
FINISHED 1 haar_r5_j10_ls completed 16.412654
START 4 haar_r5_j10_ls
PROGRESS 773 / 900
FINISHED 0 haar_r5_j10_ls completed 41.747502
START 5 haar_r5_j10_ls
PROGRESS 774 / 900
FINISHED 3 haar_r5_j10_ls completed 45.462261
START 6 haar_r5_j10_ls
PROGRESS 775 / 900
FINISHED 2 haar_r5_j10_ls completed 57.188143
START 7 haar_r5_j10_ls
PROGRESS 776 / 900
FINISHED 5 haar_r5_j10_ls completed 42.746942
START 8 haar_r5_j10_ls
PROGRESS 777 / 900
FINISHED 7 haar_r5_j10_ls completed 42.256973
START 9 haar_r5_j10_ls
PROGRESS 778 / 900
FINISHED 6 haar_r5_j10_ls completed 58.958281
START 10 haar_r5_j10_ls
PROGRESS 779 / 900
FINISHED 4 haar_r5_j10_ls completed 101.687891
START 11 haar_r5_j10_ls
PROGRESS 780 / 900
running 780 / 900 ['All 100 datasets regenerate exactly; twenty replaced rows per seed; shared truth/data hashes and metrics verified. Clean data/truth/amplitude match Experiment 9 per seed.', 'Original eight variants plus Haar-projection LS r=5,J=10; frozen source manifest unchanged; Algorithm 2 excluded.', 'K=41 for all block methods, including the Haar projected fits and original-data box; K_sub=29 distinct blocks sampled without replacement.', 'Completed DL SDP gaps and CFB residual/radius tolerances verified; PTZ initial-call bounds checked against Clarabel.']
FINISHED 8 haar_r5_j10_ls completed 47.615923
START 12 haar_r5_j10_ls
PROGRESS 781 / 900
FINISHED 9 haar_r5_j10_ls completed 37.385576
START 13 haar_r5_j10_ls
PROGRESS 782 / 900
FINISHED 11 haar_r5_j10_ls completed 24.916132
START 14 haar_r5_j10_ls
FINISHED 12 haar_r5_j10_ls completed 10.729492
START 15 haar_r5_j10_ls
PROGRESS 783 / 900
PROGRESS 784 / 900
FINISHED 15 haar_r5_j10_ls completed 11.477054
START 16 haar_r5_j10_ls
PROGRESS 785 / 900
FINISHED 10 haar_r5_j10_ls completed 61.014947
START 17 haar_r5_j10_ls
PROGRESS 786 / 900
FINISHED 16 haar_r5_j10_ls completed 15.928285
START 18 haar_r5_j10_ls
PROGRESS 787 / 900
FINISHED 13 haar_r5_j10_ls completed 41.335574
START 19 haar_r5_j10_ls
PROGRESS 788 / 900
FINISHED 17 haar_r5_j10_ls completed 24.615598
START 20 haar_r5_j10_ls
PROGRESS 789 / 900
FINISHED 19 haar_r5_j10_ls completed 13.666968
START 21 haar_r5_j10_ls
PROGRESS 790 / 900
running 790 / 900 ['All 100 datasets regenerate exactly; twenty replaced rows per seed; shared truth/data hashes and metrics verified. Clean data/truth/amplitude match Experiment 9 per seed.', 'Original eight variants plus Haar-projection LS r=5,J=10; frozen source manifest unchanged; Algorithm 2 excluded.', 'K=41 for all block methods, including the Haar projected fits and original-data box; K_sub=29 distinct blocks sampled without replacement.', 'Completed DL SDP gaps and CFB residual/radius tolerances verified; PTZ initial-call bounds checked against Clarabel.']
FINISHED 21 haar_r5_j10_ls completed 18.233468
START 22 haar_r5_j10_ls
PROGRESS 791 / 900
FINISHED 18 haar_r5_j10_ls completed 47.215931
START 23 haar_r5_j10_ls
PROGRESS 792 / 900
FINISHED 14 haar_r5_j10_ls completed 81.971705
START 24 haar_r5_j10_ls
PROGRESS 793 / 900
FINISHED 20 haar_r5_j10_ls completed 45.796521
START 25 haar_r5_j10_ls
PROGRESS 794 / 900
FINISHED 25 haar_r5_j10_ls completed 10.985038
START 26 haar_r5_j10_ls
PROGRESS 795 / 900
FINISHED 23 haar_r5_j10_ls completed 31.523203
START 27 haar_r5_j10_ls
PROGRESS 796 / 900
FINISHED 24 haar_r5_j10_ls completed 43.555396
START 28 haar_r5_j10_ls
PROGRESS 797 / 900
FINISHED 26 haar_r5_j10_ls completed 44.536141
START 29 haar_r5_j10_ls
PROGRESS 798 / 900
FINISHED 22 haar_r5_j10_ls completed 87.063735
START 30 haar_r5_j10_ls
PROGRESS 799 / 900
FINISHED 28 haar_r5_j10_ls completed 39.495917
START 31 haar_r5_j10_ls
PROGRESS 800 / 900
running 800 / 900 ['All 100 datasets regenerate exactly; twenty replaced rows per seed; shared truth/data hashes and metrics verified. Clean data/truth/amplitude match Experiment 9 per seed.', 'Original eight variants plus Haar-projection LS r=5,J=10; frozen source manifest unchanged; Algorithm 2 excluded.', 'K=41 for all block methods, including the Haar projected fits and original-data box; K_sub=29 distinct blocks sampled without replacement.', 'Completed DL SDP gaps and CFB residual/radius tolerances verified; PTZ initial-call bounds checked against Clarabel.']
FINISHED 27 haar_r5_j10_ls completed 76.722619
START 32 haar_r5_j10_ls
PROGRESS 801 / 900
FINISHED 30 haar_r5_j10_ls completed 45.147527
START 33 haar_r5_j10_ls
PROGRESS 802 / 900
FINISHED 29 haar_r5_j10_ls completed 54.145661
START 34 haar_r5_j10_ls
PROGRESS 803 / 900
FINISHED 31 haar_r5_j10_ls completed 56.660693
START 35 haar_r5_j10_ls
PROGRESS 804 / 900
FINISHED 32 haar_r5_j10_ls completed 44.721815
START 36 haar_r5_j10_ls
PROGRESS 805 / 900
FINISHED 35 haar_r5_j10_ls completed 32.547124
START 37 haar_r5_j10_ls
PROGRESS 806 / 900
FINISHED 33 haar_r5_j10_ls completed 59.251439
START 38 haar_r5_j10_ls
PROGRESS 807 / 900
FINISHED 34 haar_r5_j10_ls completed 57.700723
START 39 haar_r5_j10_ls
PROGRESS 808 / 900
FINISHED 36 haar_r5_j10_ls completed 37.457602
START 40 haar_r5_j10_ls
PROGRESS 809 / 900
FINISHED 39 haar_r5_j10_ls completed 29.53848
START 41 haar_r5_j10_ls
PROGRESS 810 / 900
running 810 / 900 ['All 100 datasets regenerate exactly; twenty replaced rows per seed; shared truth/data hashes and metrics verified. Clean data/truth/amplitude match Experiment 9 per seed.', 'Original eight variants plus Haar-projection LS r=5,J=10; frozen source manifest unchanged; Algorithm 2 excluded.', 'K=41 for all block methods, including the Haar projected fits and original-data box; K_sub=29 distinct blocks sampled without replacement.', 'Completed DL SDP gaps and CFB residual/radius tolerances verified; PTZ initial-call bounds checked against Clarabel.']
FINISHED 37 haar_r5_j10_ls completed 58.684793
START 42 haar_r5_j10_ls
PROGRESS 811 / 900
FINISHED 38 haar_r5_j10_ls completed 73.034163
START 43 haar_r5_j10_ls
PROGRESS 812 / 900
FINISHED 43 haar_r5_j10_ls completed 13.53468
START 44 haar_r5_j10_ls
PROGRESS 813 / 900
FINISHED 40 haar_r5_j10_ls completed 81.217556
START 45 haar_r5_j10_ls
PROGRESS 814 / 900
FINISHED 41 haar_r5_j10_ls completed 82.774339
START 46 haar_r5_j10_ls
PROGRESS 815 / 900
FINISHED 42 haar_r5_j10_ls completed 62.904794
START 47 haar_r5_j10_ls
PROGRESS 816 / 900
FINISHED 45 haar_r5_j10_ls completed 50.716606
START 48 haar_r5_j10_ls
PROGRESS 817 / 900
FINISHED 47 haar_r5_j10_ls completed 29.714473
START 49 haar_r5_j10_ls
PROGRESS 818 / 900
FINISHED 48 haar_r5_j10_ls completed 16.417187
START 50 haar_r5_j10_ls
PROGRESS 819 / 900
FINISHED 46 haar_r5_j10_ls completed 43.314777
START 51 haar_r5_j10_ls
FINISHED 44 haar_r5_j10_ls completed 71.640848
START 52 haar_r5_j10_ls
PROGRESS 820 / 900
running 821 / 900 ['All 100 datasets regenerate exactly; twenty replaced rows per seed; shared truth/data hashes and metrics verified. Clean data/truth/amplitude match Experiment 9 per seed.', 'Original eight variants plus Haar-projection LS r=5,J=10; frozen source manifest unchanged; Algorithm 2 excluded.', 'K=41 for all block methods, including the Haar projected fits and original-data box; K_sub=29 distinct blocks sampled without replacement.', 'Completed DL SDP gaps and CFB residual/radius tolerances verified; PTZ initial-call bounds checked against Clarabel.']
PROGRESS 821 / 900
FINISHED 49 haar_r5_j10_ls completed 27.959758
START 53 haar_r5_j10_ls
PROGRESS 822 / 900
FINISHED 51 haar_r5_j10_ls completed 38.092918
START 54 haar_r5_j10_ls
PROGRESS 823 / 900
FINISHED 52 haar_r5_j10_ls completed 82.151886
START 55 haar_r5_j10_ls
PROGRESS 824 / 900
FINISHED 54 haar_r5_j10_ls completed 54.927955
START 56 haar_r5_j10_ls
PROGRESS 825 / 900
FINISHED 55 haar_r5_j10_ls completed 24.381836
START 57 haar_r5_j10_ls
PROGRESS 826 / 900
FINISHED 53 haar_r5_j10_ls completed 95.435986
START 58 haar_r5_j10_ls
PROGRESS 827 / 900
FINISHED 50 haar_r5_j10_ls completed 128.889909
START 59 haar_r5_j10_ls
PROGRESS 828 / 900
FINISHED 57 haar_r5_j10_ls completed 26.22379
START 60 haar_r5_j10_ls
PROGRESS 829 / 900
FINISHED 56 haar_r5_j10_ls completed 54.803044
START 61 haar_r5_j10_ls
PROGRESS 830 / 900
FINISHED 58 haar_r5_j10_ls completed 36.89535
START 62 haar_r5_j10_ls
running 830 / 900 ['All 100 datasets regenerate exactly; twenty replaced rows per seed; shared truth/data hashes and metrics verified. Clean data/truth/amplitude match Experiment 9 per seed.', 'Original eight variants plus Haar-projection LS r=5,J=10; frozen source manifest unchanged; Algorithm 2 excluded.', 'K=41 for all block methods, including the Haar projected fits and original-data box; K_sub=29 distinct blocks sampled without replacement.', 'Completed DL SDP gaps and CFB residual/radius tolerances verified; PTZ initial-call bounds checked against Clarabel.']
PROGRESS 831 / 900
FINISHED 59 haar_r5_j10_ls completed 35.343418
START 63 haar_r5_j10_ls
PROGRESS 832 / 900
FINISHED 62 haar_r5_j10_ls completed 19.564909
START 64 haar_r5_j10_ls
PROGRESS 833 / 900
FINISHED 61 haar_r5_j10_ls completed 56.742404
START 65 haar_r5_j10_ls
PROGRESS 834 / 900
FINISHED 60 haar_r5_j10_ls completed 87.988034
START 66 haar_r5_j10_ls
PROGRESS 835 / 900
FINISHED 65 haar_r5_j10_ls completed 53.296267
START 67 haar_r5_j10_ls
FINISHED 64 haar_r5_j10_ls completed 89.408204
START 68 haar_r5_j10_ls
PROGRESS 836 / 900
PROGRESS 837 / 900
FINISHED 66 haar_r5_j10_ls completed 44.763293
START 69 haar_r5_j10_ls
PROGRESS 838 / 900
FINISHED 63 haar_r5_j10_ls completed 130.577238
START 70 haar_r5_j10_ls
PROGRESS 839 / 900
FINISHED 67 haar_r5_j10_ls completed 69.38134
START 71 haar_r5_j10_ls
PROGRESS 840 / 900
running 840 / 900 ['All 100 datasets regenerate exactly; twenty replaced rows per seed; shared truth/data hashes and metrics verified. Clean data/truth/amplitude match Experiment 9 per seed.', 'Original eight variants plus Haar-projection LS r=5,J=10; frozen source manifest unchanged; Algorithm 2 excluded.', 'K=41 for all block methods, including the Haar projected fits and original-data box; K_sub=29 distinct blocks sampled without replacement.', 'Completed DL SDP gaps and CFB residual/radius tolerances verified; PTZ initial-call bounds checked against Clarabel.']
FINISHED 69 haar_r5_j10_ls completed 66.403482
START 72 haar_r5_j10_ls
PROGRESS 841 / 900
FINISHED 68 haar_r5_j10_ls completed 76.000469
START 73 haar_r5_j10_ls
PROGRESS 842 / 900
FINISHED 70 haar_r5_j10_ls completed 60.67397
START 74 haar_r5_j10_ls
PROGRESS 843 / 900
FINISHED 72 haar_r5_j10_ls completed 31.568082
START 75 haar_r5_j10_ls
PROGRESS 844 / 900
FINISHED 73 haar_r5_j10_ls completed 41.280355
START 76 haar_r5_j10_ls
PROGRESS 845 / 900
FINISHED 71 haar_r5_j10_ls completed 60.071645
START 77 haar_r5_j10_ls
PROGRESS 846 / 900
FINISHED 76 haar_r5_j10_ls completed 45.424652
START 78 haar_r5_j10_ls
PROGRESS 847 / 900
FINISHED 75 haar_r5_j10_ls completed 59.960921
START 79 haar_r5_j10_ls
PROGRESS 848 / 900
FINISHED 74 haar_r5_j10_ls completed 77.066146
START 80 haar_r5_j10_ls
PROGRESS 849 / 900
FINISHED 77 haar_r5_j10_ls completed 51.870424
START 81 haar_r5_j10_ls
PROGRESS 850 / 900
running 850 / 900 ['All 100 datasets regenerate exactly; twenty replaced rows per seed; shared truth/data hashes and metrics verified. Clean data/truth/amplitude match Experiment 9 per seed.', 'Original eight variants plus Haar-projection LS r=5,J=10; frozen source manifest unchanged; Algorithm 2 excluded.', 'K=41 for all block methods, including the Haar projected fits and original-data box; K_sub=29 distinct blocks sampled without replacement.', 'Completed DL SDP gaps and CFB residual/radius tolerances verified; PTZ initial-call bounds checked against Clarabel.']
FINISHED 78 haar_r5_j10_ls completed 25.361566
START 82 haar_r5_j10_ls
PROGRESS 851 / 900
FINISHED 79 haar_r5_j10_ls completed 35.909269
START 83 haar_r5_j10_ls
PROGRESS 852 / 900
FINISHED 81 haar_r5_j10_ls completed 35.580781
START 84 haar_r5_j10_ls
PROGRESS 853 / 900
FINISHED 82 haar_r5_j10_ls completed 71.749305
START 85 haar_r5_j10_ls
PROGRESS 854 / 900
FINISHED 84 haar_r5_j10_ls completed 50.155859
START 86 haar_r5_j10_ls
PROGRESS 855 / 900
FINISHED 83 haar_r5_j10_ls completed 74.009617
START 87 haar_r5_j10_ls
PROGRESS 856 / 900
FINISHED 86 haar_r5_j10_ls completed 39.754384
START 88 haar_r5_j10_ls
FINISHED 80 haar_r5_j10_ls completed 138.044704
START 89 haar_r5_j10_ls
PROGRESS 857 / 900
PROGRESS 858 / 900
FINISHED 85 haar_r5_j10_ls completed 75.48366
START 90 haar_r5_j10_ls
PROGRESS 859 / 900
FINISHED 87 haar_r5_j10_ls completed 76.240927
START 91 haar_r5_j10_ls
PROGRESS 860 / 900
running 860 / 900 ['All 100 datasets regenerate exactly; twenty replaced rows per seed; shared truth/data hashes and metrics verified. Clean data/truth/amplitude match Experiment 9 per seed.', 'Original eight variants plus Haar-projection LS r=5,J=10; frozen source manifest unchanged; Algorithm 2 excluded.', 'K=41 for all block methods, including the Haar projected fits and original-data box; K_sub=29 distinct blocks sampled without replacement.', 'Completed DL SDP gaps and CFB residual/radius tolerances verified; PTZ initial-call bounds checked against Clarabel.']
FINISHED 89 haar_r5_j10_ls completed 67.343966
START 92 haar_r5_j10_ls
PROGRESS 861 / 900
FINISHED 88 haar_r5_j10_ls completed 76.286715
START 93 haar_r5_j10_ls
PROGRESS 862 / 900
FINISHED 91 haar_r5_j10_ls completed 32.249588
START 94 haar_r5_j10_ls
PROGRESS 863 / 900
FINISHED 92 haar_r5_j10_ls completed 21.464738
START 95 haar_r5_j10_ls
PROGRESS 864 / 900
FINISHED 90 haar_r5_j10_ls completed 74.361334
START 96 haar_r5_j10_ls
PROGRESS 865 / 900
FINISHED 94 haar_r5_j10_ls completed 43.865034
START 97 haar_r5_j10_ls
PROGRESS 866 / 900
FINISHED 93 haar_r5_j10_ls completed 56.32981
START 98 haar_r5_j10_ls
PROGRESS 867 / 900
FINISHED 96 haar_r5_j10_ls completed 38.648816
START 99 haar_r5_j10_ls
FINISHED 95 haar_r5_j10_ls completed 54.03331
PROGRESS 868 / 900
PROGRESS 869 / 900
FINISHED 97 haar_r5_j10_ls completed 24.785111
PROGRESS 870 / 900
running 870 / 900 ['All 100 datasets regenerate exactly; twenty replaced rows per seed; shared truth/data hashes and metrics verified. Clean data/truth/amplitude match Experiment 9 per seed.', 'Original eight variants plus Haar-projection LS r=5,J=10; frozen source manifest unchanged; Algorithm 2 excluded.', 'K=41 for all block methods, including the Haar projected fits and original-data box; K_sub=29 distinct blocks sampled without replacement.', 'Completed DL SDP gaps and CFB residual/radius tolerances verified; PTZ initial-call bounds checked against Clarabel.']
FINISHED 98 haar_r5_j10_ls completed 37.101746
PROGRESS 871 / 900
FINISHED 99 haar_r5_j10_ls completed 29.160092
PROGRESS 872 / 900
finished_with_cfb_cancelled 872 / 900 ['All 100 datasets regenerate exactly; twenty replaced rows per seed; shared truth/data hashes and metrics verified. Clean data/truth/amplitude match Experiment 9 per seed.', 'Original eight variants plus Haar-projection LS r=5,J=10; frozen source manifest unchanged; Algorithm 2 excluded.', 'K=41 for all block methods, including the Haar projected fits and original-data box; K_sub=29 distinct blocks sampled without replacement.', 'Completed DL SDP gaps and CFB residual/radius tolerances verified; PTZ initial-call bounds checked against Clarabel.']
