START START 01START  STARTsample_mean  32sample_mean  
sample_mean
sample_mean

FINISHED 1 sample_mean completed 2.6e-05
FINISHED 2 sample_mean completedFINISHED 3 sample_mean completed  2.3e-05
2.3e-05
FINISHED 0 sample_mean completed 2.3e-05
START 4 sample_mean
START 5 sample_mean
START 6 sample_mean
PROGRESS 4START / 7 800 sample_mean

PROGRESS 4 / 800
PROGRESS 4 / 800
PROGRESS 4 / 800
FINISHED 4 sample_mean completed 3e-05
FINISHED 5 sample_mean completed 2.8e-05
FINISHED 7 sample_mean completed 3e-05
FINISHED 6 sample_mean completed 2.5e-05
START 8 sample_mean
PROGRESS 8 / 800
START 9 sample_mean
STARTSTART  10 sample_mean11
 sample_mean
PROGRESS 8 / 800
PROGRESS 8 / 800
PROGRESS 8 / 800
FINISHED 8 sample_mean completed 2.8e-05
FINISHED 9 sample_mean completed 2.8e-05
FINISHED 11 sample_mean completed 2.5e-05
FINISHED 10 sample_mean completed 3.1e-05
START 12 sample_mean
PROGRESS 12 / 800
START 13 sample_mean
STARTSTART 14  15 sample_mean
sample_mean
PROGRESS 12 / 800
PROGRESS 12 / 800
PROGRESS 12 / 800
FINISHED 12 sample_mean completed 2.9e-05
FINISHED 15 sample_mean completed 3.2e-05
FINISHED 13 sample_mean completed 3.9e-05
FINISHED 14 sample_mean completed 3.3e-05
START 16 sample_mean
START 17 sample_mean
PROGRESS 16 / 800
PROGRESS 16 / 800
START 18 sample_mean
START 19 sample_mean
PROGRESS 16 / 800
PROGRESS 16 / 800
FINISHED 16 sample_mean completed 3.3e-05
FINISHED 17 sample_mean completed 3.3e-05
FINISHED 18 sample_mean completed 3.7e-05
FINISHED 19 sample_mean completed 3.7e-05
START 20 sample_mean
START 21 sample_mean
PROGRESS 20 / 800
START 22 sample_mean
PROGRESS 20 / 800
PROGRESS 20 / 800
START 23 sample_mean
PROGRESS 20 / 800
FINISHED 20 sample_mean completed 3.8e-05
FINISHED 21 sample_mean completed 3.8e-05
FINISHED 22 sample_mean completed 3.3e-05
FINISHED 23 sample_mean completed 3.6e-05
START 24 sample_mean
START 25 sample_mean
PROGRESS 24 / 800
PROGRESS 24 / 800
START 26 sample_mean
START 27 sample_mean
PROGRESS 24 / 800
PROGRESS 24 / 800
FINISHED 24 sample_mean completed 3.2e-05
FINISHED 25 sample_mean completed 4.5e-05
FINISHED 26 sample_mean completed 3.1e-05
FINISHED 27 sample_mean completed 4e-05
START 28 sample_mean
START 29 sample_mean
PROGRESS 28 / 800
START 30 sample_mean
PROGRESS 28 / 800
PROGRESS 28 / 800
START 31 sample_mean
PROGRESS 28 / 800
FINISHED 29 sample_mean completed 2.8e-05
FINISHED 28 sample_mean completed 3e-05
FINISHED 30 sample_mean completed 3.9e-05
FINISHED 31 sample_mean completed 4.2e-05
START 32 sample_mean
START 33 sample_mean
PROGRESS 32 / 800
PROGRESS 32 / 800
START 34 sample_mean
PROGRESS 32 / 800
START 35 sample_mean
PROGRESS 32 / 800
FINISHED 32 sample_mean completed 3.4e-05
FINISHED 33 sample_mean completed 3.2e-05
FINISHED 34 sample_mean completed 4.9e-05
FINISHED 35 sample_mean completed 3.6e-05
START 36 sample_mean
START 37 sample_mean
PROGRESS 36 / 800
PROGRESS 36 / 800
START 38 sample_mean
PROGRESS 36 / 800
START 39 sample_mean
PROGRESS 36 / 800
FINISHED 36 sample_mean completed 3.3e-05
FINISHED 37 sample_mean completed 3.2e-05
FINISHED 38 sample_mean completed 3.9e-05
FINISHED 39 sample_mean completed 4.1e-05
STARTSTART 40  sample_mean
41 sample_mean
PROGRESS 40 / 800
PROGRESS 40 / 800
START 42 sample_mean
PROGRESS 40 / 800
START 43 sample_mean
PROGRESS 40 / 800
FINISHED 40 sample_meanFINISHED 41 sample_mean completed 3.3e-05
 completed 3.3e-05
FINISHED 42 sample_mean completed 3.3e-05
FINISHED 43 sample_mean completed 3.6e-05
START START 4445 sample_mean 
sample_mean
PROGRESS 44 / 800
PROGRESS 44 / 800
START START 4647 sample_mean sample_mean

PROGRESS 44 / 800
PROGRESS 44 / 800
FINISHED 44 sample_mean completed 3.2e-05
FINISHED 45 sample_mean completed 3.3e-05
FINISHED 46 sample_mean completed 8.2e-05
FINISHED 47 sample_mean completed 4e-05
STARTSTART  4948  sample_meansample_mean

PROGRESS 48 / 800
PROGRESS 48 / 800
START 50 sample_mean
START 51 sample_mean
PROGRESS 48 / 800
PROGRESS 48 / 800
FINISHED 49 sample_mean completed 2.9e-05
FINISHED 48 sample_mean completed 3e-05
FINISHED 50 sample_mean FINISHED 51 completed sample_mean 3.1e-05
completed 2.9e-05
START 52 sample_mean
START 53 sample_mean
PROGRESS 52 / 800
START 54 sample_mean
START 55 sample_mean
FINISHED 52 sample_mean completed 3.3e-05
FINISHED 53 sample_mean completed 7e-05
FINISHED 54 sample_mean completed 4.2e-05
FINISHED 55 sample_mean completed 3.3e-05
START 56 sample_mean
START 57 sample_mean
START 58 sample_mean
START 59 sample_mean
FINISHED 56 sample_mean completed 3.1e-05
running 56 / 800 ['All 100 datasets regenerate exactly; twenty replaced rows per seed; shared truth/data hashes and metrics verified. Clean data/truth/amplitude match Experiment 9 per seed.', 'Eight requested method/backend variants; source manifests match; Algorithm 2 excluded.', 'K=41 for all block methods; K_sub=29 distinct blocks sampled without replacement.', 'Completed DL SDP gaps and CFB residual/radius tolerances verified; PTZ initial-call bounds checked against Clarabel.']
FINISHED 57 sample_mean completed 3.4e-05
FINISHED 58 sample_mean completed 4e-05
START 60 sample_mean
FINISHED 59 sample_mean completed 3.2e-05
START 61 sample_mean
START 62 sample_mean
PROGRESS 60 / 800
PROGRESS 60 / 800
START 63 sample_mean
PROGRESS 60 / 800
PROGRESS 60 / 800
PROGRESS 60 / 800
PROGRESS 60 / 800
PROGRESS 60 / 800
PROGRESS 60 / 800
PROGRESS 60 / 800
PROGRESS 60 / 800
PROGRESS 60 / 800
FINISHED 60 sample_mean completed 2.9e-05
FINISHED 61 sample_mean completed 9.3e-05
START 64 sample_mean
PROGRESS 62 / 800
FINISHED 62 sample_mean completed 3.1e-05
FINISHED 63 sample_mean completed 3.2e-05
START 65 sample_mean
PROGRESS 64 / 800
START 66 sample_mean
PROGRESSSTART 67 sample_mean
 64 / 800
PROGRESS 64 / 800
FINISHED 64 sample_mean completed 5.1e-05
FINISHED 65 sample_mean completed 5.3e-05
START 68 sample_mean
PROGRESS 66 / 800
FINISHED 66 sample_mean completed 3.4e-05
FINISHED 67 sample_mean completed 3.8e-05
START 69 sample_mean
PROGRESS 68 / 800
START 70 sample_mean
START 71 sample_mean
PROGRESS 68 / 800
PROGRESS 68 / 800
FINISHED 68 sample_mean completed 3e-05
FINISHED 69 sample_mean completed 3.4e-05
START 72 sample_mean
PROGRESS 70 / 800
FINISHED 70 sample_mean completed 3.6e-05
START 73 sample_mean
FINISHED 71 sample_mean completed 7.9e-05
PROGRESS 72 / 800
START 74 sample_mean
START 75 sample_mean
PROGRESS 72 / 800
PROGRESS 72 / 800
FINISHED 72 sample_mean completed 4.5e-05
FINISHED 73 sample_mean completed 3.4e-05
START 76 sample_mean
PROGRESS 74 / 800
FINISHED 74 sample_mean completed 3.5e-05
START 77 sample_mean
FINISHED 75 sample_mean completed 5.1e-05
PROGRESS 76 / 800
START 78 sample_mean
START 79 sample_mean
PROGRESS 76 / 800
PROGRESS 76 / 800
FINISHED 76 sample_mean completed 3.1e-05
FINISHED 77 sample_mean completed 3.1e-05
START 80 sample_mean
PROGRESS 78 / 800
START 81 sample_mean
FINISHED 78 sample_mean completed 9.3e-05
FINISHED 79 sample_mean completed 5.1e-05
PROGRESS 78 / 800
START 82 sample_mean
START 83 sample_mean
PROGRESS 80 / 800
PROGRESS 80 / 800
FINISHED 80 sample_mean completed 3.1e-05
FINISHED 81 sample_mean completed 3.6e-05
START 84 sample_mean
PROGRESS 82 / 800
START 85 sample_mean
FINISHED 83 sample_mean completed 4.3e-05
PROGRESS 82 / 800
FINISHED 82 sample_mean completed 5.6e-05
START 86 sample_mean
START 87 sample_mean
PROGRESS 84 / 800
PROGRESS 84 / 800
FINISHED 84 sample_mean completed 3e-05
FINISHED 85 sample_mean completed 3e-05
START 88 sample_mean
PROGRESS 86 / 800
START 89 sample_mean
FINISHED 87 sample_mean completed 4.1e-05
PROGRESS 86 / 800
FINISHED 86 sample_mean completed 2.9e-05
START 90 sample_mean
START 91 sample_mean
PROGRESS 88 / 800
PROGRESS 88 / 800
FINISHED 88 sample_mean completed 3e-05
FINISHED 89 sample_mean completed 3.5e-05
START 92 sample_mean
PROGRESS 90 / 800
START 93 sample_mean
PROGRESS 90 / 800
FINISHED 91 sample_mean completed 3.1e-05
FINISHED 90 sample_mean completed 4.5e-05
START 94 sample_mean
START 95 sample_mean
PROGRESS 92 / 800
PROGRESS 92 / 800
FINISHED 92 sample_mean completed 3.4e-05
FINISHED 93 sample_mean completed 3.4e-05
START 96 sample_mean
PROGRESS 94 / 800
START 97 sample_mean
FINISHED 95 sample_mean completed 3.1e-05
FINISHED 94 sample_mean completed 3.1e-05
PROGRESS 95 / 800
START 98 sample_mean
START 99 sample_mean
PROGRESS 96 / 800
PROGRESS 96 / 800
FINISHED 96 sample_mean completed 3.2e-05
FINISHED 97 sample_mean completed 3.2e-05
START 0 coordinate_mom
PROGRESS 98 / 800
START 1 coordinate_mom
PROGRESS 98 / 800
FINISHED 99 sample_mean completed 3e-05
FINISHED 98 sample_mean completed 2.9e-05
START 2 coordinate_mom
START 3 coordinate_mom
PROGRESS 100 / 800
FINISHED 0 coordinate_mom completed 0.000328
FINISHED 1 coordinate_mom completed 0.000414
START 4 coordinate_mom
START 5 coordinate_mom
FINISHED 2 coordinate_mom completed 0.000325
FINISHED 3 coordinate_mom completed 0.000557
START 6 coordinate_mom
START 7 coordinate_mom
FINISHED 4 coordinate_mom completed 0.000483
FINISHED 5 coordinate_mom completed 0.000347
START 8 coordinate_mom
START 9 coordinate_mom
FINISHED 6 coordinate_mom completed 0.000326
running 104 / 800 ['All 100 datasets regenerate exactly; twenty replaced rows per seed; shared truth/data hashes and metrics verified. Clean data/truth/amplitude match Experiment 9 per seed.', 'Eight requested method/backend variants; source manifests match; Algorithm 2 excluded.', 'K=41 for all block methods; K_sub=29 distinct blocks sampled without replacement.', 'Completed DL SDP gaps and CFB residual/radius tolerances verified; PTZ initial-call bounds checked against Clarabel.']
FINISHED 7 coordinate_mom completed 0.00032
START 10 coordinate_mom
START 11 coordinate_mom
PROGRESS 108 / 800
PROGRESS 108 / 800
PROGRESS 108 / 800
PROGRESS 108 / 800
PROGRESS 108 / 800
PROGRESS 108 / 800
PROGRESS 108 / 800
PROGRESS 108 / 800
PROGRESS 108 / 800
FINISHED 8 coordinate_mom completed 0.000334
FINISHED 9 coordinate_mom completed 0.000339
START 12 coordinate_mom
PROGRESS 110 / 800
START 13 coordinate_mom
PROGRESS 110 / 800
FINISHED 10 coordinate_mom completed 0.000319
FINISHED 11 coordinate_mom completed 0.000343
START 14 coordinate_mom
PROGRESS 112 / 800
START 15 coordinate_mom
PROGRESS 112 / 800
FINISHED 12 coordinate_mom completed 0.00038
FINISHED 13 coordinate_mom completed 0.000313
START 16 coordinate_mom
PROGRESS 114 / 800
START 17 coordinate_mom
PROGRESS 114 / 800
FINISHED 14 coordinate_mom completed 0.000327
FINISHED 15 coordinate_mom completed 0.000339
START 18 coordinate_mom
PROGRESS 116 / 800
START 19 coordinate_mom
PROGRESS 116 / 800
FINISHED 16 coordinate_mom completed 0.00035
FINISHED 17 coordinate_mom completed 0.000333
START 20 coordinate_mom
PROGRESS 118 / 800
START 21 coordinate_mom
PROGRESS 118 / 800
FINISHED 18 coordinate_mom completed 0.000329
FINISHED 19 coordinate_mom completed 0.000383
START 22 coordinate_mom
PROGRESS 120 / 800
START 23 coordinate_mom
PROGRESS 120 / 800
FINISHED 20 coordinate_mom completed 0.000312
FINISHED 21 coordinate_mom completed 0.000341
START 24 coordinate_mom
PROGRESS 122 / 800
START 25 coordinate_mom
PROGRESS 122 / 800
FINISHED 22 coordinate_mom completed 0.000311
FINISHED 23 coordinate_mom completed 0.000373
START 26 coordinate_mom
PROGRESS 124 / 800
START 27 coordinate_mom
PROGRESS 124 / 800
FINISHED 24 coordinate_mom completed 0.000323
START 28 coordinate_mom
FINISHED 25 coordinate_mom completed 0.0003
PROGRESS 125 / 800
START 29 coordinate_mom
PROGRESS 126 / 800
FINISHED 26 coordinate_mom completed 0.000335
FINISHED 27 coordinate_mom completed 0.000315
START 30 coordinate_mom
PROGRESS 128 / 800
START 31 coordinate_mom
PROGRESS 128 / 800
FINISHED 28 coordinate_mom completed 0.000319
START 32 coordinate_mom
FINISHED 29 coordinate_mom completed 0.000296
PROGRESS 129 / 800
START 33 coordinate_mom
PROGRESS 130 / 800
FINISHED 30 coordinate_mom completed 0.000315
FINISHED 31 coordinate_mom completed 0.000337
START 34 coordinate_mom
PROGRESS 132 / 800
START 35 coordinate_mom
PROGRESS 132 / 800
FINISHED 32 coordinate_mom completed 0.000341
START 36 coordinate_mom
FINISHED 33 coordinate_mom completed 0.000311
PROGRESS 133 / 800
START 37 coordinate_mom
PROGRESS 134 / 800
FINISHED 34 coordinate_mom completed 0.000308
FINISHED 35 coordinate_mom completed 0.000338
START 38 coordinate_mom
PROGRESS 136 / 800
START 39 coordinate_mom
PROGRESS 136 / 800
FINISHED 36 coordinate_mom completed 0.000333
START 40 coordinate_mom
FINISHED 37 coordinate_mom completed 0.000539
PROGRESS 137 / 800
START 41 coordinate_mom
PROGRESS 138 / 800
FINISHED 38 coordinate_mom completed 0.000342
FINISHED 39 coordinate_mom completed 0.000354
START 42 coordinate_mom
PROGRESS 140 / 800
START 43 coordinate_mom
PROGRESS 140 / 800
FINISHED 40 coordinate_mom completed 0.00038
START 44 coordinate_mom
FINISHED 41 coordinate_mom completed 0.000311
PROGRESS 142 / 800
START 45 coordinate_mom
PROGRESS 142 / 800
FINISHED 42 coordinate_mom completed 0.000346
FINISHED 43 coordinate_mom completed 0.000319
START 46 coordinate_mom
PROGRESS 144 / 800
START 47 coordinate_mom
PROGRESS 144 / 800
FINISHED 44 coordinate_mom completed 0.000322
START 48 coordinate_mom
FINISHED 45 coordinate_mom completed 0.000316
PROGRESS 146 / 800
START 49 coordinate_mom
PROGRESS 146 / 800
FINISHED 46 coordinate_mom completed 0.000326
FINISHED 47 coordinate_mom completed 0.000353
START 50 coordinate_mom
PROGRESS 148 / 800
START 51 coordinate_mom
PROGRESS 148 / 800
FINISHED 48 coordinate_mom completed 0.000326
START 52 coordinate_mom
FINISHED 49 coordinate_mom completed 0.000302
PROGRESS 150 / 800
START 53 coordinate_mom
FINISHED 50 coordinate_mom completed 0.000337
FINISHED 51 coordinate_mom completed 0.000336
START 54 coordinate_mom
START 55 coordinate_mom
FINISHED 52 coordinate_mom completed 0.000345
FINISHED 53 coordinate_mom completed 0.000335
START 56 coordinate_mom
START 57 coordinate_mom
FINISHED 54 coordinate_mom completed 0.000344
FINISHED 55 coordinate_mom completed 0.000344
START 58 coordinate_mom
START 59 coordinate_mom
FINISHED 56 coordinate_mom completed 0.000339
running 155 / 800 ['All 100 datasets regenerate exactly; twenty replaced rows per seed; shared truth/data hashes and metrics verified. Clean data/truth/amplitude match Experiment 9 per seed.', 'Eight requested method/backend variants; source manifests match; Algorithm 2 excluded.', 'K=41 for all block methods; K_sub=29 distinct blocks sampled without replacement.', 'Completed DL SDP gaps and CFB residual/radius tolerances verified; PTZ initial-call bounds checked against Clarabel.']
FINISHED 57 coordinate_mom completed 0.000324
START 60 coordinate_mom
PROGRESS 158 / 800
PROGRESS 158 / 800
START 61 coordinate_mom
PROGRESS 158 / 800
PROGRESS 158 / 800
PROGRESS 158 / 800
FINISHED 58 coordinate_mom completed 0.000344
PROGRESS 159 / 800
PROGRESS 159 / 800
PROGRESS 159 / 800
PROGRESS 159 / 800
START 62 coordinate_mom
FINISHED 59 coordinate_mom completed 0.000305
PROGRESS 160 / 800
START 63 coordinate_mom
PROGRESS 160 / 800
FINISHED 60 coordinate_mom completed 0.000482
START 64 coordinate_mom
PROGRESS 161 / 800
FINISHED 61 coordinate_mom completed 0.000338
START 65 coordinate_mom
PROGRESS 162 / 800
FINISHED 62 coordinate_mom completed 0.000715
START 66 coordinate_mom
FINISHED 63 coordinate_mom completed 0.000312
PROGRESS 163 / 800
START 67 coordinate_mom
PROGRESS 164 / 800
FINISHED 64 coordinate_mom completed 0.000327
START 68 coordinate_mom
PROGRESS 165 / 800
FINISHED 65 coordinate_mom completed 0.000332
START 69 coordinate_mom
PROGRESS 166 / 800
FINISHED 66 coordinate_mom completed 0.00033
START 70 coordinate_mom
FINISHED 67 coordinate_mom completed 0.000317
PROGRESS 167 / 800
START 71 coordinate_mom
PROGRESS 168 / 800
FINISHED 68 coordinate_mom completed 0.000327
START 72 coordinate_mom
PROGRESS 169 / 800
FINISHED 69 coordinate_mom completed 0.000322
START 73 coordinate_mom
PROGRESS 170 / 800
FINISHED 70 coordinate_mom completed 0.000319
START 74 coordinate_mom
PROGRESS 171 / 800
FINISHED 71 coordinate_mom completed 0.000422
START 75 coordinate_mom
PROGRESS 172 / 800
FINISHED 72 coordinate_mom completed 0.000328
START 76 coordinate_mom
PROGRESS 173 / 800
FINISHED 73 coordinate_mom completed 0.000328
START 77 coordinate_mom
PROGRESS 174 / 800
FINISHED 74 coordinate_mom completed 0.000304
START 78 coordinate_mom
FINISHED 75 coordinate_mom completed 0.000373
PROGRESS 175 / 800
START 79 coordinate_mom
PROGRESS 176 / 800
FINISHED 76 coordinate_mom completed 0.000303
START 80 coordinate_mom
PROGRESS 177 / 800
FINISHED 77 coordinate_mom completed 0.000337
START 81 coordinate_mom
PROGRESS 178 / 800
FINISHED 78 coordinate_mom completed 0.000345
START 82 coordinate_mom
FINISHED 79 coordinate_mom completed 0.000333
PROGRESS 179 / 800
START 83 coordinate_mom
PROGRESS 180 / 800
FINISHED 80 coordinate_mom completed 0.000331
START 84 coordinate_mom
PROGRESS 181 / 800
FINISHED 81 coordinate_mom completed 0.00033
START 85 coordinate_mom
PROGRESS 182 / 800
FINISHED 82 coordinate_mom completed 0.000334
START 86 coordinate_mom
PROGRESS 183 / 800
FINISHED 83 coordinate_mom completed 0.000329
START 87 coordinate_mom
PROGRESS 184 / 800
FINISHED 84 coordinate_mom completed 0.000329
START 88 coordinate_mom
PROGRESS 185 / 800
FINISHED 85 coordinate_mom completed 0.000339
START 89 coordinate_mom
PROGRESS 186 / 800
FINISHED 86 coordinate_mom completed 0.000346
START 90 coordinate_mom
PROGRESS 187 / 800
FINISHED 87 coordinate_mom completed 0.000338
START 91 coordinate_mom
PROGRESS 188 / 800
FINISHED 88 coordinate_mom completed 0.000325
START 92 coordinate_mom
PROGRESS 189 / 800
FINISHED 89 coordinate_mom completed 0.000359
START 93 coordinate_mom
FINISHED 90 coordinate_mom completed 0.000357
PROGRESS 190 / 800
START 94 coordinate_mom
PROGRESS 191 / 800
FINISHED 91 coordinate_mom completed 0.000348
START 95 coordinate_mom
PROGRESS 192 / 800
FINISHED 92 coordinate_mom completed 0.000323
START 96 coordinate_mom
PROGRESS 193 / 800
FINISHED 93 coordinate_mom completed 0.000333
START 97 coordinate_mom
FINISHED 94 coordinate_mom completed 0.000516
PROGRESS 195 / 800
START 98 coordinate_mom
FINISHED 95 coordinate_mom completed 0.000333
PROGRESS 195 / 800
START 99 coordinate_mom
PROGRESS 196 / 800
FINISHED 96 coordinate_mom completed 0.000334
START 0 geometric_mom
PROGRESS 197 / 800
FINISHED 97 coordinate_mom completed 0.000352
START 1 geometric_mom
FINISHED 98 coordinate_mom completed 0.000482
PROGRESS 199 / 800
START 2 geometric_mom
PROGRESS 199 / 800
FINISHED 99 coordinate_mom completed 0.000339
START 3 geometric_mom
PROGRESS 200 / 800
FINISHED 0 geometric_mom completed 0.00166
START 4 geometric_mom
FINISHED 1 geometric_mom completed 0.002921
START 5 geometric_mom
FINISHED 2 geometric_mom completed 0.003588
START 6 geometric_mom
FINISHED 3 geometric_mom completed 0.00203
START 7 geometric_mom
FINISHED 4 geometric_mom completed 0.001328
START 8 geometric_mom
FINISHED 5 geometric_mom completed 0.001622
START 9 geometric_mom
FINISHED 6 geometric_mom completed 0.001585
START 10 geometric_mom
FINISHED 7 geometric_mom completed 0.001254
running 204 / 800 ['All 100 datasets regenerate exactly; twenty replaced rows per seed; shared truth/data hashes and metrics verified. Clean data/truth/amplitude match Experiment 9 per seed.', 'Eight requested method/backend variants; source manifests match; Algorithm 2 excluded.', 'K=41 for all block methods; K_sub=29 distinct blocks sampled without replacement.', 'Completed DL SDP gaps and CFB residual/radius tolerances verified; PTZ initial-call bounds checked against Clarabel.']
START 11 geometric_mom
PROGRESS 208 / 800
PROGRESS 208 / 800
PROGRESS 208 / 800
PROGRESS 208 / 800
PROGRESS 208 / 800
PROGRESS 208 / 800
PROGRESS 208 / 800
PROGRESS 208 / 800
FINISHED 8 geometric_mom completed 0.001316
START 12 geometric_mom
PROGRESS 209 / 800
FINISHED 9 geometric_mom completed 0.00145
START 13 geometric_mom
PROGRESS 210 / 800
FINISHED 10 geometric_mom completed 0.002302
START 14 geometric_mom
PROGRESS 211 / 800
FINISHED 11 geometric_mom completed 0.001198
START 15 geometric_mom
PROGRESS 212 / 800
FINISHED 12 geometric_mom completed 0.002174
START 16 geometric_mom
PROGRESS 213 / 800
FINISHED 13 geometric_mom completed 0.001121
START 17 geometric_mom
PROGRESS 214 / 800
FINISHED 14 geometric_mom completed 0.001268
START 18 geometric_mom
PROGRESS 215 / 800
FINISHED 15 geometric_mom completed 0.001151
START 19 geometric_mom
PROGRESS 216 / 800
FINISHED 16 geometric_mom completed 0.001233
START 20 geometric_mom
PROGRESS 217 / 800
FINISHED 17 geometric_mom completed 0.001414
START 21 geometric_mom
PROGRESS 218 / 800
FINISHED 18 geometric_mom completed 0.002706
START 22 geometric_mom
PROGRESS 219 / 800
FINISHED 19 geometric_mom completed 0.001695
START 23 geometric_mom
PROGRESS 220 / 800
FINISHED 20 geometric_mom completed 0.001543
START 24 geometric_mom
PROGRESS 221 / 800
FINISHED 21 geometric_mom completed 0.001825
START 25 geometric_mom
FINISHED 22 geometric_mom completed 0.001878
PROGRESS 222 / 800
START 26 geometric_mom
PROGRESS 223 / 800
FINISHED 23 geometric_mom completed 0.001307
START 27 geometric_mom
PROGRESS 224 / 800
FINISHED 24 geometric_mom completed 0.00231
START 28 geometric_mom
PROGRESS 225 / 800
FINISHED 25 geometric_mom completed 0.001494
START 29 geometric_mom
PROGRESS 226 / 800
FINISHED 26 geometric_mom completed 0.001834
START 30 geometric_mom
FINISHED 27 geometric_mom completed 0.001726
PROGRESS 227 / 800
START 31 geometric_mom
PROGRESS 228 / 800
FINISHED 28 geometric_mom completed 0.001152
START 32 geometric_mom
PROGRESS 229 / 800
FINISHED 29 geometric_mom completed 0.001516
START 33 geometric_mom
PROGRESS 230 / 800
FINISHED 30 geometric_mom completed 0.00141
START 34 geometric_mom
FINISHED 31 geometric_mom completed 0.001395
PROGRESS 232 / 800
START 35 geometric_mom
PROGRESS 232 / 800
FINISHED 32 geometric_mom completed 0.001456
START 36 geometric_mom
FINISHED 33 geometric_mom completed 0.001685
PROGRESS 233 / 800
START 37 geometric_mom
PROGRESS 234 / 800
FINISHED 34 geometric_mom completed 0.00175
START 38 geometric_mom
FINISHED 35 geometric_mom completed 0.001711
PROGRESS 235 / 800
START 39 geometric_mom
PROGRESS 236 / 800
FINISHED 36 geometric_mom completed 0.001153
START 40 geometric_mom
PROGRESS 237 / 800
FINISHED 37 geometric_mom completed 0.001705
START 41 geometric_mom
PROGRESS 238 / 800
FINISHED 38 geometric_mom completed 0.001333
START 42 geometric_mom
FINISHED 39 geometric_mom completed 0.00124
PROGRESS 240 / 800
START 43 geometric_mom
PROGRESS 240 / 800
FINISHED 40 geometric_mom completed 0.001888
START 44 geometric_mom
FINISHED 41 geometric_mom completed 0.001202
PROGRESS 241 / 800
START 45 geometric_mom
PROGRESS 242 / 800
FINISHED 42 geometric_mom completed 0.001631
START 46 geometric_mom
FINISHED 43 geometric_mom completed 0.000939
PROGRESS 244 / 800
START 47 geometric_mom
PROGRESS 244 / 800
FINISHED 44 geometric_mom completed 0.001131
START 48 geometric_mom
PROGRESS 245 / 800
FINISHED 45 geometric_mom completed 0.001706
START 49 geometric_mom
PROGRESS 246 / 800
FINISHED 46 geometric_mom completed 0.001534
FINISHED 47 geometric_mom completed 0.001411
START 50 geometric_mom
PROGRESS 248 / 800
START 51 geometric_mom
PROGRESS 248 / 800
FINISHED 48 geometric_mom completed 0.001337
START 52 geometric_mom
PROGRESS 249 / 800
FINISHED 49 geometric_mom completed 0.001546
START 53 geometric_mom
PROGRESS 250 / 800
FINISHED 50 geometric_mom completed 0.002069
FINISHED 51 geometric_mom completed 0.001313
START 54 geometric_mom
START 55 geometric_mom
FINISHED 52 geometric_mom completed 0.001382
START 56 geometric_mom
FINISHED 53 geometric_mom completed 0.001338
START 57 geometric_mom
FINISHED 54 geometric_mom completed 0.001187
FINISHED 55 geometric_mom completed 0.001297
START 58 geometric_mom
START 59 geometric_mom
FINISHED 56 geometric_mom completed 0.002311
START 60 geometric_mom
FINISHED 57 geometric_mom completed 0.001732
running 256 / 800 ['All 100 datasets regenerate exactly; twenty replaced rows per seed; shared truth/data hashes and metrics verified. Clean data/truth/amplitude match Experiment 9 per seed.', 'Eight requested method/backend variants; source manifests match; Algorithm 2 excluded.', 'K=41 for all block methods; K_sub=29 distinct blocks sampled without replacement.', 'Completed DL SDP gaps and CFB residual/radius tolerances verified; PTZ initial-call bounds checked against Clarabel.']
START 61 geometric_mom
FINISHED 58 geometric_mom completed 0.001294
PROGRESS 259 / 800
PROGRESS 259 / 800
FINISHED 59 geometric_mom completed 0.001786
PROGRESS 259 / 800
START 62 geometric_mom
PROGRESS 260 / 800
PROGRESS 260 / 800
PROGRESS 260 / 800
START 63 geometric_mom
PROGRESS 260 / 800
PROGRESS 260 / 800
PROGRESS 260 / 800
PROGRESS 260 / 800
FINISHED 60 geometric_mom completed 0.001633
START 64 geometric_mom
PROGRESS 261 / 800
FINISHED 61 geometric_mom completed 0.001904
START 65 geometric_mom
PROGRESS 262 / 800
FINISHED 62 geometric_mom completed 0.001141
FINISHED 63 geometric_mom completed 0.001358
START 66 geometric_mom
PROGRESS 264 / 800
START 67 geometric_mom
PROGRESS 264 / 800
FINISHED 64 geometric_mom completed 0.002462
START 68 geometric_mom
PROGRESS 265 / 800
FINISHED 65 geometric_mom completed 0.001138
START 69 geometric_mom
PROGRESS 266 / 800
FINISHED 66 geometric_mom completed 0.001285
FINISHED 67 geometric_mom completed START0.001147
 70 geometric_mom
PROGRESS 268 / 800
START 71 geometric_mom
PROGRESS 268 / 800
FINISHED 68 geometric_mom completed 0.001164
START 72 geometric_mom
PROGRESS 269 / 800
FINISHED 69 geometric_mom completed 0.00211
START 73 geometric_mom
PROGRESS 270 / 800
FINISHED 70 geometric_mom completed 0.001187
START 74 geometric_mom
FINISHED 71 geometric_mom completed 0.00135
PROGRESS 272 / 800
START 75 geometric_mom
PROGRESS 272 / 800
FINISHED 72 geometric_mom completed 0.001691
START 76 geometric_mom
PROGRESS 273 / 800
FINISHED 73 geometric_mom completed 0.001258
START 77 geometric_mom
PROGRESS 274 / 800
FINISHED 74 geometric_mom completed 0.001412
START 78 geometric_mom
FINISHED 75 geometric_mom completed 0.001063
PROGRESS 275 / 800
START 79 geometric_mom
PROGRESS 276 / 800
FINISHED 76 geometric_mom completed 0.001647
START 80 geometric_mom
PROGRESS 277 / 800
FINISHED 77 geometric_mom completed 0.001224
START 81 geometric_mom
PROGRESS 278 / 800
FINISHED 78 geometric_mom completed 0.001509
START 82 geometric_mom
FINISHED 79 geometric_mom completed 0.001254
PROGRESS 280 / 800
START 83 geometric_mom
PROGRESS 280 / 800
FINISHED 80 geometric_mom completed 0.001205
START 84 geometric_mom
PROGRESS 281 / 800
FINISHED 81 geometric_mom completed 0.002666
START 85 geometric_mom
PROGRESS 282 / 800
FINISHED 82 geometric_mom completed 0.001372
START 86 geometric_mom
FINISHED 83 geometric_mom completed 0.001493
PROGRESS 284 / 800
START 87 geometric_mom
PROGRESS 284 / 800
FINISHED 84 geometric_mom completed 0.00234
START 88 geometric_mom
PROGRESS 285 / 800
FINISHED 85 geometric_mom completed 0.002264
START 89 geometric_mom
PROGRESS 286 / 800
FINISHED 86 geometric_mom completed 0.001885
START 90 geometric_mom
FINISHED 87 geometric_mom completed 0.002545
PROGRESS 288 / 800
START 91 geometric_mom
PROGRESS 288 / 800
FINISHED 88 geometric_mom completed 0.002354
START 92 geometric_mom
PROGRESS 289 / 800
FINISHED 89 geometric_mom completed 0.001008
START 93 geometric_mom
PROGRESS 290 / 800
FINISHED 90 geometric_mom completed 0.001048
START 94 geometric_mom
FINISHED 91 geometric_mom completed 0.001673
PROGRESS 291 / 800
START 95 geometric_mom
PROGRESS 292 / 800
FINISHED 92 geometric_mom completed 0.001218
START 96 geometric_mom
PROGRESS 293 / 800
FINISHED 93 geometric_mom completed 0.001809
START 97 geometric_mom
PROGRESS 294 / 800
FINISHED 94 geometric_mom completed 0.001479
START 98 geometric_mom
FINISHED 95 geometric_mom completed 0.002366
PROGRESS 295 / 800
START 99 geometric_mom
PROGRESS 296 / 800
FINISHED 96 geometric_mom completed 0.001265
START 0 algorithm_1
PROGRESS 297 / 800
FINISHED 97 geometric_mom completed 0.001488
START 1 algorithm_1
PROGRESS 298 / 800
FINISHED 98 geometric_mom completed 0.001178
START 2 algorithm_1
PROGRESS 299 / 800
FINISHED 99 geometric_mom completed 0.001225
START 3 algorithm_1
PROGRESS 300 / 800
running 300 / 800 ['All 100 datasets regenerate exactly; twenty replaced rows per seed; shared truth/data hashes and metrics verified. Clean data/truth/amplitude match Experiment 9 per seed.', 'Eight requested method/backend variants; source manifests match; Algorithm 2 excluded.', 'K=41 for all block methods; K_sub=29 distinct blocks sampled without replacement.', 'Completed DL SDP gaps and CFB residual/radius tolerances verified; PTZ initial-call bounds checked against Clarabel.']
FINISHED 3 algorithm_1 completed 2.868125
START 4 algorithm_1
PROGRESS 301 / 800
FINISHED 1 algorithm_1 completed 5.039376
START 5 algorithm_1
PROGRESS 302 / 800
FINISHED 2 algorithm_1 completed 19.437848
START 6 algorithm_1
PROGRESS 303 / 800
FINISHED 5 algorithm_1 completed 26.654373
START 7 algorithm_1
PROGRESS 304 / 800
FINISHED 0 algorithm_1 completed 34.646198
START 8 algorithm_1
PROGRESS 305 / 800
FINISHED 8 algorithm_1 completed 14.817795
START 9 algorithm_1
PROGRESS 306 / 800
FINISHED 7 algorithm_1 completed 21.206781
START 10 algorithm_1
PROGRESS 307 / 800
FINISHED 9 algorithm_1 completed 25.237777
START 11 algorithm_1
PROGRESS 308 / 800
FINISHED 10 algorithm_1 completed 28.46076
START 12 algorithm_1
PROGRESS 309 / 800
FINISHED 11 algorithm_1 completed 7.796516
START 13 algorithm_1
PROGRESS 310 / 800
FINISHED 12 algorithm_1 completed 8.376122
START 14 algorithm_1
PROGRESS 311 / 800
FINISHED 6 algorithm_1 completed 83.338047
START 15 algorithm_1
PROGRESS 312 / 800
FINISHED 4 algorithm_1 completed 118.12932
START 16 algorithm_1
PROGRESS 313 / 800
FINISHED 14 algorithm_1 completed 37.79116
START 17 algorithm_1
PROGRESS 314 / 800
FINISHED 17 algorithm_1 completed 8.345686
START 18 algorithm_1
PROGRESS 315 / 800
FINISHED 13 algorithm_1 completed 55.551872
START 19 algorithm_1
PROGRESS 316 / 800
FINISHED 18 algorithm_1 completed 3.58659
START 20 algorithm_1
PROGRESS 317 / 800
FINISHED 19 algorithm_1 completed 25.060988
START 21 algorithm_1
PROGRESS 318 / 800
FINISHED 21 algorithm_1 completed 6.48002
START 22 algorithm_1
PROGRESS 319 / 800
FINISHED 20 algorithm_1 completed 29.557797
START 23 algorithm_1
PROGRESS 320 / 800
FINISHED 15 algorithm_1 completed 82.124156
START 24 algorithm_1
PROGRESS 321 / 800
FINISHED 24 algorithm_1 completed 3.351979
START 25 algorithm_1
PROGRESS 322 / 800
FINISHED 16 algorithm_1 completed 76.785306
START 26 algorithm_1
PROGRESS 323 / 800
FINISHED 25 algorithm_1 completed 17.902534
START 27 algorithm_1
PROGRESS 324 / 800
FINISHED 22 algorithm_1 completed 59.5073
FINISHED 27 algorithm_1 completed 24.336272
START 28 algorithm_1
START 29 algorithm_1
PROGRESS 326 / 800
PROGRESS 326 / 800
FINISHED 29 algorithm_1 completed 8.601019
START 30 algorithm_1
PROGRESS 327 / 800
FINISHED 30 algorithm_1 completed 37.027079
START 31 algorithm_1
PROGRESS 328 / 800
FINISHED 31 algorithm_1 completed 5.796629
FINISHED 26 algorithm_1 completed 87.724229
START 32 algorithm_1
START 33 algorithm_1
PROGRESS 330 / 800
PROGRESS 330 / 800
FINISHED 28 algorithm_1 completed 55.167375
START 34 algorithm_1
PROGRESS 331 / 800
FINISHED 34 algorithm_1 completed 2.533849
START 35 algorithm_1
PROGRESS 332 / 800
FINISHED 33 algorithm_1 completed 11.188173
START 36 algorithm_1
PROGRESS 333 / 800
FINISHED 35 algorithm_1 completed 10.792008
START 37 algorithm_1
PROGRESS 334 / 800
FINISHED 37 algorithm_1 completed 8.677026
START 38 algorithm_1
PROGRESS 335 / 800
FINISHED 38 algorithm_1 completed 13.38149
START 39 algorithm_1
PROGRESS 336 / 800
FINISHED 23 algorithm_1 completed 154.77204
START 40 algorithm_1
PROGRESS 337 / 800
FINISHED 36 algorithm_1 completed 36.876853
START 41 algorithm_1
PROGRESS 338 / 800
FINISHED 40 algorithm_1 completed 11.006339
START 42 algorithm_1
PROGRESS 339 / 800
FINISHED 39 algorithm_1 completed 19.672328
START 43 algorithm_1
PROGRESS 340 / 800
FINISHED 32 algorithm_1 completed 61.102773
START 44 algorithm_1
PROGRESS 341 / 800
FINISHED 43 algorithm_1 completed 10.915736
START 45 algorithm_1
PROGRESS 342 / 800
FINISHED 42 algorithm_1 completed 28.976793
START 46 algorithm_1
PROGRESS 343 / 800
FINISHED 46 algorithm_1 completed 6.687419
START 47 algorithm_1
PROGRESS 344 / 800
FINISHED 47 algorithm_1 completed 10.79382
START 48 algorithm_1
PROGRESS 345 / 800
FINISHED 45 algorithm_1 completed 33.66846
START 49 algorithm_1
PROGRESS 346 / 800
FINISHED 44 algorithm_1 completed 47.128088
START 50 algorithm_1
PROGRESS 347 / 800
FINISHED 48 algorithm_1 completed 12.238073
START 51 algorithm_1
PROGRESS 348 / 800
FINISHED 51 algorithm_1 completed 15.108849
START 52 algorithm_1
PROGRESS 349 / 800
FINISHED 50 algorithm_1 completed 26.319428
START 53 algorithm_1
PROGRESS 350 / 800
running 350 / 800 ['All 100 datasets regenerate exactly; twenty replaced rows per seed; shared truth/data hashes and metrics verified. Clean data/truth/amplitude match Experiment 9 per seed.', 'Eight requested method/backend variants; source manifests match; Algorithm 2 excluded.', 'K=41 for all block methods; K_sub=29 distinct blocks sampled without replacement.', 'Completed DL SDP gaps and CFB residual/radius tolerances verified; PTZ initial-call bounds checked against Clarabel.']
FINISHED 41 algorithm_1 completed 96.451397
START 54 algorithm_1
PROGRESS 351 / 800
FINISHED 49 algorithm_1 completed 47.142006
START 55 algorithm_1
PROGRESS 352 / 800
FINISHED 55 algorithm_1 completed 8.23819
START 56 algorithm_1
PROGRESS 353 / 800
FINISHED 53 algorithm_1 completed 34.930488
START 57 algorithm_1
PROGRESS 354 / 800
FINISHED 52 algorithm_1 completed 46.522422
START 58 algorithm_1
PROGRESS 355 / 800
FINISHED 57 algorithm_1 completed 23.643352
START 59 algorithm_1
PROGRESS 356 / 800
FINISHED 59 algorithm_1 completed 5.26332
START 60 algorithm_1
PROGRESS 357 / 800
FINISHED 60 algorithm_1 completed 4.725881
START 61 algorithm_1
PROGRESS 358 / 800
FINISHED 56 algorithm_1 completed 52.950978
START 62 algorithm_1
PROGRESS 359 / 800
FINISHED 62 algorithm_1 completed 12.552436
START 63 algorithm_1
PROGRESS 360 / 800
FINISHED 63 algorithm_1 completed 20.157729
START 64 algorithm_1
PROGRESS 361 / 800
FINISHED 54 algorithm_1 completed 118.883615
START 65 algorithm_1
PROGRESS 362 / 800
FINISHED 61 algorithm_1 completed 62.267171
START 66 algorithm_1
PROGRESS 363 / 800
FINISHED 66 algorithm_1 completed 6.885006
START 67 algorithm_1
PROGRESS 364 / 800
FINISHED 58 algorithm_1 completed 99.885061
START 68 algorithm_1
PROGRESS 365 / 800
FINISHED 65 algorithm_1 completed 48.019722
START 69 algorithm_1
PROGRESS 366 / 800
FINISHED 69 algorithm_1 completed 9.99895
START 70 algorithm_1
PROGRESS 367 / 800
FINISHED 67 algorithm_1 completed 55.156957
START 71 algorithm_1
PROGRESS 368 / 800
FINISHED 68 algorithm_1 completed 61.416297
START 72 algorithm_1
PROGRESS 369 / 800
FINISHED 64 algorithm_1 completed 90.058888
START 73 algorithm_1
PROGRESS 370 / 800
FINISHED 72 algorithm_1 completed 7.839671
START 74 algorithm_1
PROGRESS 371 / 800
FINISHED 73 algorithm_1 completed 16.685228
START 75 algorithm_1
PROGRESS 372 / 800
FINISHED 70 algorithm_1 completed 66.284758
START 76 algorithm_1
PROGRESS 373 / 800
FINISHED 71 algorithm_1 completed 58.329895
START 77 algorithm_1
PROGRESS 374 / 800
FINISHED 77 algorithm_1 completed 11.055803
START 78 algorithm_1
PROGRESS 375 / 800
FINISHED 78 algorithm_1 completed 2.377484
START 79 algorithm_1
PROGRESS 376 / 800
FINISHED 74 algorithm_1 completed 80.863415
START 80 algorithm_1
PROGRESS 377 / 800
FINISHED 76 algorithm_1 completed 47.65918
START 81 algorithm_1
PROGRESS 378 / 800
FINISHED 81 algorithm_1 completed 4.942075
START 82 algorithm_1
PROGRESS 379 / 800
FINISHED 75 algorithm_1 completed 109.740371
START 83 algorithm_1
PROGRESS 380 / 800
FINISHED 79 algorithm_1 completed 72.380538
START 84 algorithm_1
PROGRESS 381 / 800
FINISHED 82 algorithm_1 completed 35.857491
START 85 algorithm_1
PROGRESS 382 / 800
FINISHED 83 algorithm_1 completed 22.439698
START 86 algorithm_1
PROGRESS 383 / 800
FINISHED 85 algorithm_1 completed 10.547692
START 87 algorithm_1
PROGRESS 384 / 800
FINISHED 84 algorithm_1 completed 15.444684
START 88 algorithm_1
PROGRESS 385 / 800
FINISHED 87 algorithm_1 completed 7.753869
START 89 algorithm_1
PROGRESS 386 / 800
FINISHED 86 algorithm_1 completed 10.612924
START 90 algorithm_1
PROGRESS 387 / 800
FINISHED 88 algorithm_1 completed 27.127289
START 91 algorithm_1
PROGRESS 388 / 800
FINISHED 90 algorithm_1 completed 22.965487
START 92 algorithm_1
PROGRESS 389 / 800
FINISHED 92 algorithm_1 completed 33.069585
START 93 algorithm_1
PROGRESS 390 / 800
FINISHED 89 algorithm_1 completed 59.290992
START 94 algorithm_1
PROGRESS 391 / 800
FINISHED 93 algorithm_1 completed 22.800876
START 95 algorithm_1
PROGRESS 392 / 800
FINISHED 94 algorithm_1 completed 22.49106
START 96 algorithm_1
PROGRESS 393 / 800
FINISHED 95 algorithm_1 completed 8.84932
START 97 algorithm_1
PROGRESS 394 / 800
FINISHED 91 algorithm_1 completed 86.023434
START 98 algorithm_1
PROGRESS 395 / 800
FINISHED 96 algorithm_1 completed 39.669683
START 99 algorithm_1
PROGRESS 396 / 800
FINISHED 97 algorithm_1 completed 35.45299
START 0 random_block_selection
PROGRESS 397 / 800
FINISHED 0 random_block_selection completed 4.320082
START 1 random_block_selection
PROGRESS 398 / 800
FINISHED 1 random_block_selection completed 0.683955
START 2 random_block_selection
PROGRESS 399 / 800
FINISHED 2 random_block_selection completed 6.781772
START 3 random_block_selection
PROGRESS 400 / 800
FINISHED 3 random_block_selection completed 0.632933
START 4 random_block_selection
running 400 / 800 ['All 100 datasets regenerate exactly; twenty replaced rows per seed; shared truth/data hashes and metrics verified. Clean data/truth/amplitude match Experiment 9 per seed.', 'Eight requested method/backend variants; source manifests match; Algorithm 2 excluded.', 'K=41 for all block methods; K_sub=29 distinct blocks sampled without replacement.', 'Completed DL SDP gaps and CFB residual/radius tolerances verified; PTZ initial-call bounds checked against Clarabel.']
PROGRESS 401 / 800
FINISHED 4 random_block_selection completed 2.084261
START 5 random_block_selection
PROGRESS 402 / 800
FINISHED 5 random_block_selection completed 6.268632
START 6 random_block_selection
PROGRESS 403 / 800
FINISHED 98 algorithm_1 completed 46.208275
START 7 random_block_selection
PROGRESS 404 / 800
FINISHED 6 random_block_selection completed 3.625252
START 8 random_block_selection
PROGRESS 405 / 800
FINISHED 7 random_block_selection completed 1.583668
START 9 random_block_selection
PROGRESS 406 / 800
FINISHED 8 random_block_selection completed 2.475216
START 10 random_block_selection
PROGRESS 407 / 800
FINISHED 10 random_block_selection completed 0.389055
START 11 random_block_selection
PROGRESS 408 / 800
FINISHED 9 random_block_selection completed 2.773875
START 12 random_block_selection
PROGRESS 409 / 800
FINISHED 11 random_block_selection completed 0.251247
START 13 random_block_selection
PROGRESS 410 / 800
FINISHED 12 random_block_selection completed 1.045135
START 14 random_block_selection
PROGRESS 411 / 800
FINISHED 14 random_block_selection completed 2.275591
START 15 random_block_selection
PROGRESS 412 / 800
FINISHED 13 random_block_selection completed 5.695981
START 16 random_block_selection
PROGRESS 413 / 800
FINISHED 15 random_block_selection completed 3.665767
START 17 random_block_selection
PROGRESS 414 / 800
FINISHED 17 random_block_selection completed 0.585565
START 18 random_block_selection
PROGRESS 415 / 800
FINISHED 18 random_block_selection completed 2.033439
START 19 random_block_selection
PROGRESS 416 / 800
FINISHED 16 random_block_selection completed 8.147377
START 20 random_block_selection
PROGRESS 417 / 800
FINISHED 19 random_block_selection completed 4.619817
START 21 random_block_selection
PROGRESS 418 / 800
FINISHED 99 algorithm_1 completed 56.294446
START 22 random_block_selection
PROGRESS 419 / 800
FINISHED 20 random_block_selection completed 2.591895
START 23 random_block_selection
PROGRESS 420 / 800
FINISHED 21 random_block_selection completed 1.207966
START 24 random_block_selection
PROGRESS 421 / 800
FINISHED 24 random_block_selection completed 0.686463
START 25 random_block_selection
PROGRESS 422 / 800
FINISHED 22 random_block_selection completed 2.749247
START 26 random_block_selection
PROGRESS 423 / 800
FINISHED 25 random_block_selection completed 3.309039
START 27 random_block_selection
PROGRESS 424 / 800
FINISHED 27 random_block_selection completed 0.26869
START 28 random_block_selection
PROGRESS 425 / 800
FINISHED 23 random_block_selection completed 6.605501
START 29 random_block_selection
PROGRESS 426 / 800
FINISHED 29 random_block_selection completed 1.911968
START 30 random_block_selection
PROGRESS 427 / 800
FINISHED 26 random_block_selection completed 7.84037
START 31 random_block_selection
PROGRESS 428 / 800
FINISHED 31 random_block_selection completed 1.49376
START 32 random_block_selection
PROGRESS 429 / 800
FINISHED 28 random_block_selection completed 6.850279
START 33 random_block_selection
PROGRESS 430 / 800
FINISHED 33 random_block_selection completed 0.684499
START 34 random_block_selection
PROGRESS 431 / 800
FINISHED 80 algorithm_1 completed 268.089881
START 35 random_block_selection
PROGRESS 432 / 800
FINISHED 30 random_block_selection completed 7.91339
START 36 random_block_selection
PROGRESS 433 / 800
FINISHED 34 random_block_selection completed 2.207313
START 37 random_block_selection
PROGRESS 434 / 800
FINISHED 37 random_block_selection completed 0.292071
START 38 random_block_selection
PROGRESS 435 / 800
FINISHED 35 random_block_selection completed 2.564799
START 39 random_block_selection
PROGRESS 436 / 800
FINISHED 39 random_block_selection completed 0.652993
START 40 random_block_selection
PROGRESS 437 / 800
FINISHED 32 random_block_selection completed 7.307897
START 41 random_block_selection
PROGRESS 438 / 800
FINISHED 38 random_block_selection completed 1.676322
START 42 random_block_selection
PROGRESS 439 / 800
FINISHED 36 random_block_selection completed 6.539031
START 43 random_block_selection
PROGRESS 440 / 800
FINISHED 41 random_block_selection completed 4.856472
START 44 random_block_selection
PROGRESS 441 / 800
FINISHED 44 random_block_selection completed 1.25527
FINISHED 43 random_block_selection completed 3.140507
START 45 random_block_selection
PROGRESS 443 / 800
START 46 random_block_selection
PROGRESS 443 / 800
FINISHED 40 random_block_selection completed 8.769938
START 47 random_block_selection
PROGRESS 444 / 800
FINISHED 46 random_block_selection completed 1.043747
START 48 random_block_selection
PROGRESS 445 / 800
FINISHED 47 random_block_selection completed 2.064814
START 49 random_block_selection
PROGRESS 446 / 800
FINISHED 45 random_block_selection completed 3.657002
START 50 random_block_selection
PROGRESS 447 / 800
FINISHED 42 random_block_selection completed 11.150097
START 51 random_block_selection
PROGRESS 448 / 800
FINISHED 50 random_block_selection completed 1.824164
START 52 random_block_selection
PROGRESS 449 / 800
FINISHED 51 random_block_selection completed 3.135476
START 53 random_block_selection
PROGRESS 450 / 800
FINISHED 49 random_block_selection completed 3.826466
START 54 random_block_selection
running 451 / 800 ['All 100 datasets regenerate exactly; twenty replaced rows per seed; shared truth/data hashes and metrics verified. Clean data/truth/amplitude match Experiment 9 per seed.', 'Eight requested method/backend variants; source manifests match; Algorithm 2 excluded.', 'K=41 for all block methods; K_sub=29 distinct blocks sampled without replacement.', 'Completed DL SDP gaps and CFB residual/radius tolerances verified; PTZ initial-call bounds checked against Clarabel.']
PROGRESS 451 / 800
FINISHED 48 random_block_selection completed 7.887696
START 55 random_block_selection
PROGRESS 452 / 800
FINISHED 55 random_block_selection completed 1.081424
START 56 random_block_selection
PROGRESS 453 / 800
FINISHED 53 random_block_selection completed 4.516752
START 57 random_block_selection
PROGRESS 454 / 800
FINISHED 56 random_block_selection completed 1.380639
START 58 random_block_selection
PROGRESS 455 / 800
FINISHED 58 random_block_selection completed 0.716205
START 59 random_block_selection
PROGRESS 456 / 800
FINISHED 57 random_block_selection completed 1.582341
START 60 random_block_selection
PROGRESS 457 / 800
FINISHED 59 random_block_selection completed 0.321313
START 61 random_block_selection
PROGRESS 458 / 800
FINISHED 52 random_block_selection completed 10.211227
START 62 random_block_selection
PROGRESS 459 / 800
FINISHED 60 random_block_selection completed 2.266189
START 63 random_block_selection
PROGRESS 460 / 800
FINISHED 54 random_block_selection completed 9.917406
START 64 random_block_selection
PROGRESS 461 / 800
FINISHED 62 random_block_selection completed 2.169183
START 65 random_block_selection
PROGRESS 462 / 800
FINISHED 64 random_block_selection completed 2.511083
START 66 random_block_selection
PROGRESS 463 / 800
FINISHED 61 random_block_selection completed 5.973307
START 67 random_block_selection
PROGRESS 464 / 800
FINISHED 66 random_block_selection completed 1.860176
START 68 random_block_selection
PROGRESS 465 / 800
FINISHED 67 random_block_selection completed 1.853407
START 69 random_block_selection
PROGRESS 466 / 800
FINISHED 63 random_block_selection completed 6.648395
START 70 random_block_selection
PROGRESS 467 / 800
FINISHED 69 random_block_selection completed 1.5056
START 71 random_block_selection
PROGRESS 468 / 800
FINISHED 65 random_block_selection completed 7.733524
START 72 random_block_selection
PROGRESS 469 / 800
FINISHED 68 random_block_selection completed 4.102384
START 73 random_block_selection
PROGRESS 470 / 800
FINISHED 71 random_block_selection completed 2.31998
FINISHED 72 random_block_selection completed 1.166523
START 74 random_block_selection
PROGRESS 472 / 800
START 75 random_block_selection
PROGRESS 472 / 800
FINISHED 70 random_block_selection completed 5.504589
START 76 random_block_selection
PROGRESS 473 / 800
FINISHED 74 random_block_selection completed 1.664967
START 77 random_block_selection
PROGRESS 474 / 800
FINISHED 73 random_block_selection completed 2.734656
START 78 random_block_selection
PROGRESS 475 / 800
FINISHED 77 random_block_selection completed 0.453875
START 79 random_block_selection
PROGRESS 476 / 800
FINISHED 78 random_block_selection completed 0.558438
START 80 random_block_selection
PROGRESS 477 / 800
FINISHED 75 random_block_selection completed 4.533699
START 81 random_block_selection
PROGRESS 478 / 800
FINISHED 79 random_block_selection completed 7.047141
START 82 random_block_selection
PROGRESS 479 / 800
FINISHED 76 random_block_selection completed 9.915631
START 83 random_block_selection
PROGRESS 480 / 800
FINISHED 80 random_block_selection completed 10.76146
START 84 random_block_selection
PROGRESS 481 / 800
FINISHED 81 random_block_selection completed 9.96088
START 85 random_block_selection
PROGRESS 482 / 800
FINISHED 84 random_block_selection completed 0.831889
START 86 random_block_selection
PROGRESS 483 / 800
FINISHED 82 random_block_selection completed 5.829918
START 87 random_block_selection
PROGRESS 484 / 800
FINISHED 83 random_block_selection completed 5.11196
START 88 random_block_selection
PROGRESS 485 / 800
FINISHED 85 random_block_selection completed 1.628554
FINISHED 86 random_block_selection completed 0.876067
START 89 random_block_selection
PROGRESS 487 / 800
START 90 random_block_selection
PROGRESS 487 / 800
FINISHED 87 random_block_selection completed 2.426088
START 91 random_block_selection
PROGRESS 488 / 800
FINISHED 90 random_block_selection completed 3.914898
START 92 random_block_selection
PROGRESS 489 / 800
FINISHED 89 random_block_selection completed 7.191635
START 93 random_block_selection
PROGRESS 490 / 800
FINISHED 93 random_block_selection completed 1.082719
START 94 random_block_selection
PROGRESS 491 / 800
FINISHED 88 random_block_selection completed 9.356748
START 95 random_block_selection
PROGRESS 492 / 800
FINISHED 95 random_block_selection completed 0.518241
START 96 random_block_selection
PROGRESS 493 / 800
FINISHED 91 random_block_selection completed 9.131671
START 97 random_block_selection
PROGRESS 494 / 800
FINISHED 94 random_block_selection completed 2.65797
START 98 random_block_selection
PROGRESS 495 / 800
FINISHED 97 random_block_selection completed 2.847156
START 99 random_block_selection
PROGRESS 496 / 800
FINISHED 98 random_block_selection completed 2.834607
START 0 dl_clarabel
PROGRESS 497 / 800
FINISHED 96 random_block_selection completed 4.987181
START 1 dl_clarabel
FINISHED 92 random_block_selection completed 11.334262
PROGRESS 498 / 800
START 2 dl_clarabel
PROGRESS 499 / 800
FINISHED 0 dl_clarabel completed 2.06074
START 3 dl_clarabel
PROGRESS 500 / 800
FINISHED 1 dl_clarabel completed 2.304133
START 4 dl_clarabel
FINISHED 2 dl_clarabel completed 2.446873
START 5 dl_clarabel
running 502 / 800 ['All 100 datasets regenerate exactly; twenty replaced rows per seed; shared truth/data hashes and metrics verified. Clean data/truth/amplitude match Experiment 9 per seed.', 'Eight requested method/backend variants; source manifests match; Algorithm 2 excluded.', 'K=41 for all block methods; K_sub=29 distinct blocks sampled without replacement.', 'Completed DL SDP gaps and CFB residual/radius tolerances verified; PTZ initial-call bounds checked against Clarabel.']
PROGRESS 502 / 800
PROGRESS 502 / 800
FINISHED 3 dl_clarabel completed 2.268453
START 6 dl_clarabel
PROGRESS 503 / 800
FINISHED 5 dl_clarabel completed 1.987322
START 7 dl_clarabel
PROGRESS 504 / 800
FINISHED 4 dl_clarabel completed 2.535153
START 8 dl_clarabel
PROGRESS 505 / 800
FINISHED 7 dl_clarabel completed 1.886039
FINISHED 6 dl_clarabel completed 2.259336
START 9 dl_clarabel
START 10 dl_clarabel
PROGRESS 507 / 800
PROGRESS 507 / 800
FINISHED 99 random_block_selection completed 8.940494
START 11 dl_clarabel
PROGRESS 508 / 800
FINISHED 8 dl_clarabel completed 2.472506
START 12 dl_clarabel
PROGRESS 509 / 800
FINISHED 10 dl_clarabel completed 2.511327
START 13 dl_clarabel
FINISHED 11 dl_clarabel completed 2.273097
FINISHED 9 dl_clarabel completed 2.703608
PROGRESS 510 / 800
START 14 dl_clarabel
START 15 dl_clarabel
PROGRESS 512 / 800
PROGRESS 512 / 800
FINISHED 12 dl_clarabel completed 2.252351
START 16 dl_clarabel
PROGRESS 513 / 800
FINISHED 14 dl_clarabel completed 2.655226
START 17 dl_clarabel
FINISHED 13 dl_clarabel completed 2.924835
PROGRESS 514 / 800
START 18 dl_clarabel
FINISHED 15 dl_clarabel completed 2.935764
PROGRESS 515 / 800
START 19 dl_clarabel
FINISHED 16 dl_clarabel completed 2.67738
PROGRESS 516 / 800
START 20 dl_clarabel
PROGRESS 517 / 800
FINISHED 20 dl_clarabel completed 2.211704
START 21 dl_clarabel
FINISHED 18 dl_clarabel completed 2.57858
START 22 dl_clarabel
PROGRESS 519 / 800
FINISHED 17 dl_clarabel completed 2.840711
FINISHED 19 dl_clarabel completed 2.617012
START 23 dl_clarabel
PROGRESS 520 / 800
START 24 dl_clarabel
PROGRESS 521 / 800
PROGRESS 521 / 800
FINISHED 21 dl_clarabel completed 1.890138
START 25 dl_clarabel
PROGRESS 522 / 800
FINISHED 22 dl_clarabel completed 2.734924
START 26 dl_clarabel
FINISHED 23 dl_clarabel completed 2.702874
START 27 dl_clarabel
PROGRESS 523 / 800
FINISHED 24 dl_clarabel completed 2.959374
PROGRESS 524 / 800
START 28 dl_clarabel
PROGRESS 525 / 800
FINISHED 25 dl_clarabel completed 2.681993
START 29 dl_clarabel
PROGRESS 526 / 800
FINISHED 26 dl_clarabel completed 2.795015
START 30 dl_clarabel
PROGRESS 527 / 800
FINISHED 28 dl_clarabel completed 2.847487
START 31 dl_clarabel
FINISHED 27 dl_clarabel completed 3.203559
START 32 dl_clarabel
PROGRESS 528 / 800
PROGRESS 529 / 800
FINISHED 29 dl_clarabel completed 2.595566
START 33 dl_clarabel
PROGRESS 530 / 800
FINISHED 30 dl_clarabel completed 2.611749
START 34 dl_clarabel
PROGRESS 531 / 800
FINISHED 31 dl_clarabel completed 2.682433
START 35 dl_clarabel
FINISHED 32 dl_clarabel completed 2.697832
START 36 dl_clarabel
PROGRESS 532 / 800
PROGRESS 533 / 800
FINISHED 33 dl_clarabel completed 2.128921
START 37 dl_clarabel
PROGRESS 534 / 800
FINISHED 34 dl_clarabel completed 2.407984
START 38 dl_clarabel
PROGRESS 535 / 800
FINISHED 35 dl_clarabel completed 2.757543
START 39 dl_clarabel
PROGRESS 536 / 800
FINISHED 36 dl_clarabel completed 2.89674
START 40 dl_clarabel
PROGRESS 537 / 800
FINISHED 37 dl_clarabel completed 2.522031
START 41 dl_clarabel
PROGRESS 538 / 800
FINISHED 38 dl_clarabel completed 2.356788
START 42 dl_clarabel
FINISHED 39 dl_clarabel completed 1.748666
PROGRESS 539 / 800
START 43 dl_clarabel
PROGRESS 540 / 800
FINISHED 40 dl_clarabel completed 2.828131
START 44 dl_clarabel
PROGRESS 541 / 800
FINISHED 41 dl_clarabel completed 3.005538
START 45 dl_clarabel
PROGRESS 542 / 800
FINISHED 43 dl_clarabel completed 1.985142
START 46 dl_clarabel
PROGRESS 543 / 800
FINISHED 42 dl_clarabel completed 2.985503
START 47 dl_clarabel
PROGRESS 544 / 800
FINISHED 44 dl_clarabel completed 2.58977
START 48 dl_clarabel
PROGRESS 545 / 800
FINISHED 45 dl_clarabel completed 2.174555
START 49 dl_clarabel
PROGRESS 546 / 800
FINISHED 46 dl_clarabel completed 2.61073
START 50 dl_clarabel
FINISHED 47 dl_clarabel completed 1.95438
START 51 dl_clarabel
PROGRESS 548 / 800
PROGRESS 548 / 800
FINISHED 48 dl_clarabel completed 2.28626
START 52 dl_clarabel
PROGRESS 549 / 800
FINISHED 49 dl_clarabel completed 2.436798
START 53 dl_clarabel
PROGRESS 550 / 800
FINISHED 51 dl_clarabel completed 2.905554
FINISHED 50 dl_clarabel completed 3.11706
START 54 dl_clarabel
START 55 dl_clarabel
running 550 / 800 ['All 100 datasets regenerate exactly; twenty replaced rows per seed; shared truth/data hashes and metrics verified. Clean data/truth/amplitude match Experiment 9 per seed.', 'Eight requested method/backend variants; source manifests match; Algorithm 2 excluded.', 'K=41 for all block methods; K_sub=29 distinct blocks sampled without replacement.', 'Completed DL SDP gaps and CFB residual/radius tolerances verified; PTZ initial-call bounds checked against Clarabel.']
PROGRESS 552 / 800
FINISHED 52 dl_clarabel completed 2.859867
START 56 dl_clarabel
PROGRESS 553 / 800
PROGRESS 553 / 800
FINISHED 53 dl_clarabel completed 2.994638
START 57 dl_clarabel
PROGRESS 554 / 800
FINISHED 55 dl_clarabel completed 2.628957
FINISHED 54 dl_clarabel completed 2.776431
START 58 dl_clarabel
START 59 dl_clarabel
PROGRESS 556 / 800
PROGRESS 556 / 800
FINISHED 56 dl_clarabel completed 2.785725
FINISHED 57 dl_clarabel completed 2.009504
START 60 dl_clarabel
START 61 dl_clarabel
PROGRESS 558 / 800
PROGRESS 558 / 800
FINISHED 59 dl_clarabel completed 2.255811
START 62 dl_clarabel
PROGRESS 559 / 800
FINISHED 58 dl_clarabel completed 3.062868
START 63 dl_clarabel
PROGRESS 560 / 800
FINISHED 61 dl_clarabel completed 2.400905
START 64 dl_clarabel
FINISHED 60 dl_clarabel completed 2.793909
PROGRESS 561 / 800
START 65 dl_clarabel
PROGRESS 562 / 800
FINISHED 62 dl_clarabel completed 1.722149
START 66 dl_clarabel
PROGRESS 563 / 800
FINISHED 63 dl_clarabel completed 2.934064
START 67 dl_clarabel
PROGRESS 564 / 800
FINISHED 64 dl_clarabel completed 2.587184
START 68 dl_clarabel
PROGRESS 565 / 800
FINISHED 65 dl_clarabel completed 3.075138
FINISHED 66 dl_clarabel completed 2.600518
START 69 dl_clarabel
START 70 dl_clarabel
PROGRESS 567 / 800
PROGRESS 567 / 800
FINISHED 67 dl_clarabel completed 2.005669
START 71 dl_clarabel
PROGRESS 568 / 800
FINISHED 68 dl_clarabel completed 2.859533
START 72 dl_clarabel
PROGRESS 569 / 800
FINISHED 69 dl_clarabel completed 2.765102
START 73 dl_clarabel
FINISHED 70 dl_clarabel completed 2.830148
START 74 dl_clarabel
PROGRESS 571 / 800
FINISHED 71 dl_clarabel completed 2.219541
PROGRESS 571 / 800
START 75 dl_clarabel
PROGRESS 572 / 800
FINISHED 72 dl_clarabel completed 1.787306
START 76 dl_clarabel
PROGRESS 573 / 800
FINISHED 74 dl_clarabel completed 2.47113
START 77 dl_clarabel
FINISHED 73 dl_clarabel completed 2.92655
START 78 dl_clarabel
PROGRESS 574 / 800
PROGRESS 575 / 800
FINISHED 75 dl_clarabel completed 2.674192
START 79 dl_clarabel
PROGRESS 576 / 800
FINISHED 76 dl_clarabel completed 3.183233
START 80 dl_clarabel
PROGRESS 577 / 800
FINISHED 78 dl_clarabel completed 2.139303
START 81 dl_clarabel
FINISHED 77 dl_clarabel completed 2.989515
PROGRESS 578 / 800
START 82 dl_clarabel
FINISHED 79 dl_clarabel completed 2.535179
PROGRESS 579 / 800START
 83 dl_clarabel
PROGRESS 580 / 800
FINISHED 80 dl_clarabel completed 2.765356
START 84 dl_clarabel
PROGRESS 581 / 800
FINISHED 81 dl_clarabel completed 2.442061
START 85 dl_clarabel
PROGRESS 582 / 800
FINISHED 82 dl_clarabel completed 2.843216
START 86 dl_clarabel
PROGRESS 583 / 800
FINISHED 83 dl_clarabel completed 2.937876
START 87 dl_clarabel
PROGRESS 584 / 800
FINISHED 84 dl_clarabel completed 2.452944
START 88 dl_clarabel
PROGRESS 585 / 800
FINISHED 85 dl_clarabel completed 2.523146
START 89 dl_clarabel
PROGRESS 586 / 800
FINISHED 87 dl_clarabel completed 2.501263
FINISHED 86 dl_clarabel completed 3.046109
START 90 dl_clarabel
START 91 dl_clarabel
PROGRESS 588 / 800
PROGRESS 588 / 800
FINISHED 88 dl_clarabel completed 2.771575
START 92 dl_clarabel
PROGRESS 589 / 800
FINISHED 89 dl_clarabel completed 2.807006
START 93 dl_clarabel
PROGRESS 590 / 800
FINISHED 90 dl_clarabel completed 2.28607
START 94 dl_clarabel
PROGRESS 591 / 800
FINISHED 91 dl_clarabel completed 2.782526
START 95 dl_clarabel
PROGRESS 592 / 800
FINISHED 92 dl_clarabel completed 2.928882
START 96 dl_clarabel
FINISHED 93 dl_clarabel completed 2.319857
START 97 dl_clarabel
PROGRESS 594 / 800
PROGRESS 594 / 800
FINISHED 94 dl_clarabel completed 2.413461
START 98 dl_clarabel
PROGRESS 595 / 800
FINISHED 95 dl_clarabel completed 3.054456
START 99 dl_clarabel
PROGRESS 596 / 800
FINISHED 97 dl_clarabel completed 2.785
FINISHED 96 dl_clarabel completed 2.915608
START 0 dl_ptz
START 1 dl_ptz
PROGRESS 598 / 800
FINISHED 98 dl_clarabel completed 2.866871
PROGRESS 598 / 800
START 2 dl_ptz
PROGRESS 599 / 800
FINISHED 99 dl_clarabel completed 3.058457
START 3 dl_ptz
PROGRESS 600 / 800
running 600 / 800 ['All 100 datasets regenerate exactly; twenty replaced rows per seed; shared truth/data hashes and metrics verified. Clean data/truth/amplitude match Experiment 9 per seed.', 'Eight requested method/backend variants; source manifests match; Algorithm 2 excluded.', 'K=41 for all block methods; K_sub=29 distinct blocks sampled without replacement.', 'Completed DL SDP gaps and CFB residual/radius tolerances verified; PTZ initial-call bounds checked against Clarabel.']
FINISHED 0 dl_ptz unconverged 13.469301
START 4 dl_ptz
FINISHED 1 dl_ptz unconverged 13.498619
START 5 dl_ptz
PROGRESS 601 / 800
FINISHED 2 dl_ptz unconverged 13.446076
PROGRESS 602 / 800
START 6 dl_ptz
PROGRESS 603 / 800
FINISHED 3 dl_ptz unconverged 13.469694
START 7 dl_ptz
PROGRESS 604 / 800
FINISHED 5 dl_ptz unconverged 12.956657
FINISHED 4 dl_ptz unconverged 13.096216
START 8 dl_ptz
START 9 dl_ptz
PROGRESS 606 / 800
FINISHED 6 dl_ptz unconverged 13.036263
PROGRESS 606 / 800
START 10 dl_ptz
PROGRESS 607 / 800
FINISHED 7 dl_ptz unconverged 12.955389
START 11 dl_ptz
PROGRESS 608 / 800
FINISHED 8 dl_ptz unconverged 12.862468
START 12 dl_ptz
FINISHED 9 dl_ptz unconverged 13.050858
START 13 dl_ptz
PROGRESS 609 / 800
FINISHED 10 dl_ptz unconverged 12.787911
START 14 dl_ptz
PROGRESS 610 / 800
PROGRESS 611 / 800
FINISHED 11 dl_ptz unconverged 12.81484
START 15 dl_ptz
PROGRESS 612 / 800
FINISHED 12 dl_ptz unconverged 12.762049
START 16 dl_ptz
FINISHED 13 dl_ptz unconverged 12.946139
START 17 dl_ptz
PROGRESS 613 / 800
PROGRESS 614 / 800
FINISHED 14 dl_ptz unconverged 12.856828
START 18 dl_ptz
PROGRESS 615 / 800
FINISHED 15 dl_ptz unconverged 12.955356
START 19 dl_ptz
PROGRESS 616 / 800
FINISHED 16 dl_ptz unconverged 12.761799
START 20 dl_ptz
PROGRESS 617 / 800
FINISHED 17 dl_ptz unconverged 12.973988
START 21 dl_ptz
FINISHED 18 dl_ptz unconverged 12.799196
START 22 dl_ptz
PROGRESS 618 / 800
PROGRESS 619 / 800
FINISHED 19 dl_ptz unconverged 12.775649
START 23 dl_ptz
PROGRESS 620 / 800
FINISHED 20 dl_ptz unconverged 12.827822
START 24 dl_ptz
PROGRESS 621 / 800
FINISHED 21 dl_ptz unconverged 12.902999
START 25 dl_ptz
FINISHED 22 dl_ptz unconverged 12.785552
START 26 dl_ptz
PROGRESS 622 / 800
PROGRESS 623 / 800
FINISHED 23 dl_ptz unconverged 12.831751
START 27 dl_ptz
PROGRESS 624 / 800
FINISHED 24 dl_ptz unconverged 12.633352
START 28 dl_ptz
PROGRESS 625 / 800
FINISHED 25 dl_ptz unconverged 12.791106
START 29 dl_ptz
FINISHED 26 dl_ptz unconverged 12.685725
START 30 dl_ptz
PROGRESS 626 / 800
PROGRESS 627 / 800
FINISHED 27 dl_ptz unconverged 12.689888
START 31 dl_ptz
PROGRESS 628 / 800
FINISHED 28 dl_ptz unconverged 12.704848
START 32 dl_ptz
PROGRESS 629 / 800
FINISHED 29 dl_ptz unconverged 12.69585
START 33 dl_ptz
FINISHED 30 dl_ptz unconverged 12.67688
PROGRESSSTART 34 630  / 800
dl_ptz
PROGRESS 631 / 800
FINISHED 31 dl_ptz unconverged 12.701283
START 35 dl_ptz
PROGRESS 632 / 800
FINISHED 32 dl_ptz unconverged 12.627283
START 36 dl_ptz
PROGRESS 633 / 800
FINISHED 33 dl_ptz unconverged 12.579658
START 37 dl_ptz
FINISHED 34 dl_ptz unconverged 12.604132
PROGRESS 634 / 800
START 38 dl_ptz
PROGRESS 635 / 800
FINISHED 35 dl_ptz unconverged 12.687456
START 39 dl_ptz
PROGRESS 636 / 800
FINISHED 36 dl_ptz unconverged 12.680497
START 40 dl_ptz
PROGRESS 637 / 800
FINISHED 37 dl_ptz unconverged 12.587411
START 41 dl_ptz
FINISHED 38 dl_ptz unconverged 12.526465
START 42 dl_ptz
PROGRESS 638 / 800
PROGRESS 639 / 800
FINISHED 39 dl_ptz unconverged 12.603403
START 43 dl_ptz
PROGRESS 640 / 800
FINISHED 40 dl_ptz unconverged 12.678264
START 44 dl_ptz
PROGRESS 641 / 800
FINISHED 41 dl_ptz unconverged 12.756752
START 45 dl_ptz
FINISHED 42 dl_ptz unconverged 12.734911
START 46 dl_ptz
PROGRESS 642 / 800
PROGRESS 643 / 800
FINISHED 43 dl_ptz unconverged 12.646322
START 47 dl_ptz
PROGRESS 644 / 800
FINISHED 44 dl_ptz unconverged 12.647188
START 48 dl_ptz
PROGRESS 645 / 800
FINISHED 45 dl_ptz unconverged 12.627611
START 49 dl_ptz
FINISHED 46 dl_ptz unconverged 12.641424
PROGRESS 646 / 800
START 50 dl_ptz
PROGRESS 647 / 800
FINISHED 47 dl_ptz unconverged 12.622469
START 51 dl_ptz
PROGRESS 648 / 800
FINISHED 48 dl_ptz unconverged 12.647181
START 52 dl_ptz
PROGRESS 649 / 800
FINISHED 49 dl_ptz unconverged 12.643687
START 53 dl_ptz
PROGRESS 650 / 800
FINISHED 50 dl_ptz unconverged 12.785842
START 54 dl_ptz
FINISHED 51 dl_ptz unconverged 12.592851
START 55 dl_ptz
running 652 / 800 ['All 100 datasets regenerate exactly; twenty replaced rows per seed; shared truth/data hashes and metrics verified. Clean data/truth/amplitude match Experiment 9 per seed.', 'Eight requested method/backend variants; source manifests match; Algorithm 2 excluded.', 'K=41 for all block methods; K_sub=29 distinct blocks sampled without replacement.', 'Completed DL SDP gaps and CFB residual/radius tolerances verified; PTZ initial-call bounds checked against Clarabel.']
PROGRESS 652 / 800
PROGRESS 652 / 800
FINISHED 52 dl_ptz unconverged 13.113964
START 56 dl_ptz
PROGRESS 653 / 800
FINISHED 53 dl_ptz unconverged 13.047378
START 57 dl_ptz
PROGRESS 654 / 800
FINISHED 54 dl_ptz unconverged 13.04694
START 58 dl_ptz
PROGRESS 655 / 800
FINISHED 55 dl_ptz unconverged 13.19554
START 59 dl_ptz
PROGRESS 656 / 800
FINISHED 56 dl_ptz unconverged 12.685333
START 60 dl_ptz
PROGRESS 657 / 800
FINISHED 57 dl_ptz unconverged 12.665645
START 61 dl_ptz
PROGRESS 658 / 800
FINISHED 58 dl_ptz unconverged 12.625898
START 62 dl_ptz
PROGRESS 659 / 800
FINISHED 59 dl_ptz unconverged 12.647927
START 63 dl_ptz
PROGRESS 660 / 800
FINISHED 60 dl_ptz unconverged 12.545225
START 64 dl_ptz
PROGRESS 661 / 800
FINISHED 61 dl_ptz unconverged 12.685641
START 65 dl_ptz
FINISHED 62 dl_ptz unconverged 12.594266
START 66 dl_ptz
PROGRESS 662 / 800
PROGRESS 663 / 800
FINISHED 63 dl_ptz unconverged 12.57916
START 67 dl_ptz
PROGRESS 664 / 800
FINISHED 64 dl_ptz unconverged 12.636624
START 68 dl_ptz
PROGRESS 665 / 800
FINISHED 65 dl_ptz unconverged 12.630081
START 69 dl_ptz
FINISHED 66 dl_ptz unconverged 12.674989
PROGRESS 666 / 800
START 70 dl_ptz
PROGRESS 667 / 800
FINISHED 67 dl_ptz unconverged 12.603282
START 71 dl_ptz
PROGRESS 668 / 800
FINISHED 68 dl_ptz unconverged 12.692704
START 72 dl_ptz
PROGRESS 669 / 800
FINISHED 69 dl_ptz unconverged 12.601857
START 73 dl_ptz
PROGRESS 670 / 800
FINISHED 70 dl_ptz unconverged 12.680817
START 74 dl_ptz
PROGRESS 671 / 800
FINISHED 71 dl_ptz unconverged 12.753672
START 75 dl_ptz
PROGRESS 672 / 800
FINISHED 72 dl_ptz unconverged 12.802618
START 76 dl_ptz
PROGRESS 673 / 800
FINISHED 73 dl_ptz unconverged 12.638327
START 77 dl_ptz
PROGRESS 674 / 800
FINISHED 74 dl_ptz unconverged 12.669942
START 78 dl_ptz
PROGRESS 675 / 800
FINISHED 75 dl_ptz unconverged 12.643271
START 79 dl_ptz
PROGRESS 676 / 800
FINISHED 76 dl_ptz unconverged 12.613321
START 80 dl_ptz
PROGRESS 677 / 800
FINISHED 77 dl_ptz unconverged 12.725055
START 81 dl_ptz
FINISHED 78 dl_ptz unconverged 12.587601
PROGRESS 678 / 800
START 82 dl_ptz
PROGRESS 679 / 800
FINISHED 79 dl_ptz unconverged 12.62436
START 83 dl_ptz
PROGRESS 680 / 800
FINISHED 80 dl_ptz unconverged 12.531646
START 84 dl_ptz
PROGRESS 681 / 800
FINISHED 81 dl_ptz unconverged 12.622675
START 85 dl_ptz
FINISHED 82 dl_ptz unconverged 12.481923
START 86 dl_ptz
PROGRESS 682 / 800
PROGRESS 683 / 800
FINISHED 83 dl_ptz unconverged 12.629472
START 87 dl_ptz
PROGRESS 684 / 800
FINISHED 84 dl_ptz unconverged 12.759023
START 88 dl_ptz
PROGRESS 685 / 800
FINISHED 85 dl_ptz unconverged 12.666304
START 89 dl_ptz
PROGRESS 686 / 800
FINISHED 86 dl_ptz unconverged 12.766857
START 90 dl_ptz
PROGRESS 687 / 800
FINISHED 87 dl_ptz unconverged 12.751191
START 91 dl_ptz
PROGRESS 688 / 800
FINISHED 88 dl_ptz unconverged 12.556231
START 92 dl_ptz
PROGRESS 689 / 800
FINISHED 89 dl_ptz unconverged 12.633517
START 93 dl_ptz
PROGRESS 690 / 800
FINISHED 90 dl_ptz unconverged 12.594514
START 94 dl_ptz
PROGRESS 691 / 800
FINISHED 91 dl_ptz unconverged 12.639906
START 95 dl_ptz
PROGRESS 692 / 800
FINISHED 92 dl_ptz unconverged 12.741671
START 96 dl_ptz
PROGRESS 693 / 800
FINISHED 93 dl_ptz unconverged 12.651014
START 97 dl_ptz
PROGRESS 694 / 800
FINISHED 94 dl_ptz unconverged 12.748901
START 98 dl_ptz
PROGRESS 695 / 800
FINISHED 95 dl_ptz unconverged 12.660073
START 99 dl_ptz
PROGRESS 696 / 800
FINISHED 96 dl_ptz unconverged 12.697363
START 0 cfb
PROGRESS 697 / 800
FINISHED 97 dl_ptz unconverged 12.844712
START 1 cfb
FINISHED 98 dl_ptz unconverged 12.637892
START 2 cfb
PROGRESS 698 / 800
PROGRESS 699 / 800
FINISHED 99 dl_ptz unconverged 12.589011
START 3 cfb
PROGRESS 700 / 800
running 700 / 800 ['All 100 datasets regenerate exactly; twenty replaced rows per seed; shared truth/data hashes and metrics verified. Clean data/truth/amplitude match Experiment 9 per seed.', 'Eight requested method/backend variants; source manifests match; Algorithm 2 excluded.', 'K=41 for all block methods; K_sub=29 distinct blocks sampled without replacement.', 'Completed DL SDP gaps and CFB residual/radius tolerances verified; PTZ initial-call bounds checked against Clarabel.']
FINISHED 1 cfb completed 2427.521365
START 4 cfb
PROGRESS 701 / 800
FINISHED 0 cfb completed 2471.292193
START 5 cfb
PROGRESS 702 / 800
FINISHED 2 cfb completed 2494.501636
START 6 cfb
PROGRESS 703 / 800
FINISHED 3 cfb completed 2555.281172
START 7 cfb
PROGRESS 704 / 800
FINISHED 7 cfb completed 2517.557498
START 8 cfb
PROGRESS 705 / 800
FINISHED 5 cfb completed 2829.230102
START 9 cfb
PROGRESS 706 / 800
FINISHED 4 cfb completed 2940.238
START 10 cfb
PROGRESS 707 / 800
FINISHED 6 cfb completed 2934.901152
START 11 cfb
PROGRESS 708 / 800
FINISHED 8 cfb completed 2922.511874
START 12 cfb
PROGRESS 709 / 800
FINISHED 10 cfb completed 2750.995014
START 13 cfb
PROGRESS 710 / 800
FINISHED 11 cfb completed 2797.303531
START 14 cfb
PROGRESS 711 / 800
FINISHED 9 cfb completed 3048.973507
START 15 cfb
PROGRESS 712 / 800
FINISHED 12 cfb completed 2201.125254
START 16 cfb
PROGRESS 713 / 800
FINISHED 14 cfb completed 2365.796506
START 17 cfb
PROGRESS 714 / 800
FINISHED 13 cfb completed 2575.130787
START 18 cfb
PROGRESS 715 / 800
FINISHED 15 cfb completed 2407.924577
START 19 cfb
PROGRESS 716 / 800
FINISHED 16 cfb completed 2564.087793
START 20 cfb
PROGRESS 717 / 800
FINISHED 17 cfb completed 2403.655325
START 21 cfb
PROGRESS 718 / 800
FINISHED 18 cfb completed 2446.014843
START 22 cfb
PROGRESS 719 / 800
FINISHED 19 cfb completed 2488.140459
START 23 cfb
PROGRESS 720 / 800
FINISHED 20 cfb completed 2373.969584
START 24 cfb
PROGRESS 721 / 800
FINISHED 22 cfb completed 2292.125557
START 25 cfb
PROGRESS 722 / 800
FINISHED 21 cfb completed 2486.002775
START 26 cfb
PROGRESS 723 / 800
FINISHED 23 cfb completed 2363.308447
START 27 cfb
PROGRESS 724 / 800
FINISHED 24 cfb completed 2610.250692
START 28 cfb
PROGRESS 725 / 800
FINISHED 25 cfb completed 2374.626004
START 29 cfb
PROGRESS 726 / 800
FINISHED 26 cfb completed 2379.706991
START 30 cfb
PROGRESS 727 / 800
FINISHED 27 cfb completed 2446.287871
START 31 cfb
PROGRESS 728 / 800
FINISHED 28 cfb completed 2421.977686
START 32 cfb
PROGRESS 729 / 800
FINISHED 29 cfb completed 2411.714691
START 33 cfb
PROGRESS 730 / 800
FINISHED 30 cfb completed 2398.713028
START 34 cfb
PROGRESS 731 / 800
FINISHED 31 cfb completed 2412.522174
START 35 cfb
PROGRESS 732 / 800
FINISHED 32 cfb completed 2427.957691
START 36 cfb
PROGRESS 733 / 800
FINISHED 33 cfb completed 2427.184245
START 37 cfb
PROGRESS 734 / 800
FINISHED 34 cfb completed 2560.836985
START 38 cfb
PROGRESS 735 / 800
FINISHED 35 cfb completed 2391.009468
START 39 cfb
PROGRESS 736 / 800
FINISHED 36 cfb completed 2522.966209
START 40 cfb
PROGRESS 737 / 800
FINISHED 37 cfb completed 2481.267289
START 41 cfb
PROGRESS 738 / 800
FINISHED 38 cfb completed 2386.416391
START 42 cfb
PROGRESS 739 / 800
FINISHED 39 cfb completed 2456.545047
START 43 cfb
PROGRESS 740 / 800
FINISHED 43 cfb completed 2302.316919
START 44 cfb
PROGRESS 741 / 800
FINISHED 40 cfb completed 2528.181183
START 45 cfb
PROGRESS 742 / 800
FINISHED 42 cfb completed 2451.624275
START 46 cfb
PROGRESS 743 / 800
FINISHED 41 cfb completed 2728.841173
START 47 cfb
PROGRESS 744 / 800
FINISHED 44 cfb completed 2353.457255
START 48 cfb
PROGRESS 745 / 800
FINISHED 45 cfb completed 2421.358096
START 49 cfb
PROGRESS 746 / 800
FINISHED 46 cfb completed 2464.181991
START 50 cfb
PROGRESS 747 / 800
FINISHED 47 cfb completed 2301.408061
START 51 cfb
PROGRESS 748 / 800
FINISHED 49 cfb completed 2332.509111
START 52 cfb
PROGRESS 749 / 800
FINISHED 50 cfb completed 2434.666308
START 53 cfb
PROGRESS 750 / 800
running 750 / 800 ['All 100 datasets regenerate exactly; twenty replaced rows per seed; shared truth/data hashes and metrics verified. Clean data/truth/amplitude match Experiment 9 per seed.', 'Eight requested method/backend variants; source manifests match; Algorithm 2 excluded.', 'K=41 for all block methods; K_sub=29 distinct blocks sampled without replacement.', 'Completed DL SDP gaps and CFB residual/radius tolerances verified; PTZ initial-call bounds checked against Clarabel.']
FINISHED 48 cfb completed 2612.824973
START 54 cfb
PROGRESS 751 / 800
FINISHED 51 cfb completed 2464.168026
START 55 cfb
PROGRESS 752 / 800
FINISHED 52 cfb completed 2375.119027
START 56 cfb
PROGRESS 753 / 800
FINISHED 53 cfb completed 2485.44842
FINISHED 55 cfb completed 2420.746198
START 57 cfb
START 58 cfb
PROGRESS 755 / 800
PROGRESS 755 / 800
FINISHED 54 cfb completed 2484.875002
START 59 cfb
PROGRESS 756 / 800
FINISHED 56 cfb completed 2481.778341
START 60 cfb
PROGRESS 757 / 800
FINISHED 59 cfb completed 2246.49156
START 61 cfb
PROGRESS 758 / 800
FINISHED 58 cfb completed 2323.558027
START 62 cfb
PROGRESS 759 / 800
FINISHED 57 cfb completed 2580.617437
START 63 cfb
PROGRESS 760 / 800
FINISHED 61 cfb completed 2446.753131
START 64 cfb
FINISHED 60 cfb completed 2501.817724
START 65 cfb
PROGRESS 761 / 800
PROGRESS 762 / 800
FINISHED 62 cfb completed 2472.480348
START 66 cfb
PROGRESS 763 / 800
FINISHED 63 cfb completed 2362.026665
START 67 cfb
PROGRESS 764 / 800
FINISHED 64 cfb completed 2346.426918
START 68 cfb
PROGRESS 765 / 800
FINISHED 65 cfb completed 2372.279707
START 69 cfb
PROGRESS 766 / 800
FINISHED 66 cfb completed 2520.457006
START 70 cfb
PROGRESS 767 / 800
FINISHED 67 cfb completed 2433.797463
START 71 cfb
PROGRESS 768 / 800
FINISHED 68 cfb completed 2584.59635
START 72 cfb
PROGRESS 769 / 800
FINISHED 69 cfb completed 2562.892728
START 73 cfb
PROGRESS 770 / 800
FINISHED 71 cfb completed 2368.838791
START 74 cfb
PROGRESS 771 / 800
FINISHED 70 cfb completed 2443.811514
START 75 cfb
PROGRESS 772 / 800
