PREFLIGHT: all 100 data hashes and uniform 23-of-41 subsets verified
PROGRESS 0 /100 {'completed': 0, 'unconverged': 0, 'failed': 0} active []
START 0
START 2
START 1
START 3
DONE 1 completed 9.600062291952781
START 4
PROGRESS 1 /100 {'completed': 1, 'unconverged': 0, 'failed': 0} active [2, 3, 0]
PROGRESS 1 /100 {'completed': 1, 'unconverged': 0, 'failed': 0} active [2, 4, 3, 0]
PROGRESS 1 /100 {'completed': 1, 'unconverged': 0, 'failed': 0} active [2, 4, 3, 0]
DONE 4 completed 61.958570749964565
START 5
PROGRESS 2 /100 {'completed': 2, 'unconverged': 0, 'failed': 0} active [2, 3, 0]
DONE 2 completed 72.29876345908269
START 6
PROGRESS 3 /100 {'completed': 3, 'unconverged': 0, 'failed': 0} active [3, 0, 5]
DONE 6 completed 3.2974973330274224
START 7
PROGRESS 4 /100 {'completed': 4, 'unconverged': 0, 'failed': 0} active [3, 0, 5]
DONE 5 completed 24.67115695902612
START 8
PROGRESS 5 /100 {'completed': 5, 'unconverged': 0, 'failed': 0} active [7, 3, 0]
PROGRESS 5 /100 {'completed': 5, 'unconverged': 0, 'failed': 0} active [7, 8, 3, 0]
DONE 8 completed 43.1652410000097
START 9
PROGRESS 6 /100 {'completed': 6, 'unconverged': 0, 'failed': 0} active [7, 3, 0, 9]
DONE 7 completed 70.61736654106062
START 10
PROGRESS 7 /100 {'completed': 7, 'unconverged': 0, 'failed': 0} active [10, 3, 0, 9]
DONE 10 completed 4.41896354209166
START 11
PROGRESS 8 /100 {'completed': 8, 'unconverged': 0, 'failed': 0} active [11, 3, 0, 9]
DONE 9 completed 32.86574958299752
START 12
PROGRESS 9 /100 {'completed': 9, 'unconverged': 0, 'failed': 0} active [11, 3, 0, 12]
DONE 11 completed 28.492352542001754
START 13
PROGRESS 10 /100 {'completed': 10, 'unconverged': 0, 'failed': 0} active [13, 3, 0, 12]
DONE 13 completed 10.295462209032848
START 14
PROGRESS 11 /100 {'completed': 11, 'unconverged': 0, 'failed': 0} active [14, 3, 0, 12]
DONE 12 completed 24.7042768340325
START 15
PROGRESS 12 /100 {'completed': 12, 'unconverged': 0, 'failed': 0} active [15, 14, 3, 0]
PROGRESS 12 /100 {'completed': 12, 'unconverged': 0, 'failed': 0} active [15, 14, 3, 0]
PROGRESS 12 /100 {'completed': 12, 'unconverged': 0, 'failed': 0} active [15, 14, 3, 0]
DONE 14 completed 84.66290833300445
START 16
PROGRESS 13 /100 {'completed': 13, 'unconverged': 0, 'failed': 0} active [15, 16, 3, 0]
PROGRESS 13 /100 {'completed': 13, 'unconverged': 0, 'failed': 0} active [15, 16, 3, 0]
PROGRESS 13 /100 {'completed': 13, 'unconverged': 0, 'failed': 0} active [15, 16, 3, 0]
PROGRESS 13 /100 {'completed': 13, 'unconverged': 0, 'failed': 0} active [15, 16, 3, 0]
PROGRESS 13 /100 {'completed': 13, 'unconverged': 0, 'failed': 0} active [15, 16, 3, 0]
PROGRESS 13 /100 {'completed': 13, 'unconverged': 0, 'failed': 0} active [15, 16, 3, 0]
PROGRESS 13 /100 {'completed': 13, 'unconverged': 0, 'failed': 0} active [15, 16, 3, 0]
PROGRESS 13 /100 {'completed': 13, 'unconverged': 0, 'failed': 0} active [15, 16, 3, 0]
PROGRESS 13 /100 {'completed': 13, 'unconverged': 0, 'failed': 0} active [15, 16, 3, 0]
PROGRESS 13 /100 {'completed': 13, 'unconverged': 0, 'failed': 0} active [15, 16, 3, 0]
DONE 3 completed 558.3899575420655
START 17
PROGRESS 14 /100 {'completed': 14, 'unconverged': 0, 'failed': 0} active [15, 16, 0, 17]
DONE 16 completed 301.2514955829829
START 18
PROGRESS 15 /100 {'completed': 15, 'unconverged': 0, 'failed': 0} active [15, 18, 0, 17]
PROGRESS 15 /100 {'completed': 15, 'unconverged': 0, 'failed': 0} active [15, 18, 0, 17]
PROGRESS 15 /100 {'completed': 15, 'unconverged': 0, 'failed': 0} active [15, 18, 0, 17]
DONE 17 completed 100.85563504206948
START 19
PROGRESS 16 /100 {'completed': 16, 'unconverged': 0, 'failed': 0} active [19, 15, 18, 0]
PROGRESS 16 /100 {'completed': 16, 'unconverged': 0, 'failed': 0} active [19, 15, 18, 0]
PROGRESS 16 /100 {'completed': 16, 'unconverged': 0, 'failed': 0} active [19, 15, 18, 0]
PROGRESS 16 /100 {'completed': 16, 'unconverged': 0, 'failed': 0} active [19, 15, 18, 0]
PROGRESS 16 /100 {'completed': 16, 'unconverged': 0, 'failed': 0} active [19, 15, 18, 0]
PROGRESS 16 /100 {'completed': 16, 'unconverged': 0, 'failed': 0} active [19, 15, 18, 0]
PROGRESS 16 /100 {'completed': 16, 'unconverged': 0, 'failed': 0} active [19, 15, 18, 0]
PROGRESS 16 /100 {'completed': 16, 'unconverged': 0, 'failed': 0} active [19, 15, 18, 0]
PROGRESS 16 /100 {'completed': 16, 'unconverged': 0, 'failed': 0} active [19, 15, 18, 0]
PROGRESS 16 /100 {'completed': 16, 'unconverged': 0, 'failed': 0} active [19, 15, 18, 0]
DONE 18 completed 378.5159983749036
START 20
PROGRESS 17 /100 {'completed': 17, 'unconverged': 0, 'failed': 0} active [19, 15, 0, 20]
DONE 20 completed 3.5908583330456167
START 21
PROGRESS 18 /100 {'completed': 18, 'unconverged': 0, 'failed': 0} active [19, 15, 21, 0]
DONE 21 completed 16.470110666938126
START 22
PROGRESS 19 /100 {'completed': 19, 'unconverged': 0, 'failed': 0} active [19, 22, 15, 0]
DONE 22 completed 7.443031542003155
START 23
PROGRESS 20 /100 {'completed': 20, 'unconverged': 0, 'failed': 0} active [19, 15, 23, 0]
DONE 0 completed 1001.0869495830266
START 24
PROGRESS 21 /100 {'completed': 21, 'unconverged': 0, 'failed': 0} active [19, 15, 24, 23]
DONE 24 completed 14.336221916950308
START 25
PROGRESS 22 /100 {'completed': 22, 'unconverged': 0, 'failed': 0} active [19, 15, 23, 25]
DONE 25 completed 18.159822084009647
START 26
PROGRESS 23 /100 {'completed': 23, 'unconverged': 0, 'failed': 0} active [19, 15, 26, 23]
PROGRESS 23 /100 {'completed': 23, 'unconverged': 0, 'failed': 0} active [19, 15, 26, 23]
PROGRESS 23 /100 {'completed': 23, 'unconverged': 0, 'failed': 0} active [19, 15, 26, 23]
PROGRESS 23 /100 {'completed': 23, 'unconverged': 0, 'failed': 0} active [19, 15, 26, 23]
PROGRESS 23 /100 {'completed': 23, 'unconverged': 0, 'failed': 0} active [19, 15, 26, 23]
PROGRESS 23 /100 {'completed': 23, 'unconverged': 0, 'failed': 0} active [19, 15, 26, 23]
PROGRESS 23 /100 {'completed': 23, 'unconverged': 0, 'failed': 0} active [19, 15, 26, 23]
PROGRESS 23 /100 {'completed': 23, 'unconverged': 0, 'failed': 0} active [19, 15, 26, 23]
DONE 15 completed 1053.1499701249413
START 27
PROGRESS 24 /100 {'completed': 24, 'unconverged': 0, 'failed': 0} active [19, 27, 26, 23]
DONE 23 completed 296.13068204105366
START 28
PROGRESS 25 /100 {'completed': 25, 'unconverged': 0, 'failed': 0} active [19, 27, 28, 26]
DONE 28 completed 10.758720666053705
START 29
PROGRESS 26 /100 {'completed': 26, 'unconverged': 0, 'failed': 0} active [19, 27, 26, 29]
PROGRESS 26 /100 {'completed': 26, 'unconverged': 0, 'failed': 0} active [19, 27, 26, 29]
PROGRESS 26 /100 {'completed': 26, 'unconverged': 0, 'failed': 0} active [19, 27, 26, 29]
PROGRESS 26 /100 {'completed': 26, 'unconverged': 0, 'failed': 0} active [19, 27, 26, 29]
PROGRESS 26 /100 {'completed': 26, 'unconverged': 0, 'failed': 0} active [19, 27, 26, 29]
PROGRESS 26 /100 {'completed': 26, 'unconverged': 0, 'failed': 0} active [19, 27, 26, 29]
PROGRESS 26 /100 {'completed': 26, 'unconverged': 0, 'failed': 0} active [19, 27, 26, 29]
PROGRESS 26 /100 {'completed': 26, 'unconverged': 0, 'failed': 0} active [19, 27, 26, 29]
PROGRESS 26 /100 {'completed': 26, 'unconverged': 0, 'failed': 0} active [19, 27, 26, 29]
PROGRESS 26 /100 {'completed': 26, 'unconverged': 0, 'failed': 0} active [19, 27, 26, 29]
DONE 26 completed 551.6582232499495
START 30
PROGRESS 27 /100 {'completed': 27, 'unconverged': 0, 'failed': 0} active [19, 27, 29, 30]
PROGRESS 27 /100 {'completed': 27, 'unconverged': 0, 'failed': 0} active [19, 27, 29, 30]
DONE 29 completed 343.58536712499335
START 31
PROGRESS 28 /100 {'completed': 28, 'unconverged': 0, 'failed': 0} active [19, 27, 31, 30]
DONE 31 completed 7.68164287507534
START 32
PROGRESS 29 /100 {'completed': 29, 'unconverged': 0, 'failed': 0} active [19, 27, 32, 30]
DONE 30 completed 67.57263312500436
START 33
PROGRESS 30 /100 {'completed': 30, 'unconverged': 0, 'failed': 0} active [19, 27, 32, 33]
DONE 33 completed 6.612749750027433
START 34
PROGRESS 31 /100 {'completed': 31, 'unconverged': 0, 'failed': 0} active [19, 27, 32, 34]
PROGRESS 31 /100 {'completed': 31, 'unconverged': 0, 'failed': 0} active [19, 27, 32, 34]
DONE 32 completed 72.82697699998971
START 35
PROGRESS 32 /100 {'completed': 32, 'unconverged': 0, 'failed': 0} active [19, 27, 34, 35]
PROGRESS 32 /100 {'completed': 32, 'unconverged': 0, 'failed': 0} active [19, 27, 34, 35]
PROGRESS 32 /100 {'completed': 32, 'unconverged': 0, 'failed': 0} active [19, 27, 34, 35]
PROGRESS 32 /100 {'completed': 32, 'unconverged': 0, 'failed': 0} active [19, 27, 34, 35]
DONE 35 completed 108.44361562503036
START 36
PROGRESS 33 /100 {'completed': 33, 'unconverged': 0, 'failed': 0} active [19, 27, 34, 36]
DONE 36 completed 24.431955583044328
START 37
PROGRESS 34 /100 {'completed': 34, 'unconverged': 0, 'failed': 0} active [19, 37, 27, 34]
DONE 37 completed 23.34794879204128
START 38
PROGRESS 35 /100 {'completed': 35, 'unconverged': 0, 'failed': 0} active [19, 27, 38, 34]
DONE 27 completed 618.9765529590659
START 39
PROGRESS 36 /100 {'completed': 36, 'unconverged': 0, 'failed': 0} active [19, 38, 34, 39]
PROGRESS 36 /100 {'completed': 36, 'unconverged': 0, 'failed': 0} active [19, 38, 34, 39]
PROGRESS 36 /100 {'completed': 36, 'unconverged': 0, 'failed': 0} active [19, 38, 34, 39]
PROGRESS 36 /100 {'completed': 36, 'unconverged': 0, 'failed': 0} active [19, 38, 34, 39]
DONE 19 completed 1307.0743642500602
START 40
PROGRESS 37 /100 {'completed': 37, 'unconverged': 0, 'failed': 0} active [38, 34, 39, 40]
PROGRESS 37 /100 {'completed': 37, 'unconverged': 0, 'failed': 0} active [38, 34, 39, 40]
DONE 40 completed 54.63180991704576
START 41
PROGRESS 38 /100 {'completed': 38, 'unconverged': 0, 'failed': 0} active [41, 38, 34, 39]
PROGRESS 38 /100 {'completed': 38, 'unconverged': 0, 'failed': 0} active [41, 38, 34, 39]
DONE 34 completed 400.6759125000099
START 42
PROGRESS 39 /100 {'completed': 39, 'unconverged': 0, 'failed': 0} active [42, 41, 38, 39]
DONE 42 completed 10.158530040993355
START 43
PROGRESS 40 /100 {'completed': 40, 'unconverged': 0, 'failed': 0} active [41, 38, 43, 39]
PROGRESS 40 /100 {'completed': 40, 'unconverged': 0, 'failed': 0} active [41, 38, 43, 39]
DONE 43 completed 38.53921587509103
START 44
PROGRESS 41 /100 {'completed': 41, 'unconverged': 0, 'failed': 0} active [41, 38, 44, 39]
PROGRESS 41 /100 {'completed': 41, 'unconverged': 0, 'failed': 0} active [41, 38, 44, 39]
PROGRESS 41 /100 {'completed': 41, 'unconverged': 0, 'failed': 0} active [41, 38, 44, 39]
DONE 44 completed 62.33506591699552
START 45
PROGRESS 42 /100 {'completed': 42, 'unconverged': 0, 'failed': 0} active [41, 38, 45, 39]
PROGRESS 42 /100 {'completed': 42, 'unconverged': 0, 'failed': 0} active [41, 38, 45, 39]
PROGRESS 42 /100 {'completed': 42, 'unconverged': 0, 'failed': 0} active [41, 38, 45, 39]
PROGRESS 42 /100 {'completed': 42, 'unconverged': 0, 'failed': 0} active [41, 38, 45, 39]
PROGRESS 42 /100 {'completed': 42, 'unconverged': 0, 'failed': 0} active [41, 38, 45, 39]
PROGRESS 42 /100 {'completed': 42, 'unconverged': 0, 'failed': 0} active [41, 38, 45, 39]
PROGRESS 42 /100 {'completed': 42, 'unconverged': 0, 'failed': 0} active [41, 38, 45, 39]
PROGRESS 42 /100 {'completed': 42, 'unconverged': 0, 'failed': 0} active [41, 38, 45, 39]
PROGRESS 42 /100 {'completed': 42, 'unconverged': 0, 'failed': 0} active [41, 38, 45, 39]
PROGRESS 42 /100 {'completed': 42, 'unconverged': 0, 'failed': 0} active [41, 38, 45, 39]
PROGRESS 42 /100 {'completed': 42, 'unconverged': 0, 'failed': 0} active [41, 38, 45, 39]
DONE 45 completed 307.6362085409928
START 46
PROGRESS 43 /100 {'completed': 43, 'unconverged': 0, 'failed': 0} active [41, 38, 46, 39]
DONE 46 completed 26.311609666910954
START 47
PROGRESS 44 /100 {'completed': 44, 'unconverged': 0, 'failed': 0} active [47, 41, 38, 39]
PROGRESS 44 /100 {'completed': 44, 'unconverged': 0, 'failed': 0} active [47, 41, 38, 39]
DONE 47 completed 54.21933537500445
START 48
PROGRESS 45 /100 {'completed': 45, 'unconverged': 0, 'failed': 0} active [41, 48, 38, 39]
PROGRESS 45 /100 {'completed': 45, 'unconverged': 0, 'failed': 0} active [41, 48, 38, 39]
PROGRESS 45 /100 {'completed': 45, 'unconverged': 0, 'failed': 0} active [41, 48, 38, 39]
PROGRESS 45 /100 {'completed': 45, 'unconverged': 0, 'failed': 0} active [41, 48, 38, 39]
PROGRESS 45 /100 {'completed': 45, 'unconverged': 0, 'failed': 0} active [41, 48, 38, 39]
PROGRESS 45 /100 {'completed': 45, 'unconverged': 0, 'failed': 0} active [41, 48, 38, 39]
DONE 39 completed 846.7088169160997
START 49
PROGRESS 46 /100 {'completed': 46, 'unconverged': 0, 'failed': 0} active [41, 48, 38, 49]
DONE 49 completed 9.38507166702766
START 50
PROGRESS 47 /100 {'completed': 47, 'unconverged': 0, 'failed': 0} active [41, 48, 38, 50]
PROGRESS 47 /100 {'completed': 47, 'unconverged': 0, 'failed': 0} active [41, 48, 38, 50]
DONE 50 completed 35.5302857500501
START 51
PROGRESS 48 /100 {'completed': 48, 'unconverged': 0, 'failed': 0} active [41, 48, 38, 51]
DONE 51 completed 28.208419666043483
START 52
PROGRESS 49 /100 {'completed': 49, 'unconverged': 0, 'failed': 0} active [52, 41, 48, 38]
PROGRESS 49 /100 {'completed': 49, 'unconverged': 0, 'failed': 0} active [52, 41, 48, 38]
PROGRESS 49 /100 {'completed': 49, 'unconverged': 0, 'failed': 0} active [52, 41, 48, 38]
PROGRESS 49 /100 {'completed': 49, 'unconverged': 0, 'failed': 0} active [52, 41, 48, 38]
PROGRESS 49 /100 {'completed': 49, 'unconverged': 0, 'failed': 0} active [52, 41, 48, 38]
PROGRESS 49 /100 {'completed': 49, 'unconverged': 0, 'failed': 0} active [52, 41, 48, 38]
PROGRESS 49 /100 {'completed': 49, 'unconverged': 0, 'failed': 0} active [52, 41, 48, 38]
PROGRESS 49 /100 {'completed': 49, 'unconverged': 0, 'failed': 0} active [52, 41, 48, 38]
PROGRESS 49 /100 {'completed': 49, 'unconverged': 0, 'failed': 0} active [52, 41, 48, 38]
PROGRESS 49 /100 {'completed': 49, 'unconverged': 0, 'failed': 0} active [52, 41, 48, 38]
DONE 52 completed 271.2151734159561
START 53
PROGRESS 50 /100 {'completed': 50, 'unconverged': 0, 'failed': 0} active [41, 48, 38, 53]
DONE 53 completed 4.573369832942262
START 54
PROGRESS 51 /100 {'completed': 51, 'unconverged': 0, 'failed': 0} active [41, 48, 38, 54]
PROGRESS 51 /100 {'completed': 51, 'unconverged': 0, 'failed': 0} active [41, 48, 38, 54]
PROGRESS 51 /100 {'completed': 51, 'unconverged': 0, 'failed': 0} active [41, 48, 38, 54]
PROGRESS 51 /100 {'completed': 51, 'unconverged': 0, 'failed': 0} active [41, 48, 38, 54]
PROGRESS 51 /100 {'completed': 51, 'unconverged': 0, 'failed': 0} active [41, 48, 38, 54]
PROGRESS 51 /100 {'completed': 51, 'unconverged': 0, 'failed': 0} active [41, 48, 38, 54]
PROGRESS 51 /100 {'completed': 51, 'unconverged': 0, 'failed': 0} active [41, 48, 38, 54]
PROGRESS 51 /100 {'completed': 51, 'unconverged': 0, 'failed': 0} active [41, 48, 38, 54]
PROGRESS 51 /100 {'completed': 51, 'unconverged': 0, 'failed': 0} active [41, 48, 38, 54]
PROGRESS 51 /100 {'completed': 51, 'unconverged': 0, 'failed': 0} active [41, 48, 38, 54]
PROGRESS 51 /100 {'completed': 51, 'unconverged': 0, 'failed': 0} active [41, 48, 38, 54]
DONE 38 completed 1500.1144896250917
START 55
PROGRESS 52 /100 {'completed': 52, 'unconverged': 0, 'failed': 0} active [41, 48, 54, 55]
PROGRESS 52 /100 {'completed': 52, 'unconverged': 0, 'failed': 0} active [41, 48, 54, 55]
PROGRESS 52 /100 {'completed': 52, 'unconverged': 0, 'failed': 0} active [41, 48, 54, 55]
PROGRESS 52 /100 {'completed': 52, 'unconverged': 0, 'failed': 0} active [41, 48, 54, 55]
PROGRESS 52 /100 {'completed': 52, 'unconverged': 0, 'failed': 0} active [41, 48, 54, 55]
DONE 54 completed 445.88738150009885
START 56
PROGRESS 53 /100 {'completed': 53, 'unconverged': 0, 'failed': 0} active [41, 48, 56, 55]
DONE 56 completed 10.147068416001275
START 57
PROGRESS 54 /100 {'completed': 54, 'unconverged': 0, 'failed': 0} active [57, 41, 48, 55]
PROGRESS 54 /100 {'completed': 54, 'unconverged': 0, 'failed': 0} active [57, 41, 48, 55]
DONE 57 completed 39.67787124996539
START 58
PROGRESS 55 /100 {'completed': 55, 'unconverged': 0, 'failed': 0} active [41, 48, 58, 55]
PROGRESS 55 /100 {'completed': 55, 'unconverged': 0, 'failed': 0} active [41, 48, 58, 55]
PROGRESS 55 /100 {'completed': 55, 'unconverged': 0, 'failed': 0} active [41, 48, 58, 55]
PROGRESS 55 /100 {'completed': 55, 'unconverged': 0, 'failed': 0} active [41, 48, 58, 55]
DONE 41 unconverged 1641.11255345901
START 59
PROGRESS 56 /100 {'completed': 55, 'unconverged': 1, 'failed': 0} active [48, 58, 59, 55]
DONE 59 completed 23.03951029200107
START 60
PROGRESS 57 /100 {'completed': 56, 'unconverged': 1, 'failed': 0} active [60, 48, 58, 55]
DONE 60 completed 12.436099541024305
START 61
PROGRESS 58 /100 {'completed': 57, 'unconverged': 1, 'failed': 0} active [48, 58, 61, 55]
PROGRESS 58 /100 {'completed': 57, 'unconverged': 1, 'failed': 0} active [48, 58, 61, 55]
PROGRESS 58 /100 {'completed': 57, 'unconverged': 1, 'failed': 0} active [48, 58, 61, 55]
PROGRESS 58 /100 {'completed': 57, 'unconverged': 1, 'failed': 0} active [48, 58, 61, 55]
PROGRESS 58 /100 {'completed': 57, 'unconverged': 1, 'failed': 0} active [48, 58, 61, 55]
PROGRESS 58 /100 {'completed': 57, 'unconverged': 1, 'failed': 0} active [48, 58, 61, 55]
PROGRESS 58 /100 {'completed': 57, 'unconverged': 1, 'failed': 0} active [48, 58, 61, 55]
PROGRESS 58 /100 {'completed': 57, 'unconverged': 1, 'failed': 0} active [48, 58, 61, 55]
PROGRESS 58 /100 {'completed': 57, 'unconverged': 1, 'failed': 0} active [48, 58, 61, 55]
PROGRESS 58 /100 {'completed': 57, 'unconverged': 1, 'failed': 0} active [48, 58, 61, 55]
PROGRESS 58 /100 {'completed': 57, 'unconverged': 1, 'failed': 0} active [48, 58, 61, 55]
PROGRESS 58 /100 {'completed': 57, 'unconverged': 1, 'failed': 0} active [48, 58, 61, 55]
PROGRESS 58 /100 {'completed': 57, 'unconverged': 1, 'failed': 0} active [48, 58, 61, 55]
PROGRESS 58 /100 {'completed': 57, 'unconverged': 1, 'failed': 0} active [48, 58, 61, 55]
PROGRESS 58 /100 {'completed': 57, 'unconverged': 1, 'failed': 0} active [48, 58, 61, 55]
PROGRESS 58 /100 {'completed': 57, 'unconverged': 1, 'failed': 0} active [48, 58, 61, 55]
PROGRESS 58 /100 {'completed': 57, 'unconverged': 1, 'failed': 0} active [48, 58, 61, 55]
PROGRESS 58 /100 {'completed': 57, 'unconverged': 1, 'failed': 0} active [48, 58, 61, 55]
DONE 61 completed 527.3309356670361
START 62
PROGRESS 59 /100 {'completed': 58, 'unconverged': 1, 'failed': 0} active [48, 58, 62, 55]
PROGRESS 59 /100 {'completed': 58, 'unconverged': 1, 'failed': 0} active [48, 58, 62, 55]
DONE 58 completed 709.1225473749219
START 63
PROGRESS 60 /100 {'completed': 59, 'unconverged': 1, 'failed': 0} active [48, 63, 62, 55]
PROGRESS 60 /100 {'completed': 59, 'unconverged': 1, 'failed': 0} active [48, 63, 62, 55]
DONE 48 unconverged 1767.5629685829626
START 64
PROGRESS 61 /100 {'completed': 59, 'unconverged': 2, 'failed': 0} active [63, 64, 62, 55]
DONE 64 completed 5.476214124937542
START 65
PROGRESS 62 /100 {'completed': 60, 'unconverged': 2, 'failed': 0} active [65, 63, 62, 55]
PROGRESS 62 /100 {'completed': 60, 'unconverged': 2, 'failed': 0} active [65, 63, 62, 55]
PROGRESS 62 /100 {'completed': 60, 'unconverged': 2, 'failed': 0} active [65, 63, 62, 55]
PROGRESS 62 /100 {'completed': 60, 'unconverged': 2, 'failed': 0} active [65, 63, 62, 55]
PROGRESS 62 /100 {'completed': 60, 'unconverged': 2, 'failed': 0} active [65, 63, 62, 55]
DONE 63 completed 211.44256970798597
START 66
PROGRESS 63 /100 {'completed': 61, 'unconverged': 2, 'failed': 0} active [65, 66, 62, 55]
PROGRESS 63 /100 {'completed': 61, 'unconverged': 2, 'failed': 0} active [65, 66, 62, 55]
DONE 65 completed 203.34802129201125
START 67
PROGRESS 64 /100 {'completed': 62, 'unconverged': 2, 'failed': 0} active [66, 62, 55, 67]
PROGRESS 64 /100 {'completed': 62, 'unconverged': 2, 'failed': 0} active [66, 62, 55, 67]
DONE 66 completed 95.89087854197714
START 68
PROGRESS 65 /100 {'completed': 63, 'unconverged': 2, 'failed': 0} active [68, 62, 55, 67]
PROGRESS 65 /100 {'completed': 63, 'unconverged': 2, 'failed': 0} active [68, 62, 55, 67]
DONE 68 completed 37.252519917092286
START 69
PROGRESS 66 /100 {'completed': 64, 'unconverged': 2, 'failed': 0} active [69, 62, 55, 67]
PROGRESS 66 /100 {'completed': 64, 'unconverged': 2, 'failed': 0} active [69, 62, 55, 67]
DONE 69 completed 37.33276099991053
START 70
PROGRESS 67 /100 {'completed': 65, 'unconverged': 2, 'failed': 0} active [70, 62, 55, 67]
DONE 70 completed 15.46036962501239
START 71
PROGRESS 68 /100 {'completed': 66, 'unconverged': 2, 'failed': 0} active [71, 62, 55, 67]
DONE 71 completed 23.08865391695872
START 72
PROGRESS 69 /100 {'completed': 67, 'unconverged': 2, 'failed': 0} active [62, 55, 67, 72]
DONE 72 completed 6.459853457985446
START 73
PROGRESS 70 /100 {'completed': 68, 'unconverged': 2, 'failed': 0} active [73, 62, 55, 67]
PROGRESS 70 /100 {'completed': 68, 'unconverged': 2, 'failed': 0} active [73, 62, 55, 67]
PROGRESS 70 /100 {'completed': 68, 'unconverged': 2, 'failed': 0} active [73, 62, 55, 67]
PROGRESS 70 /100 {'completed': 68, 'unconverged': 2, 'failed': 0} active [73, 62, 55, 67]
PROGRESS 70 /100 {'completed': 68, 'unconverged': 2, 'failed': 0} active [73, 62, 55, 67]
PROGRESS 70 /100 {'completed': 68, 'unconverged': 2, 'failed': 0} active [73, 62, 55, 67]
PROGRESS 70 /100 {'completed': 68, 'unconverged': 2, 'failed': 0} active [73, 62, 55, 67]
PROGRESS 70 /100 {'completed': 68, 'unconverged': 2, 'failed': 0} active [73, 62, 55, 67]
PROGRESS 70 /100 {'completed': 68, 'unconverged': 2, 'failed': 0} active [73, 62, 55, 67]
PROGRESS 70 /100 {'completed': 68, 'unconverged': 2, 'failed': 0} active [73, 62, 55, 67]
PROGRESS 70 /100 {'completed': 68, 'unconverged': 2, 'failed': 0} active [73, 62, 55, 67]
PROGRESS 70 /100 {'completed': 68, 'unconverged': 2, 'failed': 0} active [73, 62, 55, 67]
PROGRESS 70 /100 {'completed': 68, 'unconverged': 2, 'failed': 0} active [73, 62, 55, 67]
PROGRESS 70 /100 {'completed': 68, 'unconverged': 2, 'failed': 0} active [73, 62, 55, 67]
PROGRESS 70 /100 {'completed': 68, 'unconverged': 2, 'failed': 0} active [73, 62, 55, 67]
DONE 67 completed 606.5818869170034
START 74
PROGRESS 71 /100 {'completed': 69, 'unconverged': 2, 'failed': 0} active [73, 74, 62, 55]
PROGRESS 71 /100 {'completed': 69, 'unconverged': 2, 'failed': 0} active [73, 74, 62, 55]
DONE 55 completed 1831.773548875004
START 75
PROGRESS 72 /100 {'completed': 70, 'unconverged': 2, 'failed': 0} active [75, 73, 74, 62]
PROGRESS 72 /100 {'completed': 70, 'unconverged': 2, 'failed': 0} active [75, 73, 74, 62]
PROGRESS 72 /100 {'completed': 70, 'unconverged': 2, 'failed': 0} active [75, 73, 74, 62]
PROGRESS 72 /100 {'completed': 70, 'unconverged': 2, 'failed': 0} active [75, 73, 74, 62]
DONE 74 completed 156.1341784580145
START 76
PROGRESS 73 /100 {'completed': 71, 'unconverged': 2, 'failed': 0} active [75, 73, 76, 62]
PROGRESS 73 /100 {'completed': 71, 'unconverged': 2, 'failed': 0} active [75, 73, 76, 62]
PROGRESS 73 /100 {'completed': 71, 'unconverged': 2, 'failed': 0} active [75, 73, 76, 62]
PROGRESS 73 /100 {'completed': 71, 'unconverged': 2, 'failed': 0} active [75, 73, 76, 62]
PROGRESS 73 /100 {'completed': 71, 'unconverged': 2, 'failed': 0} active [75, 73, 76, 62]
PROGRESS 73 /100 {'completed': 71, 'unconverged': 2, 'failed': 0} active [75, 73, 76, 62]
DONE 62 completed 1232.197413082933
START 77
PROGRESS 74 /100 {'completed': 72, 'unconverged': 2, 'failed': 0} active [75, 73, 76, 77]
PROGRESS 74 /100 {'completed': 72, 'unconverged': 2, 'failed': 0} active [75, 73, 76, 77]
PROGRESS 74 /100 {'completed': 72, 'unconverged': 2, 'failed': 0} active [75, 73, 76, 77]
PROGRESS 74 /100 {'completed': 72, 'unconverged': 2, 'failed': 0} active [75, 73, 76, 77]
PROGRESS 74 /100 {'completed': 72, 'unconverged': 2, 'failed': 0} active [75, 73, 76, 77]
PROGRESS 74 /100 {'completed': 72, 'unconverged': 2, 'failed': 0} active [75, 73, 76, 77]
PROGRESS 74 /100 {'completed': 72, 'unconverged': 2, 'failed': 0} active [75, 73, 76, 77]
PROGRESS 74 /100 {'completed': 72, 'unconverged': 2, 'failed': 0} active [75, 73, 76, 77]
PROGRESS 74 /100 {'completed': 72, 'unconverged': 2, 'failed': 0} active [75, 73, 76, 77]
DONE 77 completed 256.1849103750428
START 78
PROGRESS 75 /100 {'completed': 73, 'unconverged': 2, 'failed': 0} active [75, 73, 76, 78]
PROGRESS 75 /100 {'completed': 73, 'unconverged': 2, 'failed': 0} active [75, 73, 76, 78]
DONE 76 completed 461.88788716704585
START 79
PROGRESS 76 /100 {'completed': 74, 'unconverged': 2, 'failed': 0} active [75, 79, 73, 78]
PROGRESS 76 /100 {'completed': 74, 'unconverged': 2, 'failed': 0} active [75, 79, 73, 78]
PROGRESS 76 /100 {'completed': 74, 'unconverged': 2, 'failed': 0} active [75, 79, 73, 78]
PROGRESS 76 /100 {'completed': 74, 'unconverged': 2, 'failed': 0} active [75, 79, 73, 78]
PROGRESS 76 /100 {'completed': 74, 'unconverged': 2, 'failed': 0} active [75, 79, 73, 78]
PROGRESS 76 /100 {'completed': 74, 'unconverged': 2, 'failed': 0} active [75, 79, 73, 78]
PROGRESS 76 /100 {'completed': 74, 'unconverged': 2, 'failed': 0} active [75, 79, 73, 78]
DONE 79 completed 201.95109483401757
START 80
PROGRESS 77 /100 {'completed': 75, 'unconverged': 2, 'failed': 0} active [75, 73, 78, 80]
PROGRESS 77 /100 {'completed': 75, 'unconverged': 2, 'failed': 0} active [75, 73, 78, 80]
PROGRESS 77 /100 {'completed': 75, 'unconverged': 2, 'failed': 0} active [75, 73, 78, 80]
PROGRESS 77 /100 {'completed': 75, 'unconverged': 2, 'failed': 0} active [75, 73, 78, 80]
PROGRESS 77 /100 {'completed': 75, 'unconverged': 2, 'failed': 0} active [75, 73, 78, 80]
PROGRESS 77 /100 {'completed': 75, 'unconverged': 2, 'failed': 0} active [75, 73, 78, 80]
PROGRESS 77 /100 {'completed': 75, 'unconverged': 2, 'failed': 0} active [75, 73, 78, 80]
PROGRESS 77 /100 {'completed': 75, 'unconverged': 2, 'failed': 0} active [75, 73, 78, 80]
PROGRESS 77 /100 {'completed': 75, 'unconverged': 2, 'failed': 0} active [75, 73, 78, 80]
PROGRESS 77 /100 {'completed': 75, 'unconverged': 2, 'failed': 0} active [75, 73, 78, 80]
DONE 80 completed 284.17050291702617
START 81
PROGRESS 78 /100 {'completed': 76, 'unconverged': 2, 'failed': 0} active [75, 81, 73, 78]
DONE 81 completed 12.160381749970838
START 82
PROGRESS 79 /100 {'completed': 77, 'unconverged': 2, 'failed': 0} active [75, 73, 82, 78]
DONE 73 unconverged 1586.67231279111
START 83
PROGRESS 80 /100 {'completed': 77, 'unconverged': 3, 'failed': 0} active [75, 82, 78, 83]
PROGRESS 80 /100 {'completed': 77, 'unconverged': 3, 'failed': 0} active [75, 82, 78, 83]
PROGRESS 80 /100 {'completed': 77, 'unconverged': 3, 'failed': 0} active [75, 82, 78, 83]
PROGRESS 80 /100 {'completed': 77, 'unconverged': 3, 'failed': 0} active [75, 82, 78, 83]
PROGRESS 80 /100 {'completed': 77, 'unconverged': 3, 'failed': 0} active [75, 82, 78, 83]
PROGRESS 80 /100 {'completed': 77, 'unconverged': 3, 'failed': 0} active [75, 82, 78, 83]
PROGRESS 80 /100 {'completed': 77, 'unconverged': 3, 'failed': 0} active [75, 82, 78, 83]
PROGRESS 80 /100 {'completed': 77, 'unconverged': 3, 'failed': 0} active [75, 82, 78, 83]
PROGRESS 80 /100 {'completed': 77, 'unconverged': 3, 'failed': 0} active [75, 82, 78, 83]
PROGRESS 80 /100 {'completed': 77, 'unconverged': 3, 'failed': 0} active [75, 82, 78, 83]
DONE 83 completed 277.8936342500383
START 84
PROGRESS 81 /100 {'completed': 78, 'unconverged': 3, 'failed': 0} active [75, 84, 82, 78]
DONE 82 completed 325.6368066249415
START 85
PROGRESS 82 /100 {'completed': 79, 'unconverged': 3, 'failed': 0} active [75, 84, 78, 85]
PROGRESS 82 /100 {'completed': 79, 'unconverged': 3, 'failed': 0} active [75, 84, 78, 85]
DONE 75 completed 1423.0644205000717
START 86
PROGRESS 83 /100 {'completed': 80, 'unconverged': 3, 'failed': 0} active [84, 78, 85, 86]
PROGRESS 83 /100 {'completed': 80, 'unconverged': 3, 'failed': 0} active [84, 78, 85, 86]
PROGRESS 83 /100 {'completed': 80, 'unconverged': 3, 'failed': 0} active [84, 78, 85, 86]
PROGRESS 83 /100 {'completed': 80, 'unconverged': 3, 'failed': 0} active [84, 78, 85, 86]
PROGRESS 83 /100 {'completed': 80, 'unconverged': 3, 'failed': 0} active [84, 78, 85, 86]
PROGRESS 83 /100 {'completed': 80, 'unconverged': 3, 'failed': 0} active [84, 78, 85, 86]
PROGRESS 83 /100 {'completed': 80, 'unconverged': 3, 'failed': 0} active [84, 78, 85, 86]
DONE 84 completed 260.0044559170492
START 87
PROGRESS 84 /100 {'completed': 81, 'unconverged': 3, 'failed': 0} active [87, 78, 85, 86]
PROGRESS 84 /100 {'completed': 81, 'unconverged': 3, 'failed': 0} active [87, 78, 85, 86]
PROGRESS 84 /100 {'completed': 81, 'unconverged': 3, 'failed': 0} active [87, 78, 85, 86]
PROGRESS 84 /100 {'completed': 81, 'unconverged': 3, 'failed': 0} active [87, 78, 85, 86]
DONE 86 completed 288.6598766660318
START 88
PROGRESS 85 /100 {'completed': 82, 'unconverged': 3, 'failed': 0} active [88, 87, 78, 85]
PROGRESS 85 /100 {'completed': 82, 'unconverged': 3, 'failed': 0} active [88, 87, 78, 85]
PROGRESS 85 /100 {'completed': 82, 'unconverged': 3, 'failed': 0} active [88, 87, 78, 85]
PROGRESS 85 /100 {'completed': 82, 'unconverged': 3, 'failed': 0} active [88, 87, 78, 85]
PROGRESS 85 /100 {'completed': 82, 'unconverged': 3, 'failed': 0} active [88, 87, 78, 85]
PROGRESS 85 /100 {'completed': 82, 'unconverged': 3, 'failed': 0} active [88, 87, 78, 85]
PROGRESS 85 /100 {'completed': 82, 'unconverged': 3, 'failed': 0} active [88, 87, 78, 85]
DONE 85 completed 509.1064655840164
START 89
PROGRESS 86 /100 {'completed': 83, 'unconverged': 3, 'failed': 0} active [88, 87, 78, 89]
PROGRESS 86 /100 {'completed': 83, 'unconverged': 3, 'failed': 0} active [88, 87, 78, 89]
PROGRESS 86 /100 {'completed': 83, 'unconverged': 3, 'failed': 0} active [88, 87, 78, 89]
PROGRESS 86 /100 {'completed': 83, 'unconverged': 3, 'failed': 0} active [88, 87, 78, 89]
PROGRESS 86 /100 {'completed': 83, 'unconverged': 3, 'failed': 0} active [88, 87, 78, 89]
PROGRESS 86 /100 {'completed': 83, 'unconverged': 3, 'failed': 0} active [88, 87, 78, 89]
DONE 88 completed 352.4736011250643
START 90
PROGRESS 87 /100 {'completed': 84, 'unconverged': 3, 'failed': 0} active [87, 90, 78, 89]
DONE 90 completed 11.03740891709458
START 91
PROGRESS 88 /100 {'completed': 85, 'unconverged': 3, 'failed': 0} active [91, 87, 78, 89]
PROGRESS 88 /100 {'completed': 85, 'unconverged': 3, 'failed': 0} active [91, 87, 78, 89]
PROGRESS 88 /100 {'completed': 85, 'unconverged': 3, 'failed': 0} active [91, 87, 78, 89]
PROGRESS 88 /100 {'completed': 85, 'unconverged': 3, 'failed': 0} active [91, 87, 78, 89]
DONE 91 completed 105.47990699997172
START 92
PROGRESS 89 /100 {'completed': 86, 'unconverged': 3, 'failed': 0} active [92, 87, 78, 89]
PROGRESS 89 /100 {'completed': 86, 'unconverged': 3, 'failed': 0} active [92, 87, 78, 89]
DONE 92 completed 54.07782079197932
START 93
PROGRESS 90 /100 {'completed': 87, 'unconverged': 3, 'failed': 0} active [87, 78, 89, 93]
DONE 78 unconverged 1737.8235944169573
START 94
PROGRESS 91 /100 {'completed': 87, 'unconverged': 4, 'failed': 0} active [94, 87, 89, 93]
DONE 94 completed 2.6346096670022234
START 95
PROGRESS 92 /100 {'completed': 88, 'unconverged': 4, 'failed': 0} active [87, 95, 89, 93]
DONE 95 completed 5.165783958975226
START 96
PROGRESS 93 /100 {'completed': 89, 'unconverged': 4, 'failed': 0} active [87, 89, 96, 93]
DONE 96 completed 13.961761832935736
START 97
PROGRESS 94 /100 {'completed': 90, 'unconverged': 4, 'failed': 0} active [87, 97, 89, 93]
DONE 93 completed 51.88897537498269
START 98
PROGRESS 95 /100 {'completed': 91, 'unconverged': 4, 'failed': 0} active [98, 87, 97, 89]
DONE 89 completed 404.6528035410447
START 99
PROGRESS 96 /100 {'completed': 92, 'unconverged': 4, 'failed': 0} active [98, 87, 97, 99]
DONE 99 completed 20.969082625000738
PROGRESS 97 /100 {'completed': 93, 'unconverged': 4, 'failed': 0} active [98, 87, 97]
PROGRESS 97 /100 {'completed': 93, 'unconverged': 4, 'failed': 0} active [98, 87, 97]
PROGRESS 97 /100 {'completed': 93, 'unconverged': 4, 'failed': 0} active [98, 87, 97]
PROGRESS 97 /100 {'completed': 93, 'unconverged': 4, 'failed': 0} active [98, 87, 97]
PROGRESS 97 /100 {'completed': 93, 'unconverged': 4, 'failed': 0} active [98, 87, 97]
PROGRESS 97 /100 {'completed': 93, 'unconverged': 4, 'failed': 0} active [98, 87, 97]
PROGRESS 97 /100 {'completed': 93, 'unconverged': 4, 'failed': 0} active [98, 87, 97]
PROGRESS 97 /100 {'completed': 93, 'unconverged': 4, 'failed': 0} active [98, 87, 97]
PROGRESS 97 /100 {'completed': 93, 'unconverged': 4, 'failed': 0} active [98, 87, 97]
DONE 87 completed 958.0137529580388
PROGRESS 98 /100 {'completed': 94, 'unconverged': 4, 'failed': 0} active [98, 97]
PROGRESS 98 /100 {'completed': 94, 'unconverged': 4, 'failed': 0} active [98, 97]
PROGRESS 98 /100 {'completed': 94, 'unconverged': 4, 'failed': 0} active [98, 97]
PROGRESS 98 /100 {'completed': 94, 'unconverged': 4, 'failed': 0} active [98, 97]
DONE 97 completed 398.68242066691164
PROGRESS 99 /100 {'completed': 95, 'unconverged': 4, 'failed': 0} active [98]
PROGRESS 99 /100 {'completed': 95, 'unconverged': 4, 'failed': 0} active [98]
PROGRESS 99 /100 {'completed': 95, 'unconverged': 4, 'failed': 0} active [98]
DONE 98 completed 455.7709357079584
PROGRESS 100 /100 {'completed': 96, 'unconverged': 4, 'failed': 0} active []
PROGRESS 100 /100 {'completed': 96, 'unconverged': 4, 'failed': 0} active []
Resumed background experiment 8 49919
