FINISHED 0 Coordinate-wise MoM completed 0.0004365830682218075
FINISHED 0 Geometric MoM + HT completed 0.0013239160180091858
FINISHED 0 Sample mean completed 2.133403904736042e-05
FINISHED 1 Coordinate-wise MoM completed 0.0011051660403609276
FINISHED 2 Coordinate-wise MoM completed 0.00038833392318338156
FINISHED 1 Geometric MoM + HT completed 0.000988124986179173
FINISHED 1 Sample mean completed 1.395796425640583e-05
FINISHED 2 Geometric MoM + HT completed 0.0014140830608084798
FINISHED 2 Sample mean completed 1.3874960131943226e-05
FINISHED 3 Coordinate-wise MoM completed 0.0010047079995274544
FINISHED 3 Geometric MoM + HT completed 0.0027965829940512776
FINISHED 3 Sample mean completed 3.737490624189377e-05
FINISHED 2 Random MoM (tilde J=1000) completed 1.7035230830078945
FINISHED 0 Random MoM (tilde J=1000) completed 11.12211583298631
FINISHED 1 Random MoM (tilde J=1000) completed 15.089853000012226
PROGRESS 15 /1300
FINISHED 2 Random trimmed mean (tilde J=1000) completed 42.06096008303575
FINISHED 4 Coordinate-wise MoM completed 0.00045487494207918644
FINISHED 4 Geometric MoM + HT completed 0.0010984580731019378
FINISHED 4 Sample mean completed 2.26249685510993e-05
PROGRESS 16 /1300
FINISHED 0 Random trimmed mean (tilde J=1000) completed 35.50901174999308
FINISHED 5 Coordinate-wise MoM completed 0.000488666002638638
PROGRESS 20 /1300
FINISHED 5 Geometric MoM + HT completed 0.0008678749436512589
FINISHED 5 Sample mean completed 1.579197123646736e-05
FINISHED 1 Random trimmed mean (tilde J=1000) completed 31.939309207955375
FINISHED 6 Coordinate-wise MoM completed 0.0004252500366419554
PROGRESS 24 /1300
FINISHED 6 Geometric MoM + HT completed 0.0011894169729202986
FINISHED 6 Sample mean completed 1.920794602483511e-05
FINISHED 5 Random MoM (tilde J=1000) completed 1.2339225000469014
FINISHED 3 Random MoM (tilde J=1000) completed 53.7867236250313
FINISHED 4 Random MoM (tilde J=1000) completed 22.113315415917896
FINISHED 4 Random trimmed mean (tilde J=1000) completed 1.2326646250439808
FINISHED 7 Coordinate-wise MoM completed 0.0005184999899938703
FINISHED 7 Geometric MoM + HT completed 0.0010095000034198165
FINISHED 7 Sample mean completed 5.5582961067557335e-05
PROGRESS 31 /1300
FINISHED 7 Random MoM (tilde J=1000) completed 8.138377957977355
PROGRESS 35 /1300
FINISHED 5 Random trimmed mean (tilde J=1000) completed 57.02635583397932
FINISHED 8 Coordinate-wise MoM completed 0.0006260840455070138
PROGRESS 36 /1300
FINISHED 8 Geometric MoM + HT completed 0.0014269999228417873
FINISHED 8 Sample mean completed 1.6749952919781208e-05
FINISHED 3 Random trimmed mean (tilde J=1000) completed 64.0773302919697
FINISHED 9 Coordinate-wise MoM completed 0.0004544169642031193
FINISHED 9 Geometric MoM + HT completed 0.0010168330045416951
FINISHED 9 Sample mean completed 1.6000005416572094e-05
PROGRESS 40 /1300
PROGRESS 43 /1300
FINISHED 8 Random MoM (tilde J=1000) completed 46.62232274992857
FINISHED 7 Random trimmed mean (tilde J=1000) completed 77.55926024995279
FINISHED 10 Coordinate-wise MoM completed 0.000457499991171062
FINISHED 10 Geometric MoM + HT completed 0.0012772500049322844
FINISHED 10 Sample mean completed 1.554097980260849e-05
PROGRESS 45 /1300
FINISHED 9 Random MoM (tilde J=1000) completed 36.33458408410661
FINISHED 6 Random MoM (tilde J=1000) completed 109.0969599999953
FINISHED 8 Random trimmed mean (tilde J=1000) completed 9.5401602499187
FINISHED 11 Coordinate-wise MoM completed 0.001056541921570897
FINISHED 11 Geometric MoM + HT completed 0.0012314580380916595
FINISHED 11 Sample mean completed 2.162496093660593e-05
PROGRESS 51 /1300
FINISHED 11 Random MoM (tilde J=1000) completed 0.5324527090415359
FINISHED 6 Random trimmed mean (tilde J=1000) completed 7.77703116601333
FINISHED 12 Coordinate-wise MoM completed 0.0005137920379638672
FINISHED 12 Geometric MoM + HT completed 0.0015992500120773911
PROGRESS 56 /1300
FINISHED 12 Sample mean completed 2.6250025257468224e-05
FINISHED 9 Random trimmed mean (tilde J=1000) completed 10.182309500058182
FINISHED 13 Coordinate-wise MoM completed 0.0005569589557126164
FINISHED 13 Geometric MoM + HT completed 0.0013560840161517262
FINISHED 13 Sample mean completed 2.0999927073717117e-05
PROGRESS 60 /1300
FINISHED 11 Random trimmed mean (tilde J=1000) completed 10.437750500044785
FINISHED 14 Coordinate-wise MoM completed 0.00044679094571620226
FINISHED 14 Geometric MoM + HT completed 0.001269749947823584
FINISHED 14 Sample mean completed 1.579197123646736e-05
PROGRESS 64 /1300
FINISHED 14 Random MoM (tilde J=1000) completed 2.561496249982156
FINISHED 12 Random MoM (tilde J=1000) completed 17.015090292086825
FINISHED 13 Random MoM (tilde J=1000) completed 17.50923004199285
FINISHED 10 Random MoM (tilde J=1000) completed 30.83923874993343
FINISHED 10 Random trimmed mean (tilde J=1000) completed 6.842062958050519
FINISHED 15 Coordinate-wise MoM completed 0.00045458402018994093
FINISHED 15 Geometric MoM + HT completed 0.0018570410320535302
FINISHED 15 Sample mean completed 5.504197906702757e-05
PROGRESS 72 /1300
FINISHED 13 Random trimmed mean (tilde J=1000) completed 15.48975733295083
FINISHED 16 Coordinate-wise MoM completed 0.0004407919477671385
FINISHED 16 Geometric MoM + HT completed 0.0016942499205470085
FINISHED 16 Sample mean completed 1.6415957361459732e-05
PROGRESS 76 /1300
FINISHED 16 Random MoM (tilde J=1000) completed 2.419466375024058
PROGRESS 80 /1300
FINISHED 16 Random trimmed mean (tilde J=1000) completed 40.61131208296865
FINISHED 17 Coordinate-wise MoM completed 0.0005094159860163927
FINISHED 17 Geometric MoM + HT completed 0.001351541024632752
FINISHED 17 Sample mean completed 1.6874982975423336e-05
PROGRESS 81 /1300
FINISHED 17 Random MoM (tilde J=1000) completed 1.1101015839958563
FINISHED 15 Random MoM (tilde J=1000) completed 54.68292554200161
FINISHED 15 Random trimmed mean (tilde J=1000) completed 6.074179375078529
FINISHED 18 Coordinate-wise MoM completed 0.00045666599180549383
FINISHED 18 Geometric MoM + HT completed 0.0011020000092685223
FINISHED 18 Sample mean completed 1.5708967112004757e-05
PROGRESS 87 /1300
FINISHED 14 Random trimmed mean (tilde J=1000) completed 77.97170220792759
FINISHED 19 Coordinate-wise MoM completed 0.00047595903743058443
FINISHED 19 Geometric MoM + HT completed 0.000989000080153346
FINISHED 19 Sample mean completed 1.5249941498041153e-05
PROGRESS 91 /1300
FINISHED 12 Random trimmed mean (tilde J=1000) completed 80.92617125005927
FINISHED 20 Coordinate-wise MoM completed 0.0004886670503765345
FINISHED 20 Geometric MoM + HT completed 0.001670749974437058
FINISHED 20 Sample mean completed 1.76670728251338e-05
PROGRESS 95 /1300
FINISHED 17 Random trimmed mean (tilde J=1000) completed 26.956440042005852
FINISHED 21 Coordinate-wise MoM completed 0.0013585420092567801
FINISHED 21 Geometric MoM + HT completed 0.001630958984605968
PROGRESS 99 /1300
FINISHED 21 Sample mean completed 1.7750076949596405e-05
FINISHED 20 Random MoM (tilde J=1000) completed 8.98057208408136
FINISHED 19 Random MoM (tilde J=1000) completed 26.08089837501757
FINISHED 21 Random MoM (tilde J=1000) completed 15.75109441706445
FINISHED 18 Random MoM (tilde J=1000) completed 38.511696374975145
FINISHED 19 Random trimmed mean (tilde J=1000) completed 12.501758083002642
FINISHED 22 Coordinate-wise MoM completed 0.00045370799489319324
FINISHED 22 Geometric MoM + HT completed 0.000948792090639472
FINISHED 22 Sample mean completed 1.6332953236997128e-05
PROGRESS 107 /1300
FINISHED 22 Random MoM (tilde J=1000) completed 1.083631124929525
FINISHED 22 Random trimmed mean (tilde J=1000) completed 14.017746332916431
FINISHED 23 Coordinate-wise MoM completed 0.0006332499906420708
FINISHED 23 Geometric MoM + HT completed 0.0019290830241516232
FINISHED 23 Sample mean completed 1.89170241355896e-05
PROGRESS 112 /1300
FINISHED 23 Random MoM (tilde J=1000) completed 3.3846583750564605
FINISHED 21 Random trimmed mean (tilde J=1000) completed 29.149835041956976
FINISHED 24 Coordinate-wise MoM completed 0.0005250420654192567
FINISHED 24 Geometric MoM + HT completed 0.0013998330105096102
FINISHED 24 Sample mean completed 1.6332953236997128e-05
PROGRESS 117 /1300
PROGRESS 120 /1300
FINISHED 24 Random MoM (tilde J=1000) completed 35.046766083920375
FINISHED 24 Random trimmed mean (tilde J=1000) completed 2.2747789579443634
FINISHED 25 Coordinate-wise MoM completed 0.0005455840146169066
FINISHED 25 Geometric MoM + HT completed 0.0015638750046491623
FINISHED 25 Sample mean completed 2.1000043489038944e-05
PROGRESS 122 /1300
PROGRESS 125 /1300
PROGRESS 125 /1300
FINISHED 20 Random trimmed mean (tilde J=1000) completed 148.74490033299662
FINISHED 26 Coordinate-wise MoM completed 0.0005151659715920687
FINISHED 26 Geometric MoM + HT completed 0.0014222500612959266
FINISHED 26 Sample mean completed 1.9999919459223747e-05
PROGRESS 126 /1300
FINISHED 26 Random MoM (tilde J=1000) completed 12.048496291972697
FINISHED 23 Random trimmed mean (tilde J=1000) completed 131.6036704169819
FINISHED 27 Coordinate-wise MoM completed 0.0005208749789744616
FINISHED 27 Geometric MoM + HT completed 0.0013914169976487756
FINISHED 27 Sample mean completed 2.762500662356615e-05
PROGRESS 131 /1300
FINISHED 27 Random MoM (tilde J=1000) completed 2.391374084050767
FINISHED 25 Random MoM (tilde J=1000) completed 108.69155512505677
FINISHED 18 Random trimmed mean (tilde J=1000) completed 173.18677224998828
FINISHED 28 Coordinate-wise MoM completed 0.0006389999762177467
FINISHED 28 Geometric MoM + HT completed 0.0017783750081434846
FINISHED 28 Sample mean completed 3.324996214359999e-05
PROGRESS 137 /1300
FINISHED 25 Random trimmed mean (tilde J=1000) completed 17.09662104200106
FINISHED 29 Coordinate-wise MoM completed 0.0005445840070024133
FINISHED 29 Geometric MoM + HT completed 0.0014577499823644757
FINISHED 29 Sample mean completed 1.9208062440156937e-05
PROGRESS 141 /1300
PROGRESS 144 /1300
PROGRESS 144 /1300
FINISHED 29 Random MoM (tilde J=1000) completed 64.23782029096037
FINISHED 29 Random trimmed mean (tilde J=1000) completed 7.367529499926604
FINISHED 30 Coordinate-wise MoM completed 0.0008274170104414225
FINISHED 30 Geometric MoM + HT completed 0.0021328330039978027
FINISHED 30 Sample mean completed 2.8582988306879997e-05
PROGRESS 146 /1300
PROGRESS 149 /1300
FINISHED 28 Random MoM (tilde J=1000) completed 128.66114504099824
FINISHED 27 Random trimmed mean (tilde J=1000) completed 154.74869587493595
FINISHED 31 Coordinate-wise MoM completed 0.0005099589470773935
FINISHED 31 Geometric MoM + HT completed 0.0011325409868732095
FINISHED 31 Sample mean completed 1.770805101841688e-05
PROGRESS 151 /1300
FINISHED 31 Random MoM (tilde J=1000) completed 4.405840958002955
FINISHED 26 Random trimmed mean (tilde J=1000) completed 191.87146045803092
FINISHED 32 Coordinate-wise MoM completed 0.0005309999687597156
FINISHED 32 Geometric MoM + HT completed 0.001196000026538968
FINISHED 32 Sample mean completed 1.7291982658207417e-05
PROGRESS 156 /1300
FINISHED 31 Random trimmed mean (tilde J=1000) completed 21.003973249928094
FINISHED 33 Coordinate-wise MoM completed 0.0005099161062389612
FINISHED 33 Geometric MoM + HT completed 0.0011341660283505917
FINISHED 33 Sample mean completed 1.7959042452275753e-05
PROGRESS 160 /1300
FINISHED 33 Random MoM (tilde J=1000) completed 2.871254083001986
FINISHED 30 Random MoM (tilde J=1000) completed 84.12020387500525
FINISHED 33 Random trimmed mean (tilde J=1000) completed 25.948165750014596
FINISHED 34 Coordinate-wise MoM completed 0.0005284579237923026
FINISHED 34 Geometric MoM + HT completed 0.0015996670117601752
FINISHED 34 Sample mean completed 2.37500062212348e-05
PROGRESS 166 /1300
FINISHED 28 Random trimmed mean (tilde J=1000) completed 63.18818237504456
FINISHED 35 Coordinate-wise MoM completed 0.000509292003698647
FINISHED 35 Geometric MoM + HT completed 0.001450875075533986
FINISHED 35 Sample mean completed 1.7584068700671196e-05
PROGRESS 170 /1300
FINISHED 35 Random MoM (tilde J=1000) completed 15.077166750095785
FINISHED 30 Random trimmed mean (tilde J=1000) completed 40.1542787499493
FINISHED 36 Coordinate-wise MoM completed 0.0004902080399915576
FINISHED 36 Geometric MoM + HT completed 0.0014955829828977585
FINISHED 36 Sample mean completed 1.808302477002144e-05
PROGRESS 175 /1300
FINISHED 34 Random MoM (tilde J=1000) completed 20.63079591607675
FINISHED 32 Random MoM (tilde J=1000) completed 68.89539479196537
FINISHED 32 Random trimmed mean (tilde J=1000) completed 8.232814833987504
FINISHED 37 Coordinate-wise MoM completed 0.0005022499244660139
FINISHED 37 Geometric MoM + HT completed 0.0014521250268444419
FINISHED 37 Sample mean completed 2.291705459356308e-05
PROGRESS 181 /1300
FINISHED 34 Random trimmed mean (tilde J=1000) completed 29.969675207976252
FINISHED 38 Coordinate-wise MoM completed 0.0005107920151203871
FINISHED 38 Geometric MoM + HT completed 0.0014995840610936284
FINISHED 38 Sample mean completed 4.8457994125783443e-05
PROGRESS 185 /1300
FINISHED 38 Random MoM (tilde J=1000) completed 8.721389958052896
FINISHED 37 Random MoM (tilde J=1000) completed 26.872903167037293
PROGRESS 190 /1300
FINISHED 37 Random trimmed mean (tilde J=1000) completed 9.132899875054136
FINISHED 39 Coordinate-wise MoM completed 0.0005525000160560012
FINISHED 39 Geometric MoM + HT completed 0.0012228329433128238
FINISHED 39 Sample mean completed 1.7541926354169846e-05
PROGRESS 191 /1300
FINISHED 35 Random trimmed mean (tilde J=1000) completed 76.21363549993839
FINISHED 40 Coordinate-wise MoM completed 0.000764791970141232
FINISHED 40 Geometric MoM + HT completed 0.0011792500736191869
FINISHED 40 Sample mean completed 1.7874990589916706e-05
PROGRESS 195 /1300
FINISHED 40 Random MoM (tilde J=1000) completed 1.9674119169358164
FINISHED 36 Random MoM (tilde J=1000) completed 79.91334916593041
FINISHED 36 Random trimmed mean (tilde J=1000) completed 22.962649750057608
FINISHED 41 Coordinate-wise MoM completed 0.0004956669872626662
FINISHED 41 Geometric MoM + HT completed 0.001167624955996871
FINISHED 41 Sample mean completed 1.7457990907132626e-05
PROGRESS 201 /1300
FINISHED 41 Random MoM (tilde J=1000) completed 12.283558499999344
FINISHED 38 Random trimmed mean (tilde J=1000) completed 79.37262512499001
FINISHED 42 Coordinate-wise MoM completed 0.0005113329971209168
FINISHED 42 Geometric MoM + HT completed 0.0013026250526309013
FINISHED 42 Sample mean completed 1.8040998838841915e-05
PROGRESS 206 /1300
FINISHED 42 Random MoM (tilde J=1000) completed 1.8937001660233364
FINISHED 42 Random trimmed mean (tilde J=1000) completed 1.2637952499790117
FINISHED 43 Coordinate-wise MoM completed 0.0005084580043330789
FINISHED 43 Geometric MoM + HT completed 0.0011634579859673977
FINISHED 43 Sample mean completed 1.7332960851490498e-05
PROGRESS 211 /1300
FINISHED 39 Random MoM (tilde J=1000) completed 58.18413608404808
FINISHED 43 Random MoM (tilde J=1000) completed 4.766812624991871
FINISHED 40 Random trimmed mean (tilde J=1000) completed 57.936455207993276
FINISHED 44 Coordinate-wise MoM completed 0.000507500022649765
FINISHED 44 Geometric MoM + HT completed 0.0015677079791203141
FINISHED 44 Sample mean completed 1.7583020962774754e-05
PROGRESS 217 /1300
FINISHED 41 Random trimmed mean (tilde J=1000) completed 44.036507208948024
FINISHED 45 Coordinate-wise MoM completed 0.0005179999861866236
FINISHED 45 Geometric MoM + HT completed 0.0012594590662047267
FINISHED 45 Sample mean completed 1.766590867191553e-05
PROGRESS 221 /1300
FINISHED 44 Random MoM (tilde J=1000) completed 29.169027208001353
FINISHED 44 Random trimmed mean (tilde J=1000) completed 7.601347499992698
FINISHED 46 Coordinate-wise MoM completed 0.0005070830229669809
FINISHED 46 Geometric MoM + HT completed 0.0011994169326499104
FINISHED 46 Sample mean completed 1.762493047863245e-05
PROGRESS 226 /1300
FINISHED 43 Random trimmed mean (tilde J=1000) completed 50.04016079194844
FINISHED 47 Coordinate-wise MoM completed 0.0005001670215278864
FINISHED 47 Geometric MoM + HT completed 0.0010633330093696713
FINISHED 47 Sample mean completed 1.7666025087237358e-05
PROGRESS 230 /1300
FINISHED 47 Random MoM (tilde J=1000) completed 27.258172917063348
FINISHED 46 Random MoM (tilde J=1000) completed 35.39328904100694
PROGRESS 235 /1300
FINISHED 45 Random MoM (tilde J=1000) completed 49.718016666942276
FINISHED 45 Random trimmed mean (tilde J=1000) completed 13.099624790949747
FINISHED 48 Coordinate-wise MoM completed 0.000492708059027791
FINISHED 48 Geometric MoM + HT completed 0.0011294579599052668
FINISHED 48 Sample mean completed 1.708301715552807e-05
PROGRESS 237 /1300
FINISHED 48 Random MoM (tilde J=1000) completed 4.712244791910052
FINISHED 39 Random trimmed mean (tilde J=1000) completed 105.22019174997695
FINISHED 49 Coordinate-wise MoM completed 0.000544333946891129
FINISHED 49 Geometric MoM + HT completed 0.0012688749702647328
FINISHED 49 Sample mean completed 1.950003206729889e-05
PROGRESS 242 /1300
FINISHED 49 Random MoM (tilde J=1000) completed 0.42877391702495515
FINISHED 48 Random trimmed mean (tilde J=1000) completed 3.4837393750203773
FINISHED 50 Coordinate-wise MoM completed 0.0004899170016869903
FINISHED 50 Geometric MoM + HT completed 0.001555625000037253
FINISHED 50 Sample mean completed 2.120796125382185e-05
PROGRESS 247 /1300
FINISHED 46 Random trimmed mean (tilde J=1000) completed 28.468837291002274
FINISHED 51 Coordinate-wise MoM completed 0.0005200830055400729
FINISHED 51 Geometric MoM + HT completed 0.0012253329623490572
FINISHED 51 Sample mean completed 1.750001683831215e-05
PROGRESS 251 /1300
FINISHED 49 Random trimmed mean (tilde J=1000) completed 9.51397395809181
FINISHED 52 Coordinate-wise MoM completed 0.0005146670155227184
FINISHED 52 Geometric MoM + HT completed 0.0017072079936042428
FINISHED 52 Sample mean completed 1.8457998521625996e-05
PROGRESS 255 /1300
FINISHED 50 Random MoM (tilde J=1000) completed 9.705687333014794
FINISHED 52 Random MoM (tilde J=1000) completed 13.451554499915801
FINISHED 52 Random trimmed mean (tilde J=1000) completed 10.346947583020665
FINISHED 53 Coordinate-wise MoM completed 0.0005066250450909138
FINISHED 53 Geometric MoM + HT completed 0.001477208104915917
FINISHED 53 Sample mean completed 2.779101487249136e-05
PROGRESS 261 /1300
FINISHED 47 Random trimmed mean (tilde J=1000) completed 74.09976212505717
FINISHED 54 Coordinate-wise MoM completed 0.0007527079433202744
FINISHED 54 Geometric MoM + HT completed 0.0016801669262349606
FINISHED 54 Sample mean completed 3.100000321865082e-05
PROGRESS 265 /1300
FINISHED 54 Random MoM (tilde J=1000) completed 9.999768291017972
FINISHED 53 Random MoM (tilde J=1000) completed 38.08130262501072
PROGRESS 270 /1300
FINISHED 53 Random trimmed mean (tilde J=1000) completed 9.183654165943153
FINISHED 55 Coordinate-wise MoM completed 0.0005090419435873628
FINISHED 55 Geometric MoM + HT completed 0.0010854159481823444
FINISHED 55 Sample mean completed 1.6959034837782383e-05
PROGRESS 271 /1300
FINISHED 55 Random MoM (tilde J=1000) completed 10.334323582937941
FINISHED 51 Random MoM (tilde J=1000) completed 92.35742862499319
PROGRESS 276 /1300
FINISHED 55 Random trimmed mean (tilde J=1000) completed 24.58473733300343
FINISHED 56 Coordinate-wise MoM completed 0.0006195829482749104
FINISHED 56 Geometric MoM + HT completed 0.001540499972179532
FINISHED 56 Sample mean completed 1.8333084881305695e-05
PROGRESS 277 /1300
FINISHED 50 Random trimmed mean (tilde J=1000) completed 122.0175196659984
FINISHED 57 Coordinate-wise MoM completed 0.0005857920041307807
FINISHED 57 Geometric MoM + HT completed 0.002215083106420934
FINISHED 57 Sample mean completed 4.3958076275885105e-05
PROGRESS 281 /1300
FINISHED 57 Random MoM (tilde J=1000) completed 19.761206749943085
PROGRESS 285 /1300
FINISHED 54 Random trimmed mean (tilde J=1000) completed 104.74072291702032
FINISHED 58 Coordinate-wise MoM completed 0.0005203750915825367
FINISHED 58 Geometric MoM + HT completed 0.0013425410725176334
FINISHED 58 Sample mean completed 1.783308107405901e-05
PROGRESS 286 /1300
FINISHED 51 Random trimmed mean (tilde J=1000) completed 75.52403345797211
FINISHED 59 Coordinate-wise MoM completed 0.0005074160872027278
FINISHED 59 Geometric MoM + HT completed 0.001333791995421052
FINISHED 59 Sample mean completed 1.791701652109623e-05
PROGRESS 290 /1300
FINISHED 58 Random MoM (tilde J=1000) completed 17.766544417012483
FINISHED 57 Random trimmed mean (tilde J=1000) completed 29.00215983297676
FINISHED 60 Coordinate-wise MoM completed 0.0004961669910699129
FINISHED 60 Geometric MoM + HT completed 0.0011198329739272594
FINISHED 60 Sample mean completed 1.7124926671385765e-05
PROGRESS 298 /1300
FINISHED 56 Random MoM (tilde J=1000) completed 70.57357995898928
FINISHED 56 Random trimmed mean (tilde J=1000) completed 0.8621201670030132
FINISHED 61 Coordinate-wise MoM completed 0.0005022919503971934
FINISHED 61 Geometric MoM + HT completed 0.0013622919796034694
FINISHED 61 Sample mean completed 1.7791055142879486e-05
PROGRESS 300 /1300
FINISHED 60 Random MoM (tilde J=1000) completed 6.0498820000793785
PROGRESS 304 /1300
FINISHED 59 Random MoM (tilde J=1000) completed 67.05807458399795
PROGRESS 305 /1300
FINISHED 59 Random trimmed mean (tilde J=1000) completed 6.54353958403226
FINISHED 62 Coordinate-wise MoM completed 0.000899416976608336
FINISHED 62 Geometric MoM + HT completed 0.002259249915368855
FINISHED 62 Sample mean completed 2.804095856845379e-05
PROGRESS 306 /1300
FINISHED 61 Random MoM (tilde J=1000) completed 68.35527737496886
FINISHED 62 Random MoM (tilde J=1000) completed 25.051398459007032
PROGRESS 311 /1300
FINISHED 61 Random trimmed mean (tilde J=1000) completed 44.158945499919355
FINISHED 63 Coordinate-wise MoM completed 0.0007779999868944287
FINISHED 63 Geometric MoM + HT completed 0.0026953330961987376
FINISHED 63 Sample mean completed 3.8209022022783756e-05
PROGRESS 312 /1300
FINISHED 60 Random trimmed mean (tilde J=1000) completed 117.01047841692343
FINISHED 64 Coordinate-wise MoM completed 0.0011587920598685741
FINISHED 64 Geometric MoM + HT completed 0.00235333398450166
FINISHED 64 Sample mean completed 4.187505692243576e-05
PROGRESS 316 /1300
FINISHED 64 Random MoM (tilde J=1000) completed 2.555079040932469
FINISHED 62 Random trimmed mean (tilde J=1000) completed 39.14889695798047
FINISHED 65 Coordinate-wise MoM completed 0.0005877079674974084
FINISHED 65 Geometric MoM + HT completed 0.0014034579508006573
FINISHED 65 Sample mean completed 3.645801916718483e-05
PROGRESS 321 /1300
FINISHED 65 Random MoM (tilde J=1000) completed 8.035041749943048
FINISHED 63 Random MoM (tilde J=1000) completed 34.61810062499717
PROGRESS 326 /1300
PROGRESS 326 /1300
FINISHED 64 Random trimmed mean (tilde J=1000) completed 67.32467637502123
FINISHED 66 Coordinate-wise MoM completed 0.000900292070582509
FINISHED 66 Geometric MoM + HT completed 0.0019722500583156943
FINISHED 66 Sample mean completed 3.175006713718176e-05
PROGRESS 327 /1300
PROGRESS 330 /1300
FINISHED 66 Random MoM (tilde J=1000) completed 43.38014312507585
PROGRESS 331 /1300
FINISHED 65 Random trimmed mean (tilde J=1000) completed 125.59559658402577
FINISHED 67 Coordinate-wise MoM completed 0.0006230840226635337
FINISHED 67 Geometric MoM + HT completed 0.0017404580721631646
FINISHED 67 Sample mean completed 2.1292013116180897e-05
PROGRESS 332 /1300
FINISHED 67 Random MoM (tilde J=1000) completed 14.765652041998692
PROGRESS 336 /1300
PROGRESS 336 /1300
FINISHED 66 Random trimmed mean (tilde J=1000) completed 98.34122741699684
FINISHED 68 Coordinate-wise MoM completed 0.0005936670349910855
FINISHED 68 Geometric MoM + HT completed 0.0012549590319395065
FINISHED 68 Sample mean completed 2.0124949514865875e-05
PROGRESS 337 /1300
FINISHED 68 Random MoM (tilde J=1000) completed 11.082705624983646
FINISHED 63 Random trimmed mean (tilde J=1000) completed 211.497840374941
FINISHED 69 Coordinate-wise MoM completed 0.000514750019647181
FINISHED 69 Geometric MoM + HT completed 0.0015699579380452633
FINISHED 69 Sample mean completed 1.995800994336605e-05
PROGRESS 342 /1300
FINISHED 69 Random MoM (tilde J=1000) completed 1.0289307080674917
FINISHED 58 Random trimmed mean (tilde J=1000) completed 364.0951166249579
FINISHED 70 Coordinate-wise MoM completed 0.0010064579546451569
FINISHED 70 Geometric MoM + HT completed 0.0023955830838531256
FINISHED 70 Sample mean completed 2.8250040486454964e-05
PROGRESS 347 /1300
FINISHED 69 Random trimmed mean (tilde J=1000) completed 9.243879583082162
FINISHED 71 Coordinate-wise MoM completed 0.0004968750290572643
FINISHED 71 Geometric MoM + HT completed 0.0010630410397425294
FINISHED 71 Sample mean completed 1.7208978533744812e-05
PROGRESS 351 /1300
FINISHED 71 Random MoM (tilde J=1000) completed 6.2494047079235315
FINISHED 70 Random MoM (tilde J=1000) completed 26.888780915993266
FINISHED 70 Random trimmed mean (tilde J=1000) completed 1.6887642500223592
FINISHED 72 Coordinate-wise MoM completed 0.0005262090126052499
FINISHED 72 Geometric MoM + HT completed 0.0012072920799255371
FINISHED 72 Sample mean completed 1.7958926036953926e-05
PROGRESS 357 /1300
FINISHED 68 Random trimmed mean (tilde J=1000) completed 52.64428812498227
FINISHED 73 Coordinate-wise MoM completed 0.0004929170245304704
FINISHED 73 Geometric MoM + HT completed 0.0013557090424001217
FINISHED 73 Sample mean completed 1.7542042769491673e-05
PROGRESS 361 /1300
FINISHED 73 Random MoM (tilde J=1000) completed 12.390538459061645
FINISHED 71 Random trimmed mean (tilde J=1000) completed 38.10689191694837
FINISHED 74 Coordinate-wise MoM completed 0.0004957920173183084
FINISHED 74 Geometric MoM + HT completed 0.0011674999259412289
FINISHED 74 Sample mean completed 1.8124934285879135e-05
PROGRESS 366 /1300
FINISHED 74 Random MoM (tilde J=1000) completed 9.09152995806653
FINISHED 72 Random MoM (tilde J=1000) completed 38.35520233307034
PROGRESS 371 /1300
FINISHED 72 Random trimmed mean (tilde J=1000) completed 31.744054499897175
FINISHED 75 Coordinate-wise MoM completed 0.0004888749681413174
FINISHED 75 Geometric MoM + HT completed 0.0016991670709103346
FINISHED 75 Sample mean completed 1.7541926354169846e-05
PROGRESS 372 /1300
FINISHED 74 Random trimmed mean (tilde J=1000) completed 50.86076954193413
FINISHED 76 Coordinate-wise MoM completed 0.0005086659220978618
FINISHED 76 Geometric MoM + HT completed 0.0011214999249204993
FINISHED 76 Sample mean completed 1.7749960534274578e-05
PROGRESS 376 /1300
FINISHED 76 Random MoM (tilde J=1000) completed 5.5029218749841675
FINISHED 75 Random MoM (tilde J=1000) completed 20.89676945807878
FINISHED 67 Random trimmed mean (tilde J=1000) completed 209.79408712498844
FINISHED 77 Coordinate-wise MoM completed 0.0004959580255672336
FINISHED 77 Geometric MoM + HT completed 0.0014871670864522457
FINISHED 77 Sample mean completed 1.720909494906664e-05
PROGRESS 382 /1300
PROGRESS 385 /1300
PROGRESS 385 /1300
FINISHED 77 Random MoM (tilde J=1000) completed 78.82332141709048
FINISHED 76 Random trimmed mean (tilde J=1000) completed 84.93485004198737
FINISHED 78 Coordinate-wise MoM completed 0.000517625012435019
FINISHED 78 Geometric MoM + HT completed 0.0011964580044150352
FINISHED 78 Sample mean completed 1.7874990589916706e-05
PROGRESS 387 /1300
FINISHED 77 Random trimmed mean (tilde J=1000) completed 8.28775716596283
FINISHED 79 Coordinate-wise MoM completed 0.0005603749305009842
FINISHED 79 Geometric MoM + HT completed 0.0012825420126318932
FINISHED 79 Sample mean completed 1.870805863291025e-05
PROGRESS 391 /1300
FINISHED 73 Random trimmed mean (tilde J=1000) completed 175.87619308300782
FINISHED 80 Coordinate-wise MoM completed 0.0004917080514132977
FINISHED 80 Geometric MoM + HT completed 0.0011864580446854234
FINISHED 80 Sample mean completed 1.7542042769491673e-05
PROGRESS 395 /1300
FINISHED 78 Random MoM (tilde J=1000) completed 38.975556042045355
PROGRESS 399 /1300
FINISHED 80 Random MoM (tilde J=1000) completed 35.44893554097507
FINISHED 78 Random trimmed mean (tilde J=1000) completed 18.095824209041893
FINISHED 81 Coordinate-wise MoM completed 0.0005128339398652315
FINISHED 81 Geometric MoM + HT completed 0.0015005420427769423
FINISHED 81 Sample mean completed 1.77919864654541e-05
PROGRESS 401 /1300
FINISHED 81 Random MoM (tilde J=1000) completed 0.4912388330558315
FINISHED 81 Random trimmed mean (tilde J=1000) completed 22.339313374948688
FINISHED 82 Coordinate-wise MoM completed 0.0004949170397594571
FINISHED 82 Geometric MoM + HT completed 0.0011539589613676071
FINISHED 82 Sample mean completed 1.7542042769491673e-05
PROGRESS 406 /1300
FINISHED 82 Random MoM (tilde J=1000) completed 10.447611917043105
FINISHED 79 Random MoM (tilde J=1000) completed 84.21626912499778
PROGRESS 411 /1300
FINISHED 79 Random trimmed mean (tilde J=1000) completed 34.97516687493771
FINISHED 83 Coordinate-wise MoM completed 0.0005097499815747142
FINISHED 83 Geometric MoM + HT completed 0.0015802079578861594
FINISHED 83 Sample mean completed 1.820793841034174e-05
PROGRESS 412 /1300
FINISHED 83 Random MoM (tilde J=1000) completed 7.532589792041108
FINISHED 83 Random trimmed mean (tilde J=1000) completed 2.3729967089602724
FINISHED 84 Coordinate-wise MoM completed 0.0005753750447183847
FINISHED 84 Geometric MoM + HT completed 0.00132883305195719
FINISHED 84 Sample mean completed 1.8541933968663216e-05
PROGRESS 417 /1300
FINISHED 84 Random MoM (tilde J=1000) completed 16.52033620805014
FINISHED 84 Random trimmed mean (tilde J=1000) completed 8.322093166061677
FINISHED 85 Coordinate-wise MoM completed 0.0005174999823793769
FINISHED 85 Geometric MoM + HT completed 0.001343625015579164
FINISHED 85 Sample mean completed 1.7750076949596405e-05
PROGRESS 422 /1300
FINISHED 80 Random trimmed mean (tilde J=1000) completed 115.80352170800325
FINISHED 86 Coordinate-wise MoM completed 0.0004888750845566392
FINISHED 86 Geometric MoM + HT completed 0.0010801659664139152
FINISHED 86 Sample mean completed 1.758395228534937e-05
PROGRESS 426 /1300
FINISHED 85 Random MoM (tilde J=1000) completed 10.6316934999777
FINISHED 86 Random MoM (tilde J=1000) completed 8.490946083911695
PROGRESS 431 /1300
FINISHED 82 Random trimmed mean (tilde J=1000) completed 131.18841983296443
FINISHED 87 Coordinate-wise MoM completed 0.0005162080051377416
FINISHED 87 Geometric MoM + HT completed 0.0014765829546377063
FINISHED 87 Sample mean completed 1.7958926036953926e-05
PROGRESS 432 /1300
FINISHED 85 Random trimmed mean (tilde J=1000) completed 55.975674082990736
FINISHED 88 Coordinate-wise MoM completed 0.0005113750230520964
FINISHED 88 Geometric MoM + HT completed 0.0013739160494878888
FINISHED 88 Sample mean completed 1.7125043086707592e-05
PROGRESS 436 /1300
FINISHED 87 Random MoM (tilde J=1000) completed 8.024843707913533
FINISHED 88 Random MoM (tilde J=1000) completed 21.921601334004663
PROGRESS 441 /1300
FINISHED 75 Random trimmed mean (tilde J=1000) completed 357.1914863749407
FINISHED 89 Coordinate-wise MoM completed 0.000505249947309494
FINISHED 89 Geometric MoM + HT completed 0.0012667500413954258
FINISHED 89 Sample mean completed 1.7833895981311798e-05
PROGRESS 442 /1300
FINISHED 86 Random trimmed mean (tilde J=1000) completed 106.57731320802122
FINISHED 90 Coordinate-wise MoM completed 0.0004993330221623182
FINISHED 90 Geometric MoM + HT completed 0.00114883400965482
FINISHED 90 Sample mean completed 4.8874993808567524e-05
PROGRESS 446 /1300
FINISHED 90 Random MoM (tilde J=1000) completed 2.2277480420889333
FINISHED 87 Random trimmed mean (tilde J=1000) completed 62.97361179208383
FINISHED 91 Coordinate-wise MoM completed 0.0004986659623682499
FINISHED 91 Geometric MoM + HT completed 0.0011416251072660089
FINISHED 91 Sample mean completed 1.720909494906664e-05
PROGRESS 451 /1300
FINISHED 91 Random MoM (tilde J=1000) completed 10.919304292066954
PROGRESS 455 /1300
FINISHED 90 Random trimmed mean (tilde J=1000) completed 43.928838124964386
FINISHED 92 Coordinate-wise MoM completed 0.0005010419990867376
FINISHED 92 Geometric MoM + HT completed 0.0019290830241516232
FINISHED 92 Sample mean completed 4.3625012040138245e-05
PROGRESS 456 /1300
FINISHED 88 Random trimmed mean (tilde J=1000) completed 83.56221087509766
FINISHED 93 Coordinate-wise MoM completed 0.0005024579586461186
FINISHED 93 Geometric MoM + HT completed 0.0015760830137878656
FINISHED 93 Sample mean completed 1.8000020645558834e-05
PROGRESS 460 /1300
FINISHED 93 Random MoM (tilde J=1000) completed 5.4897917920025066
FINISHED 92 Random MoM (tilde J=1000) completed 15.283233291003853
FINISHED 91 Random trimmed mean (tilde J=1000) completed 43.516006291960366
FINISHED 94 Coordinate-wise MoM completed 0.0004643340362235904
FINISHED 94 Geometric MoM + HT completed 0.0010935839964076877
FINISHED 94 Sample mean completed 1.625006552785635e-05
PROGRESS 466 /1300
FINISHED 92 Random trimmed mean (tilde J=1000) completed 15.910259541939013
FINISHED 95 Coordinate-wise MoM completed 0.0005072500789538026
FINISHED 95 Geometric MoM + HT completed 0.0011438749497756362
FINISHED 95 Sample mean completed 1.8000020645558834e-05
PROGRESS 470 /1300
FINISHED 89 Random MoM (tilde J=1000) completed 90.72087054105941
FINISHED 95 Random MoM (tilde J=1000) completed 13.147127583040856
PROGRESS 475 /1300
PROGRESS 475 /1300
FINISHED 95 Random trimmed mean (tilde J=1000) completed 58.55623841600027
FINISHED 96 Coordinate-wise MoM completed 0.00048604095354676247
FINISHED 96 Geometric MoM + HT completed 0.0010777079733088613
FINISHED 96 Sample mean completed 1.7333077266812325e-05
PROGRESS 476 /1300
FINISHED 96 Random MoM (tilde J=1000) completed 2.426950791035779
FINISHED 94 Random MoM (tilde J=1000) completed 106.68607812502887
PROGRESS 481 /1300
FINISHED 94 Random trimmed mean (tilde J=1000) completed 10.906193832983263
FINISHED 97 Coordinate-wise MoM completed 0.00050445890519768
FINISHED 97 Geometric MoM + HT completed 0.00159016705583781
FINISHED 97 Sample mean completed 2.133403904736042e-05
PROGRESS 482 /1300
FINISHED 93 Random trimmed mean (tilde J=1000) completed 130.31898395798635
FINISHED 98 Coordinate-wise MoM completed 0.0005186249036341906
FINISHED 98 Geometric MoM + HT completed 0.0014639159198850393
FINISHED 98 Sample mean completed 1.825008075684309e-05
PROGRESS 486 /1300
FINISHED 96 Random trimmed mean (tilde J=1000) completed 47.878583917045034
FINISHED 99 Coordinate-wise MoM completed 0.0004950000438839197
FINISHED 99 Geometric MoM + HT completed 0.0013270409544929862
FINISHED 99 Sample mean completed 1.725007314234972e-05
PROGRESS 490 /1300
FINISHED 98 Random MoM (tilde J=1000) completed 21.275292166974396
FINISHED 99 Random MoM (tilde J=1000) completed 16.24441562499851
PROGRESS 495 /1300
FINISHED 89 Random trimmed mean (tilde J=1000) completed 159.67548516695388
PROGRESS 496 /1300
FINISHED 99 Random trimmed mean (tilde J=1000) completed 42.84109941602219
PROGRESS 497 /1300
FINISHED 98 Random trimmed mean (tilde J=1000) completed 77.74277679203078
PROGRESS 498 /1300
FINISHED 97 Random MoM (tilde J=1000) completed 106.82961041701492
FINISHED 97 Random trimmed mean (tilde J=1000) completed 19.623980625066906
PROGRESS 500 /1300
PROGRESS 500 /1300
PROGRESS 500 /1300
PROGRESS 500 /1300
PROGRESS 500 /1300
PROGRESS 500 /1300
FINISHED 2 Projected Algorithm 1 (LS) completed 190.04721241700463
PROGRESS 501 /1300
FINISHED 0 Projected Algorithm 1 (LS) completed 271.8352178330533
PROGRESS 502 /1300
PROGRESS 502 /1300
PROGRESS 502 /1300
PROGRESS 502 /1300
PROGRESS 502 /1300
FINISHED 2 Projected Algorithm 1 (max) completed 189.80004358303268
PROGRESS 503 /1300
PROGRESS 503 /1300
PROGRESS 503 /1300
PROGRESS 503 /1300
FINISHED 0 Projected Algorithm 1 (max) completed 270.4896708750166
PROGRESS 504 /1300
PROGRESS 504 /1300
PROGRESS 504 /1300
PROGRESS 504 /1300
PROGRESS 504 /1300
PROGRESS 504 /1300
PROGRESS 504 /1300
PROGRESS 504 /1300
PROGRESS 504 /1300
FINISHED 4 Projected Algorithm 1 (LS) completed 381.09754054108635
PROGRESS 505 /1300
PROGRESS 505 /1300
PROGRESS 505 /1300
PROGRESS 505 /1300
PROGRESS 505 /1300
PROGRESS 505 /1300
PROGRESS 505 /1300
PROGRESS 505 /1300
PROGRESS 505 /1300
PROGRESS 505 /1300
PROGRESS 505 /1300
PROGRESS 505 /1300
PROGRESS 505 /1300
FINISHED 4 Projected Algorithm 1 (max) completed 381.21880595805123
PROGRESS 506 /1300
PROGRESS 506 /1300
PROGRESS 506 /1300
PROGRESS 506 /1300
PROGRESS 506 /1300
PROGRESS 506 /1300
PROGRESS 506 /1300
PROGRESS 506 /1300
PROGRESS 506 /1300
PROGRESS 506 /1300
PROGRESS 506 /1300
FINISHED 6 Projected Algorithm 1 (LS) completed 306.6536797499284
PROGRESS 507 /1300
PROGRESS 507 /1300
PROGRESS 507 /1300
PROGRESS 507 /1300
PROGRESS 507 /1300
PROGRESS 507 /1300
PROGRESS 507 /1300
PROGRESS 507 /1300
PROGRESS 507 /1300
PROGRESS 507 /1300
FINISHED 6 Projected Algorithm 1 (max) completed 304.52176795795094
PROGRESS 508 /1300
PROGRESS 508 /1300
PROGRESS 508 /1300
PROGRESS 508 /1300
PROGRESS 508 /1300
PROGRESS 508 /1300
FINISHED 3 Projected Algorithm 1 (LS) completed 1902.0422229999676
PROGRESS 509 /1300
PROGRESS 509 /1300
PROGRESS 509 /1300
PROGRESS 509 /1300
PROGRESS 509 /1300
PROGRESS 509 /1300
PROGRESS 509 /1300
PROGRESS 509 /1300
PROGRESS 509 /1300
PROGRESS 509 /1300
PROGRESS 509 /1300
PROGRESS 509 /1300
PROGRESS 509 /1300
PROGRESS 509 /1300
PROGRESS 509 /1300
PROGRESS 509 /1300
PROGRESS 509 /1300
PROGRESS 509 /1300
PROGRESS 509 /1300
PROGRESS 509 /1300
PROGRESS 509 /1300
PROGRESS 509 /1300
PROGRESS 509 /1300
PROGRESS 509 /1300
PROGRESS 509 /1300
PROGRESS 509 /1300
PROGRESS 509 /1300
PROGRESS 509 /1300
PROGRESS 509 /1300
PROGRESS 509 /1300
PROGRESS 509 /1300
PROGRESS 509 /1300
PROGRESS 509 /1300
PROGRESS 509 /1300
PROGRESS 509 /1300
PROGRESS 509 /1300
PROGRESS 509 /1300
PROGRESS 509 /1300
PROGRESS 509 /1300
FINISHED 1 Projected Algorithm 1 (LS) completed 3127.906610750011
PROGRESS 510 /1300
PROGRESS 510 /1300
PROGRESS 510 /1300
PROGRESS 510 /1300
PROGRESS 510 /1300
PROGRESS 510 /1300
PROGRESS 510 /1300
PROGRESS 510 /1300
PROGRESS 510 /1300
PROGRESS 510 /1300
PROGRESS 510 /1300
PROGRESS 510 /1300
PROGRESS 510 /1300
PROGRESS 510 /1300
PROGRESS 510 /1300
PROGRESS 510 /1300
PROGRESS 510 /1300
PROGRESS 510 /1300
PROGRESS 510 /1300
PROGRESS 510 /1300
PROGRESS 510 /1300
PROGRESS 510 /1300
PROGRESS 510 /1300
PROGRESS 510 /1300
PROGRESS 510 /1300
PROGRESS 510 /1300
PROGRESS 510 /1300
PROGRESS 510 /1300
PROGRESS 510 /1300
PROGRESS 510 /1300
PROGRESS 510 /1300
PROGRESS 510 /1300
PROGRESS 510 /1300
PROGRESS 510 /1300
PROGRESS 510 /1300
PROGRESS 510 /1300
PROGRESS 510 /1300
FINISHED 7 Projected Algorithm 1 (LS) completed 2445.655463791918
PROGRESS 511 /1300
PROGRESS 511 /1300
PROGRESS 511 /1300
PROGRESS 511 /1300
PROGRESS 511 /1300
PROGRESS 511 /1300
PROGRESS 511 /1300
PROGRESS 511 /1300
PROGRESS 511 /1300
PROGRESS 511 /1300
PROGRESS 511 /1300
PROGRESS 511 /1300
PROGRESS 511 /1300
PROGRESS 511 /1300
PROGRESS 511 /1300
FINISHED 3 Projected Algorithm 1 (max) completed 2739.4629734999035
PROGRESS 512 /1300
PROGRESS 512 /1300
PROGRESS 512 /1300
PROGRESS 512 /1300
PROGRESS 512 /1300
PROGRESS 512 /1300
PROGRESS 512 /1300
PROGRESS 512 /1300
PROGRESS 512 /1300
PROGRESS 512 /1300
PROGRESS 512 /1300
PROGRESS 512 /1300
FINISHED 8 Projected Algorithm 1 (LS) completed 330.9809732499998
PROGRESS 513 /1300
PROGRESS 513 /1300
PROGRESS 513 /1300
PROGRESS 513 /1300
PROGRESS 513 /1300
PROGRESS 513 /1300
PROGRESS 513 /1300
PROGRESS 513 /1300
PROGRESS 513 /1300
PROGRESS 513 /1300
PROGRESS 513 /1300
FINISHED 8 Projected Algorithm 1 (max) completed 340.84595237497706
PROGRESS 514 /1300
PROGRESS 514 /1300
PROGRESS 514 /1300
PROGRESS 514 /1300
PROGRESS 514 /1300
PROGRESS 514 /1300
PROGRESS 514 /1300
PROGRESS 514 /1300
PROGRESS 514 /1300
PROGRESS 514 /1300
PROGRESS 514 /1300
PROGRESS 514 /1300
PROGRESS 514 /1300
PROGRESS 514 /1300
PROGRESS 514 /1300
PROGRESS 514 /1300
PROGRESS 514 /1300
PROGRESS 514 /1300
PROGRESS 514 /1300
PROGRESS 514 /1300
PROGRESS 514 /1300
PROGRESS 514 /1300
PROGRESS 514 /1300
PROGRESS 514 /1300
PROGRESS 514 /1300
PROGRESS 514 /1300
PROGRESS 514 /1300
PROGRESS 514 /1300
PROGRESS 514 /1300
PROGRESS 514 /1300
PROGRESS 514 /1300
PROGRESS 514 /1300
PROGRESS 514 /1300
PROGRESS 514 /1300
PROGRESS 514 /1300
PROGRESS 514 /1300
PROGRESS 514 /1300
PROGRESS 514 /1300
PROGRESS 514 /1300
FINISHED 7 Projected Algorithm 1 (max) completed 2281.8324637500336
PROGRESS 515 /1300
PROGRESS 515 /1300
PROGRESS 515 /1300
PROGRESS 515 /1300
PROGRESS 515 /1300
PROGRESS 515 /1300
PROGRESS 515 /1300
PROGRESS 515 /1300
PROGRESS 515 /1300
PROGRESS 515 /1300
PROGRESS 515 /1300
PROGRESS 515 /1300
FINISHED 9 Projected Algorithm 1 (LS) completed 1478.8867756669642
PROGRESS 516 /1300
PROGRESS 516 /1300
PROGRESS 516 /1300
PROGRESS 516 /1300
PROGRESS 516 /1300
PROGRESS 516 /1300
PROGRESS 516 /1300
PROGRESS 516 /1300
PROGRESS 516 /1300
PROGRESS 516 /1300
PROGRESS 516 /1300
FINISHED 1 Projected Algorithm 1 (max) completed 4039.317929666955
PROGRESS 517 /1300
PROGRESS 517 /1300
PROGRESS 517 /1300
PROGRESS 517 /1300
FINISHED 10 Projected Algorithm 1 (LS) completed 762.7923488329398
PROGRESS 518 /1300
PROGRESS 518 /1300
PROGRESS 518 /1300
PROGRESS 518 /1300
PROGRESS 518 /1300
PROGRESS 518 /1300
PROGRESS 518 /1300
PROGRESS 518 /1300
PROGRESS 518 /1300
PROGRESS 518 /1300
PROGRESS 518 /1300
PROGRESS 518 /1300
PROGRESS 518 /1300
PROGRESS 518 /1300
PROGRESS 518 /1300
PROGRESS 518 /1300
PROGRESS 518 /1300
PROGRESS 518 /1300
PROGRESS 518 /1300
PROGRESS 518 /1300
PROGRESS 518 /1300
PROGRESS 518 /1300
PROGRESS 518 /1300
PROGRESS 518 /1300
PROGRESS 518 /1300
FINISHED 10 Projected Algorithm 1 (max) completed 750.1799346249318
PROGRESS 519 /1300
FINISHED 9 Projected Algorithm 1 (max) completed 1199.2095739169745
PROGRESS 520 /1300
PROGRESS 520 /1300
PROGRESS 520 /1300
PROGRESS 520 /1300
PROGRESS 520 /1300
PROGRESS 520 /1300
PROGRESS 520 /1300
PROGRESS 520 /1300
PROGRESS 520 /1300
PROGRESS 520 /1300
PROGRESS 520 /1300
PROGRESS 520 /1300
PROGRESS 520 /1300
PROGRESS 520 /1300
PROGRESS 520 /1300
PROGRESS 520 /1300
PROGRESS 520 /1300
PROGRESS 520 /1300
FINISHED 13 Projected Algorithm 1 (LS) completed 533.7320143750403
PROGRESS 521 /1300
PROGRESS 521 /1300
PROGRESS 521 /1300
PROGRESS 521 /1300
PROGRESS 521 /1300
PROGRESS 521 /1300
PROGRESS 521 /1300
PROGRESS 521 /1300
PROGRESS 521 /1300
PROGRESS 521 /1300
PROGRESS 521 /1300
PROGRESS 521 /1300
PROGRESS 521 /1300
PROGRESS 521 /1300
PROGRESS 521 /1300
PROGRESS 521 /1300
PROGRESS 521 /1300
PROGRESS 521 /1300
FINISHED 13 Projected Algorithm 1 (max) completed 537.0269800829701
PROGRESS 522 /1300
PROGRESS 522 /1300
PROGRESS 522 /1300
PROGRESS 522 /1300
PROGRESS 522 /1300
PROGRESS 522 /1300
PROGRESS 522 /1300
PROGRESS 522 /1300
PROGRESS 522 /1300
FINISHED 14 Projected Algorithm 1 (LS) completed 270.3776136660017
PROGRESS 523 /1300
PROGRESS 523 /1300
PROGRESS 523 /1300
PROGRESS 523 /1300
PROGRESS 523 /1300
PROGRESS 523 /1300
PROGRESS 523 /1300
PROGRESS 523 /1300
PROGRESS 523 /1300
PROGRESS 523 /1300
PROGRESS 523 /1300
FINISHED 14 Projected Algorithm 1 (max) completed 302.19507583405357
PROGRESS 524 /1300
PROGRESS 524 /1300
PROGRESS 524 /1300
PROGRESS 524 /1300
PROGRESS 524 /1300
