running 600 / 700
START 0 haar_r5_j20_ls
START 1 haar_r5_j20_ls
START 2 haar_r5_j20_ls
START 3 haar_r5_j20_ls
PROGRESS 600 / 700
FINISHED 2 haar_r5_j20_ls completed 4.929988
FINISHED 1 haar_r5_j20_ls completed 5.824639
START 4 haar_r5_j20_ls
START 5 haar_r5_j20_ls
FINISHED 3 haar_r5_j20_ls completed 6.313467
PROGRESS 602 / 700
START 6 haar_r5_j20_ls
PROGRESS 603 / 700
FINISHED 4 haar_r5_j20_ls completed 5.01644
FINISHED 0 haar_r5_j20_ls completed 12.379907
FINISHED 5 haar_r5_j20_ls completed 5.964023
START 7 haar_r5_j20_ls
START 8 haar_r5_j20_ls
START 9 haar_r5_j20_ls
PROGRESS 606 / 700
FINISHED 6 haar_r5_j20_ls completed 8.330212
START 10 haar_r5_j20_ls
PROGRESS 607 / 700
FINISHED 8 haar_r5_j20_ls completed 6.567751
START 11 haar_r5_j20_ls
PROGRESS 608 / 700
FINISHED 7 haar_r5_j20_ls completed 8.809149
FINISHED 9 haar_r5_j20_ls completed 9.068627
START 12 haar_r5_j20_ls
START 13 haar_r5_j20_ls
PROGRESS 610 / 700
FINISHED 10 haar_r5_j20_ls completed 7.643776
running 610 / 700
FINISHED 13 haar_r5_j20_ls completed 4.397223
FINISHED 11 haar_r5_j20_ls completed 7.644749
START 14 haar_r5_j20_ls
START 15 haar_r5_j20_ls
START 16 haar_r5_j20_ls
PROGRESS 613 / 700
FINISHED 12 haar_r5_j20_ls completed 8.666286
START 17 haar_r5_j20_ls
FINISHED 16 haar_r5_j20_ls completed 4.289535
FINISHED 14 haar_r5_j20_ls completed 4.667212
PROGRESS 614 / 700
START 18 haar_r5_j20_ls
START 19 haar_r5_j20_ls
PROGRESS 616 / 700
FINISHED 15 haar_r5_j20_ls completed 9.42944
START 20 haar_r5_j20_ls
PROGRESS 617 / 700
FINISHED 17 haar_r5_j20_ls completed 6.00594
FINISHED 19 haar_r5_j20_ls completed 3.32896
START 21 haar_r5_j20_ls
START 22 haar_r5_j20_ls
FINISHED 18 haar_r5_j20_ls completed 5.220472
PROGRESS 619 / 700
START 23 haar_r5_j20_ls
PROGRESS 620 / 700
running 620 / 700
FINISHED 22 haar_r5_j20_ls completed 6.284515
FINISHED 20 haar_r5_j20_ls completed 9.247728
START 24 haar_r5_j20_ls
START 25 haar_r5_j20_ls
PROGRESS 622 / 700
FINISHED 21 haar_r5_j20_ls completed 10.135647
START 26 haar_r5_j20_ls
PROGRESS 623 / 700
FINISHED 23 haar_r5_j20_ls completed 10.056946
START 27 haar_r5_j20_ls
PROGRESS 624 / 700
FINISHED 25 haar_r5_j20_ls completed 5.875172
FINISHED 24 haar_r5_j20_ls completed 6.545295
START 28 haar_r5_j20_ls
START 29 haar_r5_j20_ls
PROGRESS 626 / 700
FINISHED 27 haar_r5_j20_ls completed 5.51715
FINISHED 26 haar_r5_j20_ls completed 8.859456
START 30 haar_r5_j20_ls
START 31 haar_r5_j20_ls
PROGRESS 628 / 700
FINISHED 28 haar_r5_j20_ls completed 8.234614
FINISHED 31 haar_r5_j20_ls completed 3.828696
FINISHED 29 haar_r5_j20_ls completed 8.956536
START 32 haar_r5_j20_ls
START 33 haar_r5_j20_ls
START 34 haar_r5_j20_ls
PROGRESS 631 / 700
FINISHED 30 haar_r5_j20_ls completed 6.559496
running 631 / 700
FINISHED 32 haar_r5_j20_ls completed 3.309282
START 35 haar_r5_j20_ls
START 36 haar_r5_j20_ls
FINISHED 34 haar_r5_j20_ls completed 5.388065
PROGRESS 633 / 700
START 37 haar_r5_j20_ls
PROGRESS 634 / 700
FINISHED 36 haar_r5_j20_ls completed 4.819933
FINISHED 33 haar_r5_j20_ls completed 10.53135
START 38 haar_r5_j20_ls
START 39 haar_r5_j20_ls
PROGRESS 636 / 700
FINISHED 37 haar_r5_j20_ls completed 6.747843
START 40 haar_r5_j20_ls
FINISHED 35 haar_r5_j20_ls completed 10.149326
FINISHED 38 haar_r5_j20_ls completed 4.669503
PROGRESS 637 / 700
FINISHED 39 haar_r5_j20_ls completed 6.213883
START 41 haar_r5_j20_ls
START 42 haar_r5_j20_ls
START 43 haar_r5_j20_ls
PROGRESS 640 / 700
running 640 / 700
FINISHED 42 haar_r5_j20_ls completed 5.209834
FINISHED 40 haar_r5_j20_ls completed 9.491366
START 44 haar_r5_j20_ls
START 45 haar_r5_j20_ls
FINISHED 43 haar_r5_j20_ls completed 7.677825
PROGRESS 642 / 700
FINISHED 41 haar_r5_j20_ls completed 9.021065
START 46 haar_r5_j20_ls
START 47 haar_r5_j20_ls
PROGRESS 644 / 700
FINISHED 45 haar_r5_j20_ls completed 6.328186
START 48 haar_r5_j20_ls
PROGRESS 645 / 700
FINISHED 44 haar_r5_j20_ls completed 9.252738
START 49 haar_r5_j20_ls
PROGRESS 646 / 700
FINISHED 48 haar_r5_j20_ls completed 3.793729
FINISHED 46 haar_r5_j20_ls completed 9.751282
START 50 haar_r5_j20_ls
START 51 haar_r5_j20_ls
PROGRESS 648 / 700
FINISHED 47 haar_r5_j20_ls completed 11.438136
START 52 haar_r5_j20_ls
PROGRESS 649 / 700
FINISHED 51 haar_r5_j20_ls completed 3.799931
START 53 haar_r5_j20_ls
FINISHED 49 haar_r5_j20_ls completed 8.886124
PROGRESS 650 / 700
running 651 / 700
FINISHED 50 haar_r5_j20_ls completed 9.455196
START 54 haar_r5_j20_ls
START 55 haar_r5_j20_ls
FINISHED 52 haar_r5_j20_ls completed 8.990106
PROGRESS 652 / 700
START 56 haar_r5_j20_ls
PROGRESS 653 / 700
FINISHED 53 haar_r5_j20_ls completed 10.828589
START 57 haar_r5_j20_ls
PROGRESS 654 / 700
FINISHED 57 haar_r5_j20_ls completed 4.467529
FINISHED 55 haar_r5_j20_ls completed 11.19226
FINISHED 56 haar_r5_j20_ls completed 8.630502
FINISHED 54 haar_r5_j20_ls completed 12.12893
START 58 haar_r5_j20_ls
START 59 haar_r5_j20_ls
START 60 haar_r5_j20_ls
START 61 haar_r5_j20_ls
PROGRESS 658 / 700
FINISHED 59 haar_r5_j20_ls completed 8.552612
FINISHED 58 haar_r5_j20_ls completed 8.852852
FINISHED 61 haar_r5_j20_ls completed 8.886781
FINISHED 60 haar_r5_j20_ls completed 8.950639
START 62 haar_r5_j20_ls
START 63 haar_r5_j20_ls
START 64 haar_r5_j20_ls
START 65 haar_r5_j20_ls
PROGRESS 662 / 700
running 662 / 700
FINISHED 62 haar_r5_j20_ls completed 5.694064
START 66 haar_r5_j20_ls
PROGRESS 663 / 700
FINISHED 63 haar_r5_j20_ls completed 8.722405
FINISHED 64 haar_r5_j20_ls completed 9.305372
START 67 haar_r5_j20_ls
START 68 haar_r5_j20_ls
PROGRESS 665 / 700
FINISHED 65 haar_r5_j20_ls completed 11.280279
START 69 haar_r5_j20_ls
PROGRESS 666 / 700
FINISHED 66 haar_r5_j20_ls completed 7.14258
START 70 haar_r5_j20_ls
PROGRESS 667 / 700
FINISHED 67 haar_r5_j20_ls completed 8.335985
FINISHED 68 haar_r5_j20_ls completed 9.320572
START 71 haar_r5_j20_ls
START 72 haar_r5_j20_ls
PROGRESS 669 / 700
FINISHED 69 haar_r5_j20_ls completed 9.034374
START 73 haar_r5_j20_ls
PROGRESS 670 / 700
FINISHED 70 haar_r5_j20_ls completed 10.394718
running 670 / 700
FINISHED 72 haar_r5_j20_ls completed 6.091642
FINISHED 71 haar_r5_j20_ls completed 7.12701
START 74 haar_r5_j20_ls
START 75 haar_r5_j20_ls
START 76 haar_r5_j20_ls
FINISHED 73 haar_r5_j20_ls completed 5.707755
PROGRESS 673 / 700
START 77 haar_r5_j20_ls
PROGRESS 674 / 700
FINISHED 76 haar_r5_j20_ls completed 6.092283
START 78 haar_r5_j20_ls
PROGRESS 675 / 700
FINISHED 75 haar_r5_j20_ls completed 8.081713
START 79 haar_r5_j20_ls
PROGRESS 676 / 700
FINISHED 74 haar_r5_j20_ls completed 12.641531
FINISHED 77 haar_r5_j20_ls completed 9.836368
START 80 haar_r5_j20_ls
START 81 haar_r5_j20_ls
PROGRESS 678 / 700
FINISHED 79 haar_r5_j20_ls completed 3.710787
START 82 haar_r5_j20_ls
PROGRESS 679 / 700
FINISHED 78 haar_r5_j20_ls completed 10.55726
START 83 haar_r5_j20_ls
PROGRESS 680 / 700
FINISHED 81 haar_r5_j20_ls completed 7.335456
FINISHED 80 haar_r5_j20_ls completed 8.82159
running 681 / 700
START 84 haar_r5_j20_ls
START 85 haar_r5_j20_ls
PROGRESS 682 / 700
FINISHED 83 haar_r5_j20_ls completed 8.217352
START 86 haar_r5_j20_ls
PROGRESS 683 / 700
FINISHED 85 haar_r5_j20_ls completed 6.740932
START 87 haar_r5_j20_ls
PROGRESS 684 / 700
FINISHED 82 haar_r5_j20_ls completed 17.551515
START 88 haar_r5_j20_ls
FINISHED 86 haar_r5_j20_ls completed 5.974904
PROGRESS 685 / 700
FINISHED 84 haar_r5_j20_ls completed 12.333147
START 89 haar_r5_j20_ls
START 90 haar_r5_j20_ls
PROGRESS 687 / 700
FINISHED 87 haar_r5_j20_ls completed 6.877535
START 91 haar_r5_j20_ls
PROGRESS 688 / 700
FINISHED 88 haar_r5_j20_ls completed 10.579778
START 92 haar_r5_j20_ls
PROGRESS 689 / 700
FINISHED 90 haar_r5_j20_ls completed 11.871204
FINISHED 91 haar_r5_j20_ls completed 9.289744
START 93 haar_r5_j20_ls
PROGRESS 691 / 700
FINISHED 89 haar_r5_j20_ls completed 14.398714
running 691 / 700
START 94 haar_r5_j20_ls
START 95 haar_r5_j20_ls
PROGRESS 692 / 700
FINISHED 92 haar_r5_j20_ls completed 12.079645
START 96 haar_r5_j20_ls
FINISHED 93 haar_r5_j20_ls completed 10.538955
PROGRESS 693 / 700
START 97 haar_r5_j20_ls
FINISHED 94 haar_r5_j20_ls completed 7.655885
PROGRESS 694 / 700
START 98 haar_r5_j20_ls
PROGRESS 695 / 700
FINISHED 95 haar_r5_j20_ls completed 12.47907
START 99 haar_r5_j20_ls
PROGRESS 696 / 700
FINISHED 97 haar_r5_j20_ls completed 8.252346
FINISHED 96 haar_r5_j20_ls completed 11.715448
FINISHED 98 haar_r5_j20_ls completed 7.074133
PROGRESS 699 / 700
FINISHED 99 haar_r5_j20_ls completed 6.492954
PROGRESS 700 / 700
finished 700 / 700
finished 700 / 700
