running 500 / 600
START 0 haar_r5_j10_ls
START 1 haar_r5_j10_ls
START 2 haar_r5_j10_ls
START 3 haar_r5_j10_ls
PROGRESS 500 / 600
FINISHED 2 haar_r5_j10_ls completed 2.625559
FINISHED 1 haar_r5_j10_ls completed 2.623342
FINISHED 3 haar_r5_j10_ls completed 3.514965
START 4 haar_r5_j10_ls
START 5 haar_r5_j10_ls
START 6 haar_r5_j10_ls
PROGRESS 503 / 600
FINISHED 0 haar_r5_j10_ls completed 6.185396
FINISHED 4 haar_r5_j10_ls completed 2.204891
START 7 haar_r5_j10_ls
PROGRESS 505 / 600
FINISHED 5 haar_r5_j10_ls completed 3.0814
FINISHED 6 haar_r5_j10_ls completed 4.32682
START 8 haar_r5_j10_ls
START 9 haar_r5_j10_ls
START 10 haar_r5_j10_ls
PROGRESS 507 / 600
FINISHED 7 haar_r5_j10_ls completed 4.1289
START 11 haar_r5_j10_ls
FINISHED 8 haar_r5_j10_ls completed 2.689373
PROGRESS 508 / 600
FINISHED 9 haar_r5_j10_ls completed 4.064757
FINISHED 10 haar_r5_j10_ls completed 4.140594
START 12 haar_r5_j10_ls
START 13 haar_r5_j10_ls
START 14 haar_r5_j10_ls
PROGRESS 511 / 600
FINISHED 11 haar_r5_j10_ls completed 4.272578
FINISHED 13 haar_r5_j10_ls completed 2.123009
running 511 / 600
FINISHED 14 haar_r5_j10_ls completed 2.717846
FINISHED 12 haar_r5_j10_ls completed 4.172422
START 15 haar_r5_j10_ls
START 16 haar_r5_j10_ls
START 17 haar_r5_j10_ls
START 18 haar_r5_j10_ls
PROGRESS 515 / 600
FINISHED 16 haar_r5_j10_ls completed 1.70326
START 19 haar_r5_j10_ls
FINISHED 18 haar_r5_j10_ls completed 2.209121
FINISHED 17 haar_r5_j10_ls completed 2.630744
PROGRESS 517 / 600
FINISHED 19 haar_r5_j10_ls completed 1.384137
FINISHED 15 haar_r5_j10_ls completed 4.747531
START 20 haar_r5_j10_ls
START 21 haar_r5_j10_ls
START 22 haar_r5_j10_ls
START 23 haar_r5_j10_ls
PROGRESS 520 / 600
running 520 / 600
FINISHED 22 haar_r5_j10_ls completed 3.028833
FINISHED 20 haar_r5_j10_ls completed 4.365602
START 24 haar_r5_j10_ls
START 25 haar_r5_j10_ls
FINISHED 23 haar_r5_j10_ls completed 5.053133
FINISHED 21 haar_r5_j10_ls completed 5.301899
PROGRESS 522 / 600
FINISHED 25 haar_r5_j10_ls completed 2.086462
START 26 haar_r5_j10_ls
START 27 haar_r5_j10_ls
START 28 haar_r5_j10_ls
FINISHED 24 haar_r5_j10_ls completed 2.499305
PROGRESS 525 / 600
START 29 haar_r5_j10_ls
FINISHED 27 haar_r5_j10_ls completed 2.857948
PROGRESS 526 / 600
FINISHED 28 haar_r5_j10_ls completed 3.860455
FINISHED 26 haar_r5_j10_ls completed 4.031372
START 30 haar_r5_j10_ls
START 31 haar_r5_j10_ls
START 32 haar_r5_j10_ls
PROGRESS 529 / 600
FINISHED 29 haar_r5_j10_ls completed 3.191792
FINISHED 32 haar_r5_j10_ls completed 1.377319
FINISHED 31 haar_r5_j10_ls completed 1.808973
START 33 haar_r5_j10_ls
START 34 haar_r5_j10_ls
START 35 haar_r5_j10_ls
PROGRESS 532 / 600
FINISHED 30 haar_r5_j10_ls completed 3.351944
running 533 / 600
FINISHED 34 haar_r5_j10_ls completed 2.521974
FINISHED 35 haar_r5_j10_ls completed 4.062817
START 36 haar_r5_j10_ls
START 37 haar_r5_j10_ls
START 38 haar_r5_j10_ls
FINISHED 33 haar_r5_j10_ls completed 4.708049
PROGRESS 535 / 600
START 39 haar_r5_j10_ls
FINISHED 38 haar_r5_j10_ls completed 2.281371
FINISHED 36 haar_r5_j10_ls completed 2.604452
PROGRESS 536 / 600
FINISHED 37 haar_r5_j10_ls completed 3.578045
START 40 haar_r5_j10_ls
START 41 haar_r5_j10_ls
START 42 haar_r5_j10_ls
PROGRESS 539 / 600
FINISHED 39 haar_r5_j10_ls completed 3.173123
START 43 haar_r5_j10_ls
FINISHED 42 haar_r5_j10_ls completed 2.662692
PROGRESS 540 / 600
FINISHED 41 haar_r5_j10_ls completed 3.405646
running 542 / 600
FINISHED 40 haar_r5_j10_ls completed 5.421529
FINISHED 43 haar_r5_j10_ls completed 3.513973
START 44 haar_r5_j10_ls
START 45 haar_r5_j10_ls
START 46 haar_r5_j10_ls
START 47 haar_r5_j10_ls
PROGRESS 544 / 600
FINISHED 45 haar_r5_j10_ls completed 3.031857
FINISHED 44 haar_r5_j10_ls completed 3.929546
START 48 haar_r5_j10_ls
START 49 haar_r5_j10_ls
PROGRESS 546 / 600
FINISHED 46 haar_r5_j10_ls completed 5.40585
FINISHED 47 haar_r5_j10_ls completed 5.890295
FINISHED 48 haar_r5_j10_ls completed 1.739586
START 50 haar_r5_j10_ls
START 51 haar_r5_j10_ls
START 52 haar_r5_j10_ls
PROGRESS 549 / 600
FINISHED 49 haar_r5_j10_ls completed 4.29595
FINISHED 51 haar_r5_j10_ls completed 1.901006
START 53 haar_r5_j10_ls
START 54 haar_r5_j10_ls
PROGRESS 551 / 600
FINISHED 52 haar_r5_j10_ls completed 3.993352
FINISHED 50 haar_r5_j10_ls completed 4.33176
running 551 / 600
FINISHED 53 haar_r5_j10_ls completed 4.024617
START 55 haar_r5_j10_ls
START 56 haar_r5_j10_ls
START 57 haar_r5_j10_ls
FINISHED 54 haar_r5_j10_ls completed 5.38066
PROGRESS 554 / 600
FINISHED 57 haar_r5_j10_ls completed 1.737211
START 58 haar_r5_j10_ls
START 59 haar_r5_j10_ls
PROGRESS 556 / 600
FINISHED 56 haar_r5_j10_ls completed 3.892042
FINISHED 55 haar_r5_j10_ls completed 4.235559
START 60 haar_r5_j10_ls
START 61 haar_r5_j10_ls
PROGRESS 558 / 600
FINISHED 58 haar_r5_j10_ls completed 4.325733
FINISHED 59 haar_r5_j10_ls completed 4.409886
START 62 haar_r5_j10_ls
START 63 haar_r5_j10_ls
PROGRESS 560 / 600
FINISHED 61 haar_r5_j10_ls completed 4.346922
FINISHED 60 haar_r5_j10_ls completed 4.493017
FINISHED 62 haar_r5_j10_ls completed 2.487708
running 560 / 600
FINISHED 63 haar_r5_j10_ls completed 3.664437
START 64 haar_r5_j10_ls
START 65 haar_r5_j10_ls
START 66 haar_r5_j10_ls
START 67 haar_r5_j10_ls
PROGRESS 564 / 600
FINISHED 66 haar_r5_j10_ls completed 2.721365
FINISHED 67 haar_r5_j10_ls completed 3.421537
FINISHED 64 haar_r5_j10_ls completed 3.990662
START 68 haar_r5_j10_ls
START 69 haar_r5_j10_ls
START 70 haar_r5_j10_ls
PROGRESS 567 / 600
FINISHED 65 haar_r5_j10_ls completed 5.242483
START 71 haar_r5_j10_ls
PROGRESS 568 / 600
FINISHED 70 haar_r5_j10_ls completed 4.070525
FINISHED 68 haar_r5_j10_ls completed 4.292623
FINISHED 69 haar_r5_j10_ls completed 4.745027
START 72 haar_r5_j10_ls
START 73 haar_r5_j10_ls
START 74 haar_r5_j10_ls
PROGRESS 571 / 600
FINISHED 71 haar_r5_j10_ls completed 3.961772
running 572 / 600
FINISHED 72 haar_r5_j10_ls completed 2.994052
FINISHED 73 haar_r5_j10_ls completed 3.380034
START 75 haar_r5_j10_ls
START 76 haar_r5_j10_ls
START 77 haar_r5_j10_ls
FINISHED 74 haar_r5_j10_ls completed 5.500848
PROGRESS 574 / 600
START 78 haar_r5_j10_ls
FINISHED 76 haar_r5_j10_ls completed 2.311692
PROGRESS 575 / 600
FINISHED 75 haar_r5_j10_ls completed 3.378221
FINISHED 77 haar_r5_j10_ls completed 3.687593
START 79 haar_r5_j10_ls
START 80 haar_r5_j10_ls
START 81 haar_r5_j10_ls
PROGRESS 578 / 600
FINISHED 79 haar_r5_j10_ls completed 1.564578
FINISHED 78 haar_r5_j10_ls completed 4.490508
START 82 haar_r5_j10_ls
START 83 haar_r5_j10_ls
PROGRESS 580 / 600
FINISHED 80 haar_r5_j10_ls completed 3.20445
FINISHED 81 haar_r5_j10_ls completed 3.44558
running 582 / 600
FINISHED 83 haar_r5_j10_ls completed 3.694447
START 84 haar_r5_j10_ls
START 85 haar_r5_j10_ls
START 86 haar_r5_j10_ls
PROGRESS 583 / 600
FINISHED 82 haar_r5_j10_ls completed 6.518063
FINISHED 86 haar_r5_j10_ls completed 2.233578
START 87 haar_r5_j10_ls
FINISHED 85 haar_r5_j10_ls completed 2.400665
PROGRESS 585 / 600
FINISHED 84 haar_r5_j10_ls completed 4.877713
START 88 haar_r5_j10_ls
START 89 haar_r5_j10_ls
START 90 haar_r5_j10_ls
FINISHED 87 haar_r5_j10_ls completed 2.453974
PROGRESS 587 / 600
START 91 haar_r5_j10_ls
PROGRESS 588 / 600
FINISHED 88 haar_r5_j10_ls completed 4.497323
FINISHED 89 haar_r5_j10_ls completed 4.620894
FINISHED 90 haar_r5_j10_ls completed 4.762281
START 92 haar_r5_j10_ls
START 93 haar_r5_j10_ls
START 94 haar_r5_j10_ls
PROGRESS 591 / 600
FINISHED 91 haar_r5_j10_ls completed 3.348215
running 592 / 600
FINISHED 94 haar_r5_j10_ls completed 3.543914
START 95 haar_r5_j10_ls
START 96 haar_r5_j10_ls
FINISHED 92 haar_r5_j10_ls completed 4.998432
FINISHED 93 haar_r5_j10_ls completed 5.109221
PROGRESS 593 / 600
START 97 haar_r5_j10_ls
START 98 haar_r5_j10_ls
PROGRESS 595 / 600
FINISHED 96 haar_r5_j10_ls completed 3.925405
FINISHED 95 haar_r5_j10_ls completed 4.145291
START 99 haar_r5_j10_ls
FINISHED 97 haar_r5_j10_ls completed 2.735587
PROGRESS 597 / 600
FINISHED 98 haar_r5_j10_ls completed 3.062893
FINISHED 99 haar_r5_j10_ls completed 2.557268
PROGRESS 599 / 600
PROGRESS 600 / 600
finished 600 / 600
finished 600 / 600
