FINISHED 0 unconverged 20.022601542063057
FINISHED 1 unconverged 20.040513333049603
FINISHED 3 unconverged 20.089554916950874
FINISHED 2 unconverged 20.19456483295653
FINISHED 7 unconverged 21.335494708968326
FINISHED 4 unconverged 21.471325833001174
FINISHED 6 unconverged 21.509839790989645
FINISHED 5 unconverged 21.605676958919503
FINISHED 10 unconverged 23.187899499898776
FINISHED 8 unconverged 23.24696658400353
FINISHED 9 unconverged 23.28062008402776
FINISHED 11 unconverged 23.18939433293417
running 12 /100 {'completed': 0, 'unconverged': 12, 'failed': 0, 'attempts': 12, 'mean_attempt_runtime': 21.59787103481358}
FINISHED 12 unconverged 24.206768417032436
FINISHED 15 unconverged 24.398073999909684
FINISHED 14 unconverged 24.48828541697003
FINISHED 13 unconverged 24.508955833036453
FINISHED 16 unconverged 27.324398541939445
FINISHED 19 unconverged 27.21168516704347
FINISHED 18 unconverged 27.405956999980845
FINISHED 17 unconverged 27.630641916999593
running 20 /100 {'completed': 0, 'unconverged': 20, 'failed': 0, 'attempts': 20, 'mean_attempt_runtime': 23.317460935533745}
FINISHED 20 unconverged 33.179437416023575
FINISHED 21 unconverged 33.23203558300156
FINISHED 23 unconverged 32.970640084007755
FINISHED 22 unconverged 33.40451949997805
FINISHED 25 unconverged 32.31364620802924
FINISHED 24 unconverged 32.63958979200106
FINISHED 26 unconverged 32.62988449994009
FINISHED 27 unconverged 32.36265358305536
FINISHED 28 unconverged 32.60177399998065
FINISHED 31 unconverged 32.46785745804664
FINISHED 29 unconverged 32.66821758297738
FINISHED 30 unconverged 32.913671332993545
running 32 /100 {'completed': 0, 'unconverged': 32, 'failed': 0, 'attempts': 32, 'mean_attempt_runtime': 26.86666080470968}
FINISHED 32 unconverged 30.86294733406976
FINISHED 34 unconverged 30.821856166003272
FINISHED 33 unconverged 31.19102670799475
FINISHED 35 unconverged 30.93129604193382
FINISHED 36 unconverged 29.309422833030112
FINISHED 37 unconverged 29.344428749987856
FINISHED 38 unconverged 29.302949541946873
FINISHED 39 unconverged 29.599575874977745
running 40 /100 {'completed': 0, 'unconverged': 40, 'failed': 0, 'attempts': 40, 'mean_attempt_runtime': 27.52741622501635}
FINISHED 41 unconverged 27.97136004199274
FINISHED 42 unconverged 28.201998915988952
FINISHED 40 unconverged 28.578573249978945
FINISHED 43 unconverged 28.218300124979578
FINISHED 44 unconverged 27.1601775418967
FINISHED 45 unconverged 27.467725416994654
FINISHED 47 unconverged 27.3127444999991
FINISHED 46 unconverged 27.588886208017357
FINISHED 48 unconverged 26.88472879200708
FINISHED 49 unconverged 27.075857707997784
FINISHED 50 unconverged 27.08886116708163
FINISHED 51 unconverged 27.24659450002946
running 52 /100 {'completed': 0, 'unconverged': 52, 'failed': 0, 'attempts': 52, 'mean_attempt_runtime': 27.536393407069575}
FINISHED 52 unconverged 26.877948958077468
FINISHED 54 unconverged 26.79992341704201
FINISHED 53 unconverged 27.1859548749635
FINISHED 55 unconverged 26.894505957956426
FINISHED 56 unconverged 27.033960332977585
FINISHED 58 unconverged 26.776972124935128
FINISHED 57 unconverged 27.052029832964763
FINISHED 59 unconverged 26.754543957998976
running 60 /100 {'completed': 0, 'unconverged': 60, 'failed': 0, 'attempts': 60, 'mean_attempt_runtime': 27.4544716104089}
FINISHED 60 unconverged 27.22988329094369
FINISHED 61 unconverged 27.21624774998054
FINISHED 62 unconverged 27.167318875086494
FINISHED 63 unconverged 27.44565283297561
FINISHED 65 unconverged 27.476824500015937
FINISHED 66 unconverged 27.51320454198867
FINISHED 64 unconverged 27.926785584073514
FINISHED 67 unconverged 27.401061999960802
FINISHED 69 unconverged 27.146273332997225
FINISHED 70 unconverged 27.20863208291121
FINISHED 71 unconverged 27.17720337503124
FINISHED 68 unconverged 27.557859082939103
running 72 /100 {'completed': 0, 'unconverged': 72, 'failed': 0, 'attempts': 72, 'mean_attempt_runtime': 27.44076727601997}
FINISHED 74 unconverged 27.12855370901525
FINISHED 72 unconverged 27.485011541983113
FINISHED 73 unconverged 27.415306791896
FINISHED 75 unconverged 27.39999962504953
FINISHED 76 unconverged 27.58522787503898
FINISHED 78 unconverged 27.598308832966723
FINISHED 77 unconverged 27.690995500073768
FINISHED 79 unconverged 27.688553749932908
running 80 /100 {'completed': 0, 'unconverged': 80, 'failed': 0, 'attempts': 80, 'mean_attempt_runtime': 27.446590018742427}
FINISHED 82 unconverged 27.397215624921955
FINISHED 80 unconverged 27.577944249962457
FINISHED 81 unconverged 27.633791375090368
FINISHED 83 unconverged 27.91754870803561
FINISHED 86 unconverged 26.304277874995023
FINISHED 85 unconverged 26.428184415912256
FINISHED 84 unconverged 26.669953124946915
FINISHED 87 unconverged 26.240108292084187
FINISHED 90 unconverged 25.552579167066142
FINISHED 89 unconverged 25.723594333045185
FINISHED 88 unconverged 25.922341165947728
FINISHED 91 unconverged 25.778221834101714
running 92 /100 {'completed': 0, 'unconverged': 92, 'failed': 0, 'attempts': 92, 'mean_attempt_runtime': 27.335575670277215}
FINISHED 92 unconverged 25.63851879199501
FINISHED 94 unconverged 25.603421541978605
FINISHED 93 unconverged 25.84688033396378
FINISHED 95 unconverged 25.79082404100336
FINISHED 96 unconverged 25.53755641693715
FINISHED 98 unconverged 25.480167750036344
FINISHED 97 unconverged 25.61248754092958
FINISHED 99 unconverged 25.476688875001855
finished 100 /100 {'completed': 0, 'unconverged': 100, 'failed': 0, 'attempts': 100, 'mean_attempt_runtime': 27.198595069573493}
finished 100 /100 {'completed': 0, 'unconverged': 100, 'failed': 0, 'attempts': 100, 'mean_attempt_runtime': 27.198595069573493}
PTZ RETRY FINISHED
RESUMED Experiment 8: 67437
