Experiment 8 checkpoints preserved; stopped active fits for isolated timing.
START 0 sample_mean
FINISHED 0 sample_mean completed 1.5e-05
PROGRESS 1 /170
START 0 coordinate_mom
FINISHED 0 coordinate_mom completed 0.000149
PROGRESS 2 /170
START 0 geometric_mom
FINISHED 0 geometric_mom completed 0.00074
PROGRESS 3 /170
START 0 random_mom
FINISHED 0 random_mom completed 0.030275
PROGRESS 4 /170
START 0 random_trimmed
FINISHED 0 random_trimmed completed 0.029511
PROGRESS 5 /170
START 0 brute_force
FINISHED 0 brute_force completed 0.173259
PROGRESS 6 /170
START 0 algorithm_1
FINISHED 0 algorithm_1 completed 0.229208
PROGRESS 7 /170
START 0 dense_algorithm_1
FINISHED 0 dense_algorithm_1 completed 0.191108
PROGRESS 8 /170
START 0 random_block_selection
FINISHED 0 random_block_selection completed 0.079374
PROGRESS 9 /170
START 0 algorithm_2
START 1 sample_mean
FINISHED 1 sample_mean completed 1.3e-05
PROGRESS 10 /170
START 2 sample_mean
FINISHED 2 sample_mean completed 1.3e-05
PROGRESS 11 /170
START 3 sample_mean
FINISHED 3 sample_mean completed 1.3e-05
PROGRESS 12 /170
START 4 sample_mean
FINISHED 4 sample_mean completed 1.3e-05
PROGRESS 13 /170
START 5 sample_mean
FINISHED 5 sample_mean completed 1.3e-05
PROGRESS 14 /170
START 6 sample_mean
FINISHED 6 sample_mean completed 1.3e-05
PROGRESS 15 /170
START 7 sample_mean
FINISHED 7 sample_mean completed 1.3e-05
PROGRESS 16 /170
START 8 sample_mean
FINISHED 8 sample_mean completed 1.3e-05
PROGRESS 17 /170
START 9 sample_mean
FINISHED 9 sample_mean completed 2.2e-05
PROGRESS 18 /170
START 1 coordinate_mom
FINISHED 1 coordinate_mom completed 0.00017
PROGRESS 19 /170
START 2 coordinate_mom
FINISHED 2 coordinate_mom completed 0.000141
PROGRESS 20 /170
START 3 coordinate_mom
FINISHED 3 coordinate_mom completed 0.00025
PROGRESS 21 /170
START 4 coordinate_mom
FINISHED 4 coordinate_mom completed 0.000144
PROGRESS 22 /170
START 5 coordinate_mom
FINISHED 5 coordinate_mom completed 0.000148
PROGRESS 23 /170
START 6 coordinate_mom
FINISHED 6 coordinate_mom completed 0.000151
PROGRESS 24 /170
START 7 coordinate_mom
FINISHED 7 coordinate_mom completed 0.000149
PROGRESS 25 /170
START 8 coordinate_mom
FINISHED 8 coordinate_mom completed 0.000151
PROGRESS 26 /170
START 9 coordinate_mom
FINISHED 9 coordinate_mom completed 0.000141
PROGRESS 27 /170
START 1 geometric_mom
FINISHED 1 geometric_mom completed 0.0011
PROGRESS 28 /170
START 2 geometric_mom
FINISHED 2 geometric_mom completed 0.000826
PROGRESS 29 /170
START 3 geometric_mom
FINISHED 3 geometric_mom completed 0.000864
PROGRESS 30 /170
START 4 geometric_mom
FINISHED 4 geometric_mom completed 0.001056
PROGRESS 31 /170
START 5 geometric_mom
FINISHED 5 geometric_mom completed 0.001395
PROGRESS 32 /170
START 6 geometric_mom
FINISHED 6 geometric_mom completed 0.000828
PROGRESS 33 /170
START 7 geometric_mom
FINISHED 7 geometric_mom completed 0.000901
PROGRESS 34 /170
START 8 geometric_mom
FINISHED 8 geometric_mom completed 0.000731
PROGRESS 35 /170
START 9 geometric_mom
FINISHED 9 geometric_mom completed 0.000814
PROGRESS 36 /170
START 1 random_mom
FINISHED 1 random_mom completed 0.030319
PROGRESS 37 /170
START 2 random_mom
FINISHED 2 random_mom completed 0.029648
PROGRESS 38 /170
START 3 random_mom
FINISHED 3 random_mom completed 0.02972
PROGRESS 39 /170
START 4 random_mom
FINISHED 4 random_mom completed 0.029642
PROGRESS 40 /170
START 5 random_mom
FINISHED 5 random_mom completed 0.029619
PROGRESS 41 /170
START 6 random_mom
FINISHED 6 random_mom completed 0.029688
PROGRESS 42 /170
START 7 random_mom
FINISHED 7 random_mom completed 0.029735
PROGRESS 43 /170
START 8 random_mom
FINISHED 8 random_mom completed 0.029695
PROGRESS 44 /170
START 9 random_mom
FINISHED 9 random_mom completed 0.029676
PROGRESS 45 /170
START 1 random_trimmed
FINISHED 1 random_trimmed completed 0.030829
PROGRESS 46 /170
START 2 random_trimmed
FINISHED 2 random_trimmed completed 0.030738
PROGRESS 47 /170
START 3 random_trimmed
FINISHED 3 random_trimmed completed 0.030633
PROGRESS 48 /170
START 4 random_trimmed
FINISHED 4 random_trimmed completed 0.03057
PROGRESS 49 /170
START 5 random_trimmed
FINISHED 5 random_trimmed completed 0.030471
PROGRESS 50 /170
START 6 random_trimmed
FINISHED 6 random_trimmed completed 0.030543
PROGRESS 51 /170
START 7 random_trimmed
FINISHED 7 random_trimmed completed 0.030547
PROGRESS 52 /170
START 8 random_trimmed
FINISHED 8 random_trimmed completed 0.030609
PROGRESS 53 /170
START 9 random_trimmed
FINISHED 9 random_trimmed completed 0.030715
PROGRESS 54 /170
START 1 brute_force
FINISHED 1 brute_force completed 0.175278
PROGRESS 55 /170
START 2 brute_force
FINISHED 2 brute_force completed 0.174994
PROGRESS 56 /170
START 3 brute_force
FINISHED 3 brute_force completed 0.176822
PROGRESS 57 /170
START 4 brute_force
FINISHED 4 brute_force completed 0.163241
PROGRESS 58 /170
START 5 brute_force
FINISHED 5 brute_force completed 0.173621
PROGRESS 59 /170
START 6 brute_force
FINISHED 6 brute_force completed 0.175356
PROGRESS 60 /170
START 7 brute_force
FINISHED 7 brute_force completed 0.174701
PROGRESS 61 /170
START 8 brute_force
FINISHED 8 brute_force completed 0.174834
PROGRESS 62 /170
START 9 brute_force
FINISHED 9 brute_force completed 0.174598
PROGRESS 63 /170
START 1 algorithm_1
FINISHED 1 algorithm_1 completed 0.314441
PROGRESS 64 /170
START 2 algorithm_1
FINISHED 2 algorithm_1 completed 0.17702
PROGRESS 65 /170
START 3 algorithm_1
FINISHED 3 algorithm_1 completed 0.115432
PROGRESS 66 /170
START 4 algorithm_1
FINISHED 4 algorithm_1 completed 0.326173
PROGRESS 67 /170
START 5 algorithm_1
FINISHED 5 algorithm_1 completed 0.1545
PROGRESS 68 /170
START 6 algorithm_1
FINISHED 6 algorithm_1 completed 0.316032
PROGRESS 69 /170
START 7 algorithm_1
FINISHED 7 algorithm_1 completed 0.212997
PROGRESS 70 /170
START 8 algorithm_1
FINISHED 8 algorithm_1 completed 0.57724
PROGRESS 71 /170
START 9 algorithm_1
FINISHED 9 algorithm_1 completed 0.212997
PROGRESS 72 /170
START 1 dense_algorithm_1
FINISHED 1 dense_algorithm_1 completed 0.290914
PROGRESS 73 /170
START 2 dense_algorithm_1
FINISHED 2 dense_algorithm_1 completed 0.167362
PROGRESS 74 /170
START 3 dense_algorithm_1
FINISHED 3 dense_algorithm_1 completed 0.100946
PROGRESS 75 /170
START 4 dense_algorithm_1
FINISHED 4 dense_algorithm_1 completed 0.317127
PROGRESS 76 /170
START 5 dense_algorithm_1
FINISHED 5 dense_algorithm_1 completed 0.127915
PROGRESS 77 /170
START 6 dense_algorithm_1
FINISHED 6 dense_algorithm_1 completed 0.291849
PROGRESS 78 /170
START 7 dense_algorithm_1
FINISHED 7 dense_algorithm_1 completed 0.192032
PROGRESS 79 /170
START 8 dense_algorithm_1
FINISHED 8 dense_algorithm_1 completed 0.56481
PROGRESS 80 /170
START 9 dense_algorithm_1
FINISHED 9 dense_algorithm_1 completed 0.20359
PROGRESS 81 /170
START 1 random_block_selection
FINISHED 1 random_block_selection completed 0.104528
PROGRESS 82 /170
START 2 random_block_selection
FINISHED 2 random_block_selection completed 0.05438
PROGRESS 83 /170
START 3 random_block_selection
FINISHED 3 random_block_selection completed 0.066911
PROGRESS 84 /170
START 4 random_block_selection
FINISHED 4 random_block_selection completed 0.104653
PROGRESS 85 /170
START 5 random_block_selection
FINISHED 5 random_block_selection completed 0.054463
PROGRESS 86 /170
START 6 random_block_selection
FINISHED 6 random_block_selection completed 0.104053
PROGRESS 87 /170
START 7 random_block_selection
FINISHED 7 random_block_selection completed 0.066973
PROGRESS 88 /170
START 8 random_block_selection
FINISHED 8 random_block_selection completed 0.153623
PROGRESS 89 /170
START 9 random_block_selection
FINISHED 9 random_block_selection completed 0.140326
PROGRESS 90 /170
START 0 partition_ls
FINISHED 0 partition_ls completed 0.16692
PROGRESS 91 /170
START 1 partition_ls
FINISHED 1 partition_ls completed 0.178212
PROGRESS 92 /170
START 2 partition_ls
FINISHED 2 partition_ls completed 0.166838
PROGRESS 93 /170
START 3 partition_ls
FINISHED 3 partition_ls completed 0.179391
PROGRESS 94 /170
START 4 partition_ls
FINISHED 4 partition_ls completed 0.179391
PROGRESS 95 /170
START 5 partition_ls
FINISHED 5 partition_ls completed 0.166875
PROGRESS 96 /170
START 6 partition_ls
FINISHED 6 partition_ls completed 0.166861
PROGRESS 97 /170
START 7 partition_ls
FINISHED 7 partition_ls completed 0.189414
PROGRESS 98 /170
START 8 partition_ls
FINISHED 8 partition_ls completed 0.179499
PROGRESS 99 /170
START 9 partition_ls
FINISHED 9 partition_ls completed 0.178153
PROGRESS 100 /170
START 0 partition_max
FINISHED 0 partition_max completed 0.1794
PROGRESS 101 /170
START 1 partition_max
FINISHED 1 partition_max completed 0.191858
PROGRESS 102 /170
START 2 partition_max
FINISHED 2 partition_max completed 0.188563
PROGRESS 103 /170
START 3 partition_max
FINISHED 3 partition_max completed 0.192138
PROGRESS 104 /170
START 4 partition_max
FINISHED 4 partition_max completed 0.198445
PROGRESS 105 /170
START 5 partition_max
FINISHED 5 partition_max completed 0.179417
PROGRESS 106 /170
START 6 partition_max
FINISHED 6 partition_max completed 0.177541
PROGRESS 107 /170
START 7 partition_max
FINISHED 7 partition_max completed 0.191832
PROGRESS 108 /170
START 8 partition_max
FINISHED 8 partition_max completed 0.19177
PROGRESS 109 /170
START 9 partition_max
FINISHED 9 partition_max completed 0.192
PROGRESS 110 /170
START 0 haar_ls
FINISHED 0 haar_ls completed 0.654195
PROGRESS 111 /170
START 1 haar_ls
FINISHED 1 haar_ls completed 0.449111
PROGRESS 112 /170
START 2 haar_ls
FINISHED 2 haar_ls completed 0.474305
PROGRESS 113 /170
START 3 haar_ls
FINISHED 3 haar_ls completed 0.441478
PROGRESS 114 /170
START 4 haar_ls
FINISHED 4 haar_ls completed 0.63152
PROGRESS 115 /170
START 5 haar_ls
FINISHED 5 haar_ls completed 0.52567
PROGRESS 116 /170
START 6 haar_ls
FINISHED 6 haar_ls completed 0.626595
PROGRESS 117 /170
START 7 haar_ls
FINISHED 7 haar_ls completed 0.537834
PROGRESS 118 /170
START 8 haar_ls
FINISHED 8 haar_ls completed 0.576279
PROGRESS 119 /170
START 9 haar_ls
FINISHED 9 haar_ls completed 0.461777
PROGRESS 120 /170
START 0 haar_max
FINISHED 0 haar_max completed 0.66514
PROGRESS 121 /170
START 1 haar_max
FINISHED 1 haar_max completed 0.44625
PROGRESS 122 /170
START 2 haar_max
FINISHED 2 haar_max completed 0.515654
PROGRESS 123 /170
START 3 haar_max
FINISHED 3 haar_max completed 0.461826
PROGRESS 124 /170
START 4 haar_max
FINISHED 4 haar_max completed 0.589986
PROGRESS 125 /170
START 5 haar_max
FINISHED 5 haar_max completed 0.502714
PROGRESS 126 /170
START 6 haar_max
FINISHED 6 haar_max completed 0.621622
PROGRESS 127 /170
START 7 haar_max
FINISHED 7 haar_max completed 0.551932
PROGRESS 128 /170
START 8 haar_max
FINISHED 8 haar_max completed 0.562794
PROGRESS 129 /170
START 9 haar_max
FINISHED 9 haar_max completed 0.466976
PROGRESS 130 /170
START 0 dl_clarabel
FINISHED 0 dl_clarabel completed 0.463373
PROGRESS 131 /170
START 1 dl_clarabel
FINISHED 1 dl_clarabel completed 0.440674
PROGRESS 132 /170
START 2 dl_clarabel
FINISHED 2 dl_clarabel completed 0.338865
PROGRESS 133 /170
START 3 dl_clarabel
FINISHED 3 dl_clarabel completed 0.35808
PROGRESS 134 /170
START 4 dl_clarabel
FINISHED 4 dl_clarabel completed 0.449732
PROGRESS 135 /170
START 5 dl_clarabel
FINISHED 5 dl_clarabel completed 0.347151
PROGRESS 136 /170
START 6 dl_clarabel
FINISHED 6 dl_clarabel completed 0.541388
PROGRESS 137 /170
START 7 dl_clarabel
FINISHED 7 dl_clarabel completed 0.390974
PROGRESS 138 /170
START 8 dl_clarabel
FINISHED 8 dl_clarabel completed 0.460653
PROGRESS 139 /170
START 9 dl_clarabel
FINISHED 9 dl_clarabel completed 0.430319
PROGRESS 140 /170
START 0 dl_ptz
FINISHED 0 dl_ptz unconverged 6.418536
PROGRESS 141 /170
START 1 dl_ptz
FINISHED 1 dl_ptz unconverged 6.276891
PROGRESS 142 /170
START 2 dl_ptz
FINISHED 2 dl_ptz unconverged 6.383873
PROGRESS 143 /170
START 3 dl_ptz
FINISHED 3 dl_ptz unconverged 6.512593
PROGRESS 144 /170
START 4 dl_ptz
FINISHED 4 dl_ptz unconverged 6.367313
PROGRESS 145 /170
START 5 dl_ptz
FINISHED 5 dl_ptz unconverged 6.292018
PROGRESS 146 /170
START 6 dl_ptz
FINISHED 6 dl_ptz unconverged 6.320243
PROGRESS 147 /170
START 7 dl_ptz
FINISHED 7 dl_ptz unconverged 6.530616
PROGRESS 148 /170
START 8 dl_ptz
FINISHED 8 dl_ptz unconverged 6.416995
PROGRESS 149 /170
START 9 dl_ptz
FINISHED 9 dl_ptz unconverged 6.200267
PROGRESS 150 /170
START 0 cfb
FINISHED 0 cfb completed 86.378583
PROGRESS 151 /170
START 1 cfb
FINISHED 1 cfb completed 87.042739
PROGRESS 152 /170
START 2 cfb
FINISHED 2 cfb completed 84.619088
PROGRESS 153 /170
START 3 cfb
FINISHED 3 cfb completed 73.354438
PROGRESS 154 /170
START 4 cfb
FINISHED 4 cfb completed 87.060753
PROGRESS 155 /170
START 5 cfb
FINISHED 5 cfb completed 75.375328
PROGRESS 156 /170
START 6 cfb
FINISHED 6 cfb completed 78.783168
START 7 cfb
FINISHED 7 cfb completed 79.843881
PROGRESS 158 / 170
START 8 cfb
FINISHED 8 cfb completed 84.289451
PROGRESS 159 / 170
START 9 cfb
FINISHED 9 cfb completed 95.320131
PROGRESS 160 / 170
START 0 algorithm_2
