Experiment 8 checkpoints preserved; stopped active fits for isolated timing.
START 0 sample_mean
FINISHED 0 sample_mean completed 2.5e-05
PROGRESS 1 / 160
START 1 sample_mean
FINISHED 1 sample_mean completed 1.3e-05
PROGRESS 2 / 160
START 2 sample_mean
FINISHED 2 sample_mean completed 1.6e-05
PROGRESS 3 / 160
START 3 sample_mean
FINISHED 3 sample_mean completed 1.3e-05
PROGRESS 4 / 160
START 4 sample_mean
FINISHED 4 sample_mean completed 1.4e-05
PROGRESS 5 / 160
START 5 sample_mean
FINISHED 5 sample_mean completed 1.4e-05
PROGRESS 6 / 160
START 6 sample_mean
FINISHED 6 sample_mean completed 2.1e-05
PROGRESS 7 / 160
START 7 sample_mean
FINISHED 7 sample_mean completed 1.4e-05
PROGRESS 8 / 160
START 8 sample_mean
FINISHED 8 sample_mean completed 1.4e-05
PROGRESS 9 / 160
START 9 sample_mean
FINISHED 9 sample_mean completed 2.2e-05
PROGRESS 10 / 160
START 0 coordinate_mom
FINISHED 0 coordinate_mom completed 0.000111
PROGRESS 11 / 160
START 1 coordinate_mom
FINISHED 1 coordinate_mom completed 0.000113
PROGRESS 12 / 160
START 2 coordinate_mom
FINISHED 2 coordinate_mom completed 0.000114
PROGRESS 13 / 160
START 3 coordinate_mom
FINISHED 3 coordinate_mom completed 0.000114
PROGRESS 14 / 160
START 4 coordinate_mom
FINISHED 4 coordinate_mom completed 0.000116
PROGRESS 15 / 160
START 5 coordinate_mom
FINISHED 5 coordinate_mom completed 0.000112
PROGRESS 16 / 160
START 6 coordinate_mom
FINISHED 6 coordinate_mom completed 0.000112
PROGRESS 17 / 160
START 7 coordinate_mom
FINISHED 7 coordinate_mom completed 0.000106
PROGRESS 18 / 160
START 8 coordinate_mom
FINISHED 8 coordinate_mom completed 0.000115
PROGRESS 19 / 160
START 9 coordinate_mom
FINISHED 9 coordinate_mom completed 0.000109
PROGRESS 20 / 160
START 0 geometric_mom
FINISHED 0 geometric_mom completed 0.000794
PROGRESS 21 / 160
START 1 geometric_mom
FINISHED 1 geometric_mom completed 0.000673
PROGRESS 22 / 160
START 2 geometric_mom
FINISHED 2 geometric_mom completed 0.000528
PROGRESS 23 / 160
START 3 geometric_mom
FINISHED 3 geometric_mom completed 0.000933
PROGRESS 24 / 160
START 4 geometric_mom
FINISHED 4 geometric_mom completed 0.000491
PROGRESS 25 / 160
START 5 geometric_mom
FINISHED 5 geometric_mom completed 0.000658
PROGRESS 26 / 160
START 6 geometric_mom
FINISHED 6 geometric_mom completed 0.000718
PROGRESS 27 / 160
START 7 geometric_mom
FINISHED 7 geometric_mom completed 0.000555
PROGRESS 28 / 160
START 8 geometric_mom
FINISHED 8 geometric_mom completed 0.000588
PROGRESS 29 / 160
START 9 geometric_mom
FINISHED 9 geometric_mom completed 0.000877
PROGRESS 30 / 160
START 0 random_mom
FINISHED 0 random_mom completed 0.043421
PROGRESS 31 / 160
START 1 random_mom
FINISHED 1 random_mom completed 0.040695
PROGRESS 32 / 160
START 2 random_mom
FINISHED 2 random_mom completed 0.042052
PROGRESS 33 / 160
START 3 random_mom
FINISHED 3 random_mom completed 0.042
PROGRESS 34 / 160
START 4 random_mom
FINISHED 4 random_mom completed 0.042158
PROGRESS 35 / 160
START 5 random_mom
FINISHED 5 random_mom completed 0.039456
PROGRESS 36 / 160
START 6 random_mom
FINISHED 6 random_mom completed 0.042018
PROGRESS 37 / 160
START 7 random_mom
FINISHED 7 random_mom completed 0.029564
PROGRESS 38 / 160
START 8 random_mom
FINISHED 8 random_mom completed 0.041988
PROGRESS 39 / 160
START 9 random_mom
FINISHED 9 random_mom completed 0.041908
PROGRESS 40 / 160
START 0 random_trimmed
FINISHED 0 random_trimmed completed 0.043766
PROGRESS 41 / 160
START 1 random_trimmed
FINISHED 1 random_trimmed completed 0.043078
PROGRESS 42 / 160
START 2 random_trimmed
FINISHED 2 random_trimmed completed 0.041962
PROGRESS 43 / 160
START 3 random_trimmed
FINISHED 3 random_trimmed completed 0.043076
PROGRESS 44 / 160
START 4 random_trimmed
FINISHED 4 random_trimmed completed 0.28993
PROGRESS 45 / 160
START 5 random_trimmed
FINISHED 5 random_trimmed completed 0.043093
PROGRESS 46 / 160
START 6 random_trimmed
FINISHED 6 random_trimmed completed 0.040835
PROGRESS 47 / 160
START 7 random_trimmed
FINISHED 7 random_trimmed completed 0.041938
PROGRESS 48 / 160
START 8 random_trimmed
FINISHED 8 random_trimmed completed 0.043079
PROGRESS 49 / 160
START 9 random_trimmed
FINISHED 9 random_trimmed completed 0.043039
PROGRESS 50 / 160
START 0 brute_force
FINISHED 0 brute_force skipped 0.000405
PROGRESS 51 / 160
START 1 brute_force
FINISHED 1 brute_force skipped 0.000427
PROGRESS 52 / 160
START 2 brute_force
FINISHED 2 brute_force skipped 0.000412
PROGRESS 53 / 160
START 3 brute_force
FINISHED 3 brute_force skipped 0.000419
PROGRESS 54 / 160
START 4 brute_force
FINISHED 4 brute_force skipped 0.000401
PROGRESS 55 / 160
START 5 brute_force
FINISHED 5 brute_force skipped 0.000401
PROGRESS 56 / 160
START 6 brute_force
FINISHED 6 brute_force skipped 0.000413
PROGRESS 57 / 160
START 7 brute_force
FINISHED 7 brute_force skipped 0.000403
PROGRESS 58 / 160
START 8 brute_force
FINISHED 8 brute_force skipped 0.000417
PROGRESS 59 / 160
START 9 brute_force
FINISHED 9 brute_force skipped 0.000417
PROGRESS 60 / 160
START 0 algorithm_1
FINISHED 0 algorithm_1 completed 0.054386
PROGRESS 61 / 160
START 1 algorithm_1
FINISHED 1 algorithm_1 completed 0.091934
PROGRESS 62 / 160
START 2 algorithm_1
FINISHED 2 algorithm_1 completed 0.129339
PROGRESS 63 / 160
START 3 algorithm_1
FINISHED 3 algorithm_1 completed 0.100702
PROGRESS 64 / 160
START 4 algorithm_1
FINISHED 4 algorithm_1 completed 0.079428
PROGRESS 65 / 160
START 5 algorithm_1
FINISHED 5 algorithm_1 completed 0.091881
PROGRESS 66 / 160
START 6 algorithm_1
FINISHED 6 algorithm_1 completed 0.089631
PROGRESS 67 / 160
START 7 algorithm_1
FINISHED 7 algorithm_1 completed 0.077968
PROGRESS 68 / 160
START 8 algorithm_1
FINISHED 8 algorithm_1 completed 0.091912
PROGRESS 69 / 160
START 9 algorithm_1
FINISHED 9 algorithm_1 completed 0.054361
PROGRESS 70 / 160
START 0 dense_algorithm_1
FINISHED 0 dense_algorithm_1 completed 0.889788
PROGRESS 71 / 160
START 1 dense_algorithm_1
FINISHED 1 dense_algorithm_1 completed 3.594652
PROGRESS 72 / 160
START 2 dense_algorithm_1
FINISHED 2 dense_algorithm_1 completed 0.80184
PROGRESS 73 / 160
START 3 dense_algorithm_1
FINISHED 3 dense_algorithm_1 completed 1.453071
PROGRESS 74 / 160
START 4 dense_algorithm_1
FINISHED 4 dense_algorithm_1 completed 0.889888
PROGRESS 75 / 160
START 5 dense_algorithm_1
FINISHED 5 dense_algorithm_1 completed 2.186263
PROGRESS 76 / 160
START 6 dense_algorithm_1
FINISHED 6 dense_algorithm_1 completed 0.73774
PROGRESS 77 / 160
START 7 dense_algorithm_1
FINISHED 7 dense_algorithm_1 completed 1.175281
PROGRESS 78 / 160
START 8 dense_algorithm_1
FINISHED 8 dense_algorithm_1 completed 3.497213
PROGRESS 79 / 160
START 9 dense_algorithm_1
FINISHED 9 dense_algorithm_1 completed 2.78605
PROGRESS 80 / 160
START 0 random_block_selection
FINISHED 0 random_block_selection completed 0.054516
PROGRESS 81 / 160
START 1 random_block_selection
FINISHED 1 random_block_selection completed 0.091927
PROGRESS 82 / 160
START 2 random_block_selection
FINISHED 2 random_block_selection completed 0.127363
PROGRESS 83 / 160
START 3 random_block_selection
FINISHED 3 random_block_selection completed 0.091936
PROGRESS 84 / 160
START 4 random_block_selection
FINISHED 4 random_block_selection completed 0.077885
PROGRESS 85 / 160
START 5 random_block_selection
FINISHED 5 random_block_selection completed 0.091941
PROGRESS 86 / 160
START 6 random_block_selection
FINISHED 6 random_block_selection completed 0.091954
PROGRESS 87 / 160
START 7 random_block_selection
FINISHED 7 random_block_selection completed 0.075641
PROGRESS 88 / 160
START 8 random_block_selection
FINISHED 8 random_block_selection completed 0.091977
PROGRESS 89 / 160
START 9 random_block_selection
FINISHED 9 random_block_selection completed 0.054415
PROGRESS 90 / 160
START 0 partition_ls
FINISHED 0 partition_ls completed 0.104329
PROGRESS 91 / 160
START 1 partition_ls
FINISHED 1 partition_ls completed 0.104381
PROGRESS 92 / 160
START 2 partition_ls
FINISHED 2 partition_ls completed 0.116935
PROGRESS 93 / 160
START 3 partition_ls
FINISHED 3 partition_ls completed 0.116822
PROGRESS 94 / 160
START 4 partition_ls
FINISHED 4 partition_ls completed 0.104427
PROGRESS 95 / 160
START 5 partition_ls
FINISHED 5 partition_ls completed 0.101996
PROGRESS 96 / 160
START 6 partition_ls
FINISHED 6 partition_ls completed 0.116048
PROGRESS 97 / 160
START 7 partition_ls
FINISHED 7 partition_ls completed 0.112842
PROGRESS 98 / 160
START 8 partition_ls
FINISHED 8 partition_ls completed 0.113948
PROGRESS 99 / 160
START 9 partition_ls
FINISHED 9 partition_ls completed 0.104423
PROGRESS 100 / 160
START 0 partition_max
FINISHED 0 partition_max completed 0.141811
PROGRESS 101 / 160
START 1 partition_max
FINISHED 1 partition_max completed 0.164608
PROGRESS 102 / 160
START 2 partition_max
FINISHED 2 partition_max completed 0.153538
PROGRESS 103 / 160
START 3 partition_max
FINISHED 3 partition_max completed 0.150872
PROGRESS 104 / 160
START 4 partition_max
FINISHED 4 partition_max completed 0.141841
PROGRESS 105 / 160
START 5 partition_max
FINISHED 5 partition_max completed 0.141361
PROGRESS 106 / 160
START 6 partition_max
FINISHED 6 partition_max completed 0.14822
PROGRESS 107 / 160
START 7 partition_max
FINISHED 7 partition_max completed 0.141937
PROGRESS 108 / 160
START 8 partition_max
FINISHED 8 partition_max completed 0.151892
PROGRESS 109 / 160
START 9 partition_max
FINISHED 9 partition_max completed 0.152647
PROGRESS 110 / 160
START 0 haar_ls
FINISHED 0 haar_ls completed 0.267074
PROGRESS 111 / 160
START 1 haar_ls
FINISHED 1 haar_ls completed 0.365484
PROGRESS 112 / 160
START 2 haar_ls
FINISHED 2 haar_ls completed 0.327276
PROGRESS 113 / 160
START 3 haar_ls
FINISHED 3 haar_ls completed 0.340089
PROGRESS 114 / 160
START 4 haar_ls
FINISHED 4 haar_ls completed 0.415556
PROGRESS 115 / 160
START 5 haar_ls
FINISHED 5 haar_ls completed 0.242147
PROGRESS 116 / 160
START 6 haar_ls
FINISHED 6 haar_ls completed 0.316801
PROGRESS 117 / 160
START 7 haar_ls
FINISHED 7 haar_ls completed 0.377199
PROGRESS 118 / 160
START 8 haar_ls
FINISHED 8 haar_ls completed 0.338071
PROGRESS 119 / 160
START 9 haar_ls
FINISHED 9 haar_ls completed 0.267272
PROGRESS 120 / 160
START 0 haar_max
FINISHED 0 haar_max completed 0.276084
PROGRESS 121 / 160
START 1 haar_max
FINISHED 1 haar_max completed 0.379724
PROGRESS 122 / 160
START 2 haar_max
FINISHED 2 haar_max completed 0.337463
PROGRESS 123 / 160
START 3 haar_max
FINISHED 3 haar_max completed 0.350732
PROGRESS 124 / 160
START 4 haar_max
FINISHED 4 haar_max completed 0.429787
PROGRESS 125 / 160
START 5 haar_max
FINISHED 5 haar_max completed 0.240336
PROGRESS 126 / 160
START 6 haar_max
FINISHED 6 haar_max completed 0.329735
PROGRESS 127 / 160
START 7 haar_max
FINISHED 7 haar_max completed 0.391674
PROGRESS 128 / 160
START 8 haar_max
FINISHED 8 haar_max completed 0.342168
PROGRESS 129 / 160
START 9 haar_max
FINISHED 9 haar_max completed 0.27732
PROGRESS 130 / 160
START 0 dl_clarabel
FINISHED 0 dl_clarabel completed 0.555375
PROGRESS 131 / 160
START 1 dl_clarabel
FINISHED 1 dl_clarabel completed 0.641557
PROGRESS 132 / 160
START 2 dl_clarabel
FINISHED 2 dl_clarabel completed 0.612735
PROGRESS 133 / 160
START 3 dl_clarabel
FINISHED 3 dl_clarabel completed 0.612572
PROGRESS 134 / 160
START 4 dl_clarabel
FINISHED 4 dl_clarabel completed 0.803959
PROGRESS 135 / 160
START 5 dl_clarabel
FINISHED 5 dl_clarabel completed 0.49524
PROGRESS 136 / 160
START 6 dl_clarabel
FINISHED 6 dl_clarabel completed 0.668563
PROGRESS 137 / 160
START 7 dl_clarabel
FINISHED 7 dl_clarabel completed 0.69369
PROGRESS 138 / 160
START 8 dl_clarabel
FINISHED 8 dl_clarabel completed 0.692592
PROGRESS 139 / 160
START 9 dl_clarabel
FINISHED 9 dl_clarabel completed 0.63654
PROGRESS 140 / 160
START 0 dl_ptz
FINISHED 0 dl_ptz unconverged 7.035081
PROGRESS 141 / 160
START 1 dl_ptz
FINISHED 1 dl_ptz unconverged 6.502944
PROGRESS 142 / 160
START 2 dl_ptz
FINISHED 2 dl_ptz unconverged 6.501038
PROGRESS 143 / 160
START 3 dl_ptz
FINISHED 3 dl_ptz unconverged 6.438551
PROGRESS 144 / 160
START 4 dl_ptz
FINISHED 4 dl_ptz unconverged 6.5071
PROGRESS 145 / 160
START 5 dl_ptz
FINISHED 5 dl_ptz unconverged 6.409376
PROGRESS 146 / 160
START 6 dl_ptz
FINISHED 6 dl_ptz unconverged 6.434611
PROGRESS 147 / 160
START 7 dl_ptz
FINISHED 7 dl_ptz unconverged 6.391027
PROGRESS 148 / 160
START 8 dl_ptz
FINISHED 8 dl_ptz unconverged 6.475216
PROGRESS 149 / 160
START 9 dl_ptz
FINISHED 9 dl_ptz unconverged 7.268651
PROGRESS 150 / 160
START 0 cfb
FINISHED 0 cfb completed 10.930957
PROGRESS 151 / 160
START 1 cfb
FINISHED 1 cfb completed 12.138056
PROGRESS 152 / 160
START 2 cfb
FINISHED 2 cfb completed 12.281654
PROGRESS 153 / 160
START 3 cfb

CONFIG CHANGE: literature K=21 per user; provisional K=7 paper runs archived; 130 baseline records retained.
START 0 dl_clarabel
FINISHED 0 dl_clarabel completed 1.003612
PROGRESS 131 / 160
START 1 dl_clarabel
FINISHED 1 dl_clarabel completed 1.083446
PROGRESS 132 / 160
START 2 dl_clarabel
FINISHED 2 dl_clarabel completed 1.092421
PROGRESS 133 / 160
START 3 dl_clarabel
FINISHED 3 dl_clarabel completed 1.032876
PROGRESS 134 / 160
START 4 dl_clarabel
FINISHED 4 dl_clarabel completed 0.998355
PROGRESS 135 / 160
START 5 dl_clarabel
FINISHED 5 dl_clarabel completed 1.083211
PROGRESS 136 / 160
START 6 dl_clarabel
FINISHED 6 dl_clarabel completed 1.045212
PROGRESS 137 / 160
START 7 dl_clarabel
FINISHED 7 dl_clarabel completed 1.393313
PROGRESS 138 / 160
START 8 dl_clarabel
FINISHED 8 dl_clarabel completed 1.084438
PROGRESS 139 / 160
START 9 dl_clarabel
FINISHED 9 dl_clarabel completed 1.032533
PROGRESS 140 / 160
START 0 dl_ptz
FINISHED 0 dl_ptz unconverged 7.521774
PROGRESS 141 / 160
START 1 dl_ptz
FINISHED 1 dl_ptz unconverged 7.402313
PROGRESS 142 / 160
START 2 dl_ptz
FINISHED 2 dl_ptz unconverged 7.882877
PROGRESS 143 / 160
START 3 dl_ptz
FINISHED 3 dl_ptz unconverged 7.30936
PROGRESS 144 / 160
START 4 dl_ptz
FINISHED 4 dl_ptz unconverged 7.157102
PROGRESS 145 / 160
START 5 dl_ptz
FINISHED 5 dl_ptz unconverged 7.173868
PROGRESS 146 / 160
START 6 dl_ptz
FINISHED 6 dl_ptz unconverged 7.254631
PROGRESS 147 / 160
START 7 dl_ptz
FINISHED 7 dl_ptz unconverged 7.203457
PROGRESS 148 / 160
START 8 dl_ptz
FINISHED 8 dl_ptz unconverged 7.307006
PROGRESS 149 / 160
START 9 dl_ptz
FINISHED 9 dl_ptz unconverged 7.618239
PROGRESS 150 / 160
START 0 cfb
FINISHED 0 cfb completed 171.462961
PROGRESS 151 / 160
START 1 cfb
FINISHED 1 cfb completed 155.246038
PROGRESS 152 / 160
START 2 cfb
FINISHED 2 cfb completed 163.407257
PROGRESS 153 / 160
START 3 cfb
FINISHED 3 cfb completed 159.781196
PROGRESS 154 / 160
START 4 cfb
FINISHED 4 cfb completed 154.348366

BLOCK RULE CORRECTION: complexity=d when s=d; affected methods rerun; K=21 literature checkpoints retained.
START 0 coordinate_mom
FINISHED 0 coordinate_mom completed 0.000144
PROGRESS 76 / 160
START 1 coordinate_mom
FINISHED 1 coordinate_mom completed 0.000147
PROGRESS 77 / 160
START 2 coordinate_mom
FINISHED 2 coordinate_mom completed 0.000142
PROGRESS 78 / 160
START 3 coordinate_mom
FINISHED 3 coordinate_mom completed 0.000141
PROGRESS 79 / 160
START 4 coordinate_mom
FINISHED 4 coordinate_mom completed 0.000138
PROGRESS 80 / 160
START 5 coordinate_mom
FINISHED 5 coordinate_mom completed 0.000146
PROGRESS 81 / 160
START 6 coordinate_mom
FINISHED 6 coordinate_mom completed 0.00014
PROGRESS 82 / 160
START 7 coordinate_mom
FINISHED 7 coordinate_mom completed 0.000141
PROGRESS 83 / 160
START 8 coordinate_mom
FINISHED 8 coordinate_mom completed 0.000148
PROGRESS 84 / 160
START 9 coordinate_mom
FINISHED 9 coordinate_mom completed 0.000146
PROGRESS 85 / 160
START 0 geometric_mom
FINISHED 0 geometric_mom completed 0.000654
PROGRESS 86 / 160
START 1 geometric_mom
FINISHED 1 geometric_mom completed 0.000607
PROGRESS 87 / 160
START 2 geometric_mom
FINISHED 2 geometric_mom completed 0.00129
PROGRESS 88 / 160
START 3 geometric_mom
FINISHED 3 geometric_mom completed 0.000891
PROGRESS 89 / 160
START 4 geometric_mom
FINISHED 4 geometric_mom completed 0.001077
PROGRESS 90 / 160
START 5 geometric_mom
FINISHED 5 geometric_mom completed 0.000723
PROGRESS 91 / 160
START 6 geometric_mom
FINISHED 6 geometric_mom completed 0.000905
PROGRESS 92 / 160
START 7 geometric_mom
FINISHED 7 geometric_mom completed 0.000711
PROGRESS 93 / 160
START 8 geometric_mom
FINISHED 8 geometric_mom completed 0.00057
PROGRESS 94 / 160
START 9 geometric_mom
FINISHED 9 geometric_mom completed 0.00074
PROGRESS 95 / 160
START 0 random_mom
FINISHED 0 random_mom completed 0.070753
PROGRESS 96 / 160
START 1 random_mom
FINISHED 1 random_mom completed 0.042223
PROGRESS 97 / 160
START 2 random_mom
FINISHED 2 random_mom completed 0.029715
PROGRESS 98 / 160
START 3 random_mom
FINISHED 3 random_mom completed 0.029762
PROGRESS 99 / 160
START 4 random_mom
FINISHED 4 random_mom completed 0.041846
PROGRESS 100 / 160
START 5 random_mom
FINISHED 5 random_mom completed 0.042248
PROGRESS 101 / 160
START 6 random_mom
FINISHED 6 random_mom completed 0.040637
PROGRESS 102 / 160
START 7 random_mom
FINISHED 7 random_mom completed 0.041912
PROGRESS 103 / 160
START 8 random_mom
FINISHED 8 random_mom completed 0.044832
PROGRESS 104 / 160
START 9 random_mom
FINISHED 9 random_mom completed 0.04233
PROGRESS 105 / 160
START 0 brute_force
FINISHED 0 brute_force skipped 0.000683
PROGRESS 106 / 160
START 1 brute_force
FINISHED 1 brute_force skipped 0.000483
PROGRESS 107 / 160
START 2 brute_force
FINISHED 2 brute_force skipped 0.0005
PROGRESS 108 / 160
START 3 brute_force
FINISHED 3 brute_force skipped 0.000479
PROGRESS 109 / 160
START 4 brute_force
FINISHED 4 brute_force skipped 0.000489
PROGRESS 110 / 160
START 5 brute_force
FINISHED 5 brute_force skipped 0.000497
PROGRESS 111 / 160
START 6 brute_force
FINISHED 6 brute_force skipped 0.000473
PROGRESS 112 / 160
START 7 brute_force
FINISHED 7 brute_force skipped 0.000474
PROGRESS 113 / 160
START 8 brute_force
FINISHED 8 brute_force skipped 0.000483
PROGRESS 114 / 160
START 9 brute_force
FINISHED 9 brute_force skipped 0.000487
PROGRESS 115 / 160
START 0 algorithm_1
FINISHED 0 algorithm_1 completed 0.935668
PROGRESS 116 / 160
START 1 algorithm_1
FINISHED 1 algorithm_1 completed 3.634327
PROGRESS 117 / 160
START 2 algorithm_1
FINISHED 2 algorithm_1 completed 0.823996
PROGRESS 118 / 160
START 3 algorithm_1
FINISHED 3 algorithm_1 completed 1.539152
PROGRESS 119 / 160
START 4 algorithm_1
FINISHED 4 algorithm_1 completed 0.928305
PROGRESS 120 / 160
START 5 algorithm_1
FINISHED 5 algorithm_1 completed 2.230576
PROGRESS 121 / 160
START 6 algorithm_1
FINISHED 6 algorithm_1 completed 1.40765
PROGRESS 122 / 160
START 7 algorithm_1
FINISHED 7 algorithm_1 completed 1.266089
PROGRESS 123 / 160
START 8 algorithm_1
FINISHED 8 algorithm_1 completed 3.462555
PROGRESS 124 / 160
START 9 algorithm_1
FINISHED 9 algorithm_1 completed 2.809966
PROGRESS 125 / 160
START 0 random_block_selection
FINISHED 0 random_block_selection completed 0.917296
PROGRESS 126 / 160
START 1 random_block_selection
FINISHED 1 random_block_selection completed 3.650197
PROGRESS 127 / 160
START 2 random_block_selection
FINISHED 2 random_block_selection completed 0.831632
PROGRESS 128 / 160
START 3 random_block_selection
FINISHED 3 random_block_selection completed 1.485593
PROGRESS 129 / 160
START 4 random_block_selection
FINISHED 4 random_block_selection completed 0.925004
PROGRESS 130 / 160
START 5 random_block_selection
FINISHED 5 random_block_selection completed 2.206826
PROGRESS 131 / 160
START 6 random_block_selection
FINISHED 6 random_block_selection completed 1.412553
PROGRESS 132 / 160
START 7 random_block_selection
FINISHED 7 random_block_selection completed 1.26805
PROGRESS 133 / 160
START 8 random_block_selection
FINISHED 8 random_block_selection completed 3.451063
PROGRESS 134 / 160
START 9 random_block_selection
FINISHED 9 random_block_selection completed 2.832855
PROGRESS 135 / 160
START 0 haar_ls
FINISHED 0 haar_ls completed 0.264348
PROGRESS 136 / 160
START 1 haar_ls
FINISHED 1 haar_ls completed 0.366454
PROGRESS 137 / 160
START 2 haar_ls
FINISHED 2 haar_ls completed 0.340888
PROGRESS 138 / 160
START 3 haar_ls
FINISHED 3 haar_ls completed 0.339016
PROGRESS 139 / 160
START 4 haar_ls
FINISHED 4 haar_ls completed 0.417387
PROGRESS 140 / 160
START 5 haar_ls
FINISHED 5 haar_ls completed 0.250311
PROGRESS 141 / 160
START 6 haar_ls
FINISHED 6 haar_ls completed 0.316131
PROGRESS 142 / 160
START 7 haar_ls
FINISHED 7 haar_ls completed 0.392111
PROGRESS 143 / 160
START 8 haar_ls
FINISHED 8 haar_ls completed 0.338418
PROGRESS 144 / 160
START 9 haar_ls
FINISHED 9 haar_ls completed 0.279844
PROGRESS 145 / 160
START 0 haar_max
FINISHED 0 haar_max completed 0.279841
PROGRESS 146 / 160
START 1 haar_max
FINISHED 1 haar_max completed 0.378994
PROGRESS 147 / 160
START 2 haar_max
FINISHED 2 haar_max completed 0.338968
PROGRESS 148 / 160
START 3 haar_max
FINISHED 3 haar_max completed 0.353281
PROGRESS 149 / 160
START 4 haar_max
FINISHED 4 haar_max completed 0.429911
PROGRESS 150 / 160
START 5 haar_max
FINISHED 5 haar_max completed 0.254648
PROGRESS 151 / 160
START 6 haar_max
FINISHED 6 haar_max completed 0.342022
PROGRESS 152 / 160
START 7 haar_max
FINISHED 7 haar_max completed 0.400323
PROGRESS 153 / 160
START 8 haar_max
FINISHED 8 haar_max completed 0.352264
PROGRESS 154 / 160
START 9 haar_max
FINISHED 9 haar_max completed 0.290371
PROGRESS 155 / 160
START 5 cfb
FINISHED 5 cfb completed 170.888231
PROGRESS 156 / 160
START 6 cfb
